###############################################################################
#
# IAR ELF Linker V8.30.1.114/W32 for ARM                  16/Sep/2019  13:58:16
# Copyright 2007-2018 IAR Systems AB.
#
#    Output file  =  
#        C:\03-githubFiles\HC32F460_FreeRTOS\HC32F460Temp_FreeRTOS\Debug\Exe\HC32F460_Temp_IAR.out
#    Map file     =  
#        C:\03-githubFiles\HC32F460_FreeRTOS\HC32F460Temp_FreeRTOS\Debug\List\HC32F460_Temp_IAR.map
#    Command line =  
#        -f C:\Users\User\AppData\Local\Temp\EWD077.tmp
#        (C:\03-githubFiles\HC32F460_FreeRTOS\HC32F460Temp_FreeRTOS\Debug\Obj\cmsis_os.o
#        C:\03-githubFiles\HC32F460_FreeRTOS\HC32F460Temp_FreeRTOS\Debug\Obj\croutine.o
#        C:\03-githubFiles\HC32F460_FreeRTOS\HC32F460Temp_FreeRTOS\Debug\Obj\data_sound_441_i2s.o
#        C:\03-githubFiles\HC32F460_FreeRTOS\HC32F460Temp_FreeRTOS\Debug\Obj\data_sound_8k_i2s.o
#        C:\03-githubFiles\HC32F460_FreeRTOS\HC32F460Temp_FreeRTOS\Debug\Obj\diskio.o
#        C:\03-githubFiles\HC32F460_FreeRTOS\HC32F460Temp_FreeRTOS\Debug\Obj\event_groups.o
#        C:\03-githubFiles\HC32F460_FreeRTOS\HC32F460Temp_FreeRTOS\Debug\Obj\fattime.o
#        C:\03-githubFiles\HC32F460_FreeRTOS\HC32F460Temp_FreeRTOS\Debug\Obj\ff.o
#        C:\03-githubFiles\HC32F460_FreeRTOS\HC32F460Temp_FreeRTOS\Debug\Obj\hc32f46x_adc.o
#        C:\03-githubFiles\HC32F460_FreeRTOS\HC32F460Temp_FreeRTOS\Debug\Obj\hc32f46x_aes.o
#        C:\03-githubFiles\HC32F460_FreeRTOS\HC32F460Temp_FreeRTOS\Debug\Obj\hc32f46x_can.o
#        C:\03-githubFiles\HC32F460_FreeRTOS\HC32F460Temp_FreeRTOS\Debug\Obj\hc32f46x_clk.o
#        C:\03-githubFiles\HC32F460_FreeRTOS\HC32F460Temp_FreeRTOS\Debug\Obj\hc32f46x_cmp.o
#        C:\03-githubFiles\HC32F460_FreeRTOS\HC32F460Temp_FreeRTOS\Debug\Obj\hc32f46x_dcu.o
#        C:\03-githubFiles\HC32F460_FreeRTOS\HC32F460Temp_FreeRTOS\Debug\Obj\hc32f46x_dmac.o
#        C:\03-githubFiles\HC32F460_FreeRTOS\HC32F460Temp_FreeRTOS\Debug\Obj\hc32f46x_efm.o
#        C:\03-githubFiles\HC32F460_FreeRTOS\HC32F460Temp_FreeRTOS\Debug\Obj\hc32f46x_emb.o
#        C:\03-githubFiles\HC32F460_FreeRTOS\HC32F460Temp_FreeRTOS\Debug\Obj\hc32f46x_event_port.o
#        C:\03-githubFiles\HC32F460_FreeRTOS\HC32F460Temp_FreeRTOS\Debug\Obj\hc32f46x_exint_nmi_swi.o
#        C:\03-githubFiles\HC32F460_FreeRTOS\HC32F460Temp_FreeRTOS\Debug\Obj\hc32f46x_gpio.o
#        C:\03-githubFiles\HC32F460_FreeRTOS\HC32F460Temp_FreeRTOS\Debug\Obj\hc32f46x_hash.o
#        C:\03-githubFiles\HC32F460_FreeRTOS\HC32F460Temp_FreeRTOS\Debug\Obj\hc32f46x_i2c.o
#        C:\03-githubFiles\HC32F460_FreeRTOS\HC32F460Temp_FreeRTOS\Debug\Obj\hc32f46x_i2s.o
#        C:\03-githubFiles\HC32F460_FreeRTOS\HC32F460Temp_FreeRTOS\Debug\Obj\hc32f46x_icg.o
#        C:\03-githubFiles\HC32F460_FreeRTOS\HC32F460Temp_FreeRTOS\Debug\Obj\hc32f46x_interrupts.o
#        C:\03-githubFiles\HC32F460_FreeRTOS\HC32F460Temp_FreeRTOS\Debug\Obj\hc32f46x_keyscan.o
#        C:\03-githubFiles\HC32F460_FreeRTOS\HC32F460Temp_FreeRTOS\Debug\Obj\hc32f46x_mpu.o
#        C:\03-githubFiles\HC32F460_FreeRTOS\HC32F460Temp_FreeRTOS\Debug\Obj\hc32f46x_ots.o
#        C:\03-githubFiles\HC32F460_FreeRTOS\HC32F460Temp_FreeRTOS\Debug\Obj\hc32f46x_pwc.o
#        C:\03-githubFiles\HC32F460_FreeRTOS\HC32F460Temp_FreeRTOS\Debug\Obj\hc32f46x_qspi.o
#        C:\03-githubFiles\HC32F460_FreeRTOS\HC32F460Temp_FreeRTOS\Debug\Obj\hc32f46x_rmu.o
#        C:\03-githubFiles\HC32F460_FreeRTOS\HC32F460Temp_FreeRTOS\Debug\Obj\hc32f46x_rtc.o
#        C:\03-githubFiles\HC32F460_FreeRTOS\HC32F460Temp_FreeRTOS\Debug\Obj\hc32f46x_sdioc.o
#        C:\03-githubFiles\HC32F460_FreeRTOS\HC32F460Temp_FreeRTOS\Debug\Obj\hc32f46x_spi.o
#        C:\03-githubFiles\HC32F460_FreeRTOS\HC32F460Temp_FreeRTOS\Debug\Obj\hc32f46x_sram.o
#        C:\03-githubFiles\HC32F460_FreeRTOS\HC32F460Temp_FreeRTOS\Debug\Obj\hc32f46x_swdt.o
#        C:\03-githubFiles\HC32F460_FreeRTOS\HC32F460Temp_FreeRTOS\Debug\Obj\hc32f46x_timer0.o
#        C:\03-githubFiles\HC32F460_FreeRTOS\HC32F460Temp_FreeRTOS\Debug\Obj\hc32f46x_timer4_cnt.o
#        C:\03-githubFiles\HC32F460_FreeRTOS\HC32F460Temp_FreeRTOS\Debug\Obj\hc32f46x_timer4_emb.o
#        C:\03-githubFiles\HC32F460_FreeRTOS\HC32F460Temp_FreeRTOS\Debug\Obj\hc32f46x_timer4_oco.o
#        C:\03-githubFiles\HC32F460_FreeRTOS\HC32F460Temp_FreeRTOS\Debug\Obj\hc32f46x_timer4_pwm.o
#        C:\03-githubFiles\HC32F460_FreeRTOS\HC32F460Temp_FreeRTOS\Debug\Obj\hc32f46x_timer4_sevt.o
#        C:\03-githubFiles\HC32F460_FreeRTOS\HC32F460Temp_FreeRTOS\Debug\Obj\hc32f46x_timer6.o
#        C:\03-githubFiles\HC32F460_FreeRTOS\HC32F460Temp_FreeRTOS\Debug\Obj\hc32f46x_timera.o
#        C:\03-githubFiles\HC32F460_FreeRTOS\HC32F460Temp_FreeRTOS\Debug\Obj\hc32f46x_trng.o
#        C:\03-githubFiles\HC32F460_FreeRTOS\HC32F460Temp_FreeRTOS\Debug\Obj\hc32f46x_usart.o
#        C:\03-githubFiles\HC32F460_FreeRTOS\HC32F460Temp_FreeRTOS\Debug\Obj\hc32f46x_utility.o
#        C:\03-githubFiles\HC32F460_FreeRTOS\HC32F460Temp_FreeRTOS\Debug\Obj\hc32f46x_wdt.o
#        C:\03-githubFiles\HC32F460_FreeRTOS\HC32F460Temp_FreeRTOS\Debug\Obj\heap_4.o
#        C:\03-githubFiles\HC32F460_FreeRTOS\HC32F460Temp_FreeRTOS\Debug\Obj\list.o
#        C:\03-githubFiles\HC32F460_FreeRTOS\HC32F460Temp_FreeRTOS\Debug\Obj\main.o
#        C:\03-githubFiles\HC32F460_FreeRTOS\HC32F460Temp_FreeRTOS\Debug\Obj\OLED.o
#        C:\03-githubFiles\HC32F460_FreeRTOS\HC32F460Temp_FreeRTOS\Debug\Obj\port.o
#        C:\03-githubFiles\HC32F460_FreeRTOS\HC32F460Temp_FreeRTOS\Debug\Obj\portasm.o
#        C:\03-githubFiles\HC32F460_FreeRTOS\HC32F460Temp_FreeRTOS\Debug\Obj\queue.o
#        C:\03-githubFiles\HC32F460_FreeRTOS\HC32F460Temp_FreeRTOS\Debug\Obj\sd_card.o
#        C:\03-githubFiles\HC32F460_FreeRTOS\HC32F460Temp_FreeRTOS\Debug\Obj\sdmmc_cmd.o
#        C:\03-githubFiles\HC32F460_FreeRTOS\HC32F460Temp_FreeRTOS\Debug\Obj\startup_hc32f46x.o
#        C:\03-githubFiles\HC32F460_FreeRTOS\HC32F460Temp_FreeRTOS\Debug\Obj\System_Clk.o
#        C:\03-githubFiles\HC32F460_FreeRTOS\HC32F460Temp_FreeRTOS\Debug\Obj\system_hc32f46x.o
#        C:\03-githubFiles\HC32F460_FreeRTOS\HC32F460Temp_FreeRTOS\Debug\Obj\tasks.o
#        C:\03-githubFiles\HC32F460_FreeRTOS\HC32F460Temp_FreeRTOS\Debug\Obj\timers.o
#        C:\03-githubFiles\HC32F460_FreeRTOS\HC32F460Temp_FreeRTOS\Debug\Obj\usb_bsp_template.o
#        C:\03-githubFiles\HC32F460_FreeRTOS\HC32F460Temp_FreeRTOS\Debug\Obj\usb_core.o
#        C:\03-githubFiles\HC32F460_FreeRTOS\HC32F460Temp_FreeRTOS\Debug\Obj\usb_dcd.o
#        C:\03-githubFiles\HC32F460_FreeRTOS\HC32F460Temp_FreeRTOS\Debug\Obj\usb_dcd_int.o
#        C:\03-githubFiles\HC32F460_FreeRTOS\HC32F460Temp_FreeRTOS\Debug\Obj\usb_otg.o
#        C:\03-githubFiles\HC32F460_FreeRTOS\HC32F460Temp_FreeRTOS\Debug\Obj\usbd_core.o
#        C:\03-githubFiles\HC32F460_FreeRTOS\HC32F460Temp_FreeRTOS\Debug\Obj\usbd_desc.o
#        C:\03-githubFiles\HC32F460_FreeRTOS\HC32F460Temp_FreeRTOS\Debug\Obj\usbd_hid_core.o
#        C:\03-githubFiles\HC32F460_FreeRTOS\HC32F460Temp_FreeRTOS\Debug\Obj\usbd_ioreq.o
#        C:\03-githubFiles\HC32F460_FreeRTOS\HC32F460Temp_FreeRTOS\Debug\Obj\usbd_req.o
#        C:\03-githubFiles\HC32F460_FreeRTOS\HC32F460Temp_FreeRTOS\Debug\Obj\usbd_urs.o
#        C:\03-githubFiles\HC32F460_FreeRTOS\HC32F460Temp_FreeRTOS\Debug\Obj\User_ADC.o
#        C:\03-githubFiles\HC32F460_FreeRTOS\HC32F460Temp_FreeRTOS\Debug\Obj\User_CAN.o
#        C:\03-githubFiles\HC32F460_FreeRTOS\HC32F460Temp_FreeRTOS\Debug\Obj\User_Crypto.o
#        C:\03-githubFiles\HC32F460_FreeRTOS\HC32F460Temp_FreeRTOS\Debug\Obj\User_DCU.o
#        C:\03-githubFiles\HC32F460_FreeRTOS\HC32F460Temp_FreeRTOS\Debug\Obj\User_DMA.o
#        C:\03-githubFiles\HC32F460_FreeRTOS\HC32F460Temp_FreeRTOS\Debug\Obj\User_Gpio.o
#        C:\03-githubFiles\HC32F460_FreeRTOS\HC32F460Temp_FreeRTOS\Debug\Obj\User_I2C.o
#        C:\03-githubFiles\HC32F460_FreeRTOS\HC32F460Temp_FreeRTOS\Debug\Obj\User_I2S.o
#        C:\03-githubFiles\HC32F460_FreeRTOS\HC32F460Temp_FreeRTOS\Debug\Obj\User_OTS.o
#        C:\03-githubFiles\HC32F460_FreeRTOS\HC32F460Temp_FreeRTOS\Debug\Obj\User_PWC.o
#        C:\03-githubFiles\HC32F460_FreeRTOS\HC32F460Temp_FreeRTOS\Debug\Obj\User_QSPI.o
#        C:\03-githubFiles\HC32F460_FreeRTOS\HC32F460Temp_FreeRTOS\Debug\Obj\User_RTC.o
#        C:\03-githubFiles\HC32F460_FreeRTOS\HC32F460Temp_FreeRTOS\Debug\Obj\User_SDIO.o
#        C:\03-githubFiles\HC32F460_FreeRTOS\HC32F460Temp_FreeRTOS\Debug\Obj\User_SPI.o
#        C:\03-githubFiles\HC32F460_FreeRTOS\HC32F460Temp_FreeRTOS\Debug\Obj\User_Task.o
#        C:\03-githubFiles\HC32F460_FreeRTOS\HC32F460Temp_FreeRTOS\Debug\Obj\User_Timer.o
#        C:\03-githubFiles\HC32F460_FreeRTOS\HC32F460Temp_FreeRTOS\Debug\Obj\User_Timer4.o
#        C:\03-githubFiles\HC32F460_FreeRTOS\HC32F460Temp_FreeRTOS\Debug\Obj\User_Timer6.o
#        C:\03-githubFiles\HC32F460_FreeRTOS\HC32F460Temp_FreeRTOS\Debug\Obj\User_TimerA.o
#        C:\03-githubFiles\HC32F460_FreeRTOS\HC32F460Temp_FreeRTOS\Debug\Obj\User_TRNG.o
#        C:\03-githubFiles\HC32F460_FreeRTOS\HC32F460Temp_FreeRTOS\Debug\Obj\User_Uart.o
#        C:\03-githubFiles\HC32F460_FreeRTOS\HC32F460Temp_FreeRTOS\Debug\Obj\wm8731.o
#        --no_out_extension -o
#        C:\03-githubFiles\HC32F460_FreeRTOS\HC32F460Temp_FreeRTOS\Debug\Exe\HC32F460_Temp_IAR.out
#        --redirect _Printf=_PrintfFull --redirect _Scanf=_ScanfFull --map
#        C:\03-githubFiles\HC32F460_FreeRTOS\HC32F460Temp_FreeRTOS\Debug\List\HC32F460_Temp_IAR.map
#        --config
#        C:\03-githubFiles\HC32F460_FreeRTOS\HC32F460Temp_FreeRTOS\HC32F46x.icf
#        --semihosting --entry __iar_program_start --vfe --text_out locale)
#
###############################################################################

*******************************************************************************
*** RUNTIME MODEL ATTRIBUTES
***

CppFlavor       = *
__SystemLibrary = DLib
__dlib_version  = 6


*******************************************************************************
*** HEAP SELECTION
***

The basic heap was selected because no calls to memory allocation
functions were found in the application outside of system library
functions, and there are calls to deallocation functions in the
application.


*******************************************************************************
*** PLACEMENT SUMMARY
***

"A0":  place at 0x0 { ro section .intvec };
"P1":  place in [from 0x0 to 0x7'ffff] { ro };
define block CSTACK with size = 1K, alignment = 8 { };
define block HEAP with size = 1K, alignment = 8 { };
"P2":  place in [from 0x1fff'8000 to 0x1fff'ffff] |
                [from 0x2000'0000 to 0x2000'ffff repeat 2] |
                [from 0x2002'0000 to 0x2002'6fff] |
                [from 0x200f'0000 to 0x200f'0fff] {
          rw, block CSTACK, block HEAP };
initialize by copy { rw };

  Section            Kind         Address    Size  Object
  -------            ----         -------    ----  ------
"A0":                                       0x280
  .intvec            ro code          0x0   0x280  startup_hc32f46x.o [1]
                                  - 0x280   0x280

"P1", part 1 of 2:                            0x0
  .rodata            const          0x280     0x0  zero_init3.o [4]
  .rodata            const          0x280     0x0  packbits_init.o [4]

Absolute sections:                           0x20
  .rodata            const          0x400    0x20  hc32f46x_icg.o [1]
                                  - 0x420    0x20

"P1", part 2 of 2:                         0xc5a1
  .text              ro code        0x420  0x252c  hc32f46x_interrupts.o [1]
  .text              ro code       0x294c    0xb4  hc32f46x_exint_nmi_swi.o [1]
  .text              ro code       0x2a00    0x10  cmsis_os.o [1]
  .text              ro code       0x2a10     0x2  User_PWC.o [1]
  .text              ro code       0x2a12    0x3a  zero_init3.o [4]
  .text              ro code       0x2a4c   0x6c8  tasks.o [1]
  .text              ro code       0x3114   0x204  port.o [1]
  .text              ro code       0x3318   0x260  heap_4.o [1]
  .text              ro code       0x3578    0x98  list.o [1]
  CODE               ro code       0x3610    0xb0  portasm.o [1]
  .text              ro code       0x36c0  0x11ee  ff.o [1]
  .text              ro code       0x48ae    0x94  diskio.o [1]
  .text              ro code       0x4942     0x4  fattime.o [1]
  .text              ro code       0x4946    0x1e  xencoding_8859_1.o [2]
  .text              ro code       0x4964    0xbc  User_SDIO.o [1]
  .text              ro code       0x4a20   0x610  hc32f46x_gpio.o [1]
  .text              ro code       0x5030   0xa70  sd_card.o [1]
  .text              ro code       0x5aa0   0xb4c  sdmmc_cmd.o [1]
  .text              ro code       0x65ec   0x968  hc32f46x_sdioc.o [1]
  .text              ro code       0x6f54   0x118  hc32f46x_pwc.o [1]
  .text              ro code       0x706c   0x848  hc32f46x_dmac.o [1]
  .text              ro code       0x78b4    0x66  ABImemset.o [4]
  .rodata            const         0x791a     0x2  hc32f46x_sdioc.o [1]
  .text              ro code       0x791c   0xf7a  xprintffull.o [2]
  .text              ro code       0x8898    0x78  xlocale_c.o [2]
  .text              ro code       0x8910    0x16  strchr.o [4]
  .text              ro code       0x8928    0x40  xfail_s.o [2]
  .text              ro code       0x8968    0x36  strlen.o [4]
  .text              ro code       0x89a0    0x58  memchr.o [4]
  .text              ro code       0x89f8     0xa  xmbcurmax.o [2]
  .text              ro code       0x8a04    0xa6  ABImemcpy.o [4]
  .text              ro code       0x8aac   0x230  I64DivMod.o [4]
  .text              ro code       0x8cdc   0x1a2  DblMul.o [3]
  .text              ro code       0x8e80    0x70  frexp.o [3]
  .text              ro code       0x8ef0    0x2e  DblCmpLe.o [3]
  .text              ro code       0x8f20    0x2e  DblCmpGe.o [3]
  .text              ro code       0x8f50   0x13a  ldexp.o [3]
  .text              ro code       0x908c    0x3a  DblToS32.o [3]
  .text              ro code       0x90c8    0x22  S32ToDbl.o [3]
  .text              ro code       0x90ec    0xe2  DblSub.o [3]
  .text              ro code       0x91d0   0x246  DblDiv.o [3]
  .text              ro code       0x9418    0x28  DblToU32.o [3]
  .text              ro code       0x9440    0x1a  U32ToDbl.o [3]
  .text              ro code       0x945a     0x6  abort.o [2]
  .text              ro code       0x9460     0x2  I64DivZer.o [4]
  .text              ro code       0x9464   0x16a  DblAdd.o [3]
  .text              ro code       0x95d0    0x14  exit.o [5]
  .text              ro code       0x95e4   0x9f4  hc32f46x_clk.o [1]
  .text              ro code       0x9fd8    0xc8  system_hc32f46x.o [1]
  .rodata            const         0xa0a0   0x5f0  OLED.o [1]
  .text              ro code       0xa690   0x4de  OLED.o [1]
  .text              ro code       0xab70   0x40c  hc32f46x_i2c.o [1]
  .text              ro code       0xaf7c   0x250  hc32f46x_utility.o [1]
  .text              ro code       0xb1cc   0x2ec  hc32f46x_dcu.o [1]
  .text              ro code       0xb4b8   0x26c  hc32f46x_timer0.o [1]
  .text              ro code       0xb724   0x240  hc32f46x_adc.o [1]
  .text              ro code       0xb964   0x230  hc32f46x_ots.o [1]
  .text              ro code       0xbb94   0x1ec  User_Gpio.o [1]
  .text              ro code       0xbd80   0x164  System_Clk.o [1]
  .text              ro code       0xbee4    0xac  hc32f46x_efm.o [1]
  .text              ro code       0xbf90    0x30  hc32f46x_sram.o [1]
  .text              ro code       0xbfc0   0x158  User_Task.o [1]
  .text              ro code       0xc118    0x78  User_OTS.o [1]
  .text              ro code       0xc190    0x28  printf.o [2]
  .text              ro code       0xc1b8    0xac  User_DCU.o [1]
  .text              ro code       0xc264   0x110  User_ADC.o [1]
  .text              ro code       0xc374   0x128  User_DMA.o [1]
  .text              ro code       0xc49c    0x48  FltToDbl.o [3]
  .text              ro code       0xc4e4    0xb8  main.o [1]
  .text              ro code       0xc59c    0xb8  User_Timer.o [1]
  .text              ro code       0xc654    0x9c  packbits_init.o [4]
  .rodata            const         0xc6f0    0x80  ff.o [1]
  .text              ro code       0xc770    0x44  startup_hc32f46x.o [1]
  .text              ro code       0xc7b4    0x28  data_init.o [4]
  .text              ro code       0xc7dc    0x22  fpinit_M.o [3]
  .iar.init_table    const         0xc800    0x2c  - Linker created -
  .text              ro code       0xc82c    0x1e  cmain.o [4]
  .text              ro code       0xc84a     0x4  low_level_init.o [2]
  .text              ro code       0xc84e     0x4  exit.o [2]
  .text              ro code       0xc854     0xa  cexit.o [4]
  .rodata            const         0xc860    0x18  User_OTS.o [1]
  .text              ro code       0xc878    0x16  xprout.o [2]
  .text              ro code       0xc890     0xc  putchar.o [2]
  .rodata            const         0xc89c    0x14  User_Task.o [1]
  .rodata            const         0xc8b0    0x10  User_Task.o [1]
  .rodata            const         0xc8c0     0xc  ff.o [1]
  .rodata            const         0xc8cc     0xc  User_Task.o [1]
  .rodata            const         0xc8d8     0xc  User_Task.o [1]
  .text              ro code       0xc8e4     0xc  cstartup_M.o [4]
  .rodata            const         0xc8f0     0x8  tasks.o [1]
  .rodata            const         0xc8f8     0x8  User_Task.o [1]
  .rodata            const         0xc900     0x8  User_Task.o [1]
  .rodata            const         0xc908     0x6  xlocale_c.o [2]
  .rodata            const         0xc910     0x4  heap_4.o [1]
  .text              ro code       0xc914     0x4  startup_hc32f46x.o [1]
  .text              ro code       0xc918     0x4  startup_hc32f46x.o [1]
  .text              ro code       0xc91c     0x4  startup_hc32f46x.o [1]
  Initializer bytes  const         0xc920    0xa1  <for P2 s0>
                                 - 0xc9c1  0xc5a1

"P2", part 1 of 3:                          0x164
  P2 s0                       0x1fff'8000   0x164  <Init block>
    .data            inited   0x1fff'8000    0x74  User_SDIO.o [1]
    .data            inited   0x1fff'8074    0x48  xlocale_c.o [2]
    .data            inited   0x1fff'80bc    0x48  xfiles.o [2]
    .data            inited   0x1fff'8104    0x38  xlocale_c.o [2]
    .data            inited   0x1fff'813c    0x10  User_SDIO.o [1]
    .data            inited   0x1fff'814c     0x8  hc32f46x_i2c.o [1]
    .data            inited   0x1fff'8154     0x8  User_SDIO.o [1]
    .data            inited   0x1fff'815c     0x4  port.o [1]
    .data            inited   0x1fff'8160     0x4  system_hc32f46x.o [1]
                            - 0x1fff'8164   0x164

"P2", part 2 of 3:                         0x451c
  .bss               zero     0x1fff'8164  0x3c00  heap_4.o [1]
  .bss               zero     0x1fff'bd64   0x230  User_Task.o [1]
  .bss               zero     0x1fff'bf94   0x224  User_Task.o [1]
  .bss               zero     0x1fff'c1b8   0x200  hc32f46x_interrupts.o [1]
  .bss               zero     0x1fff'c3b8    0x8c  tasks.o [1]
  .bss               zero     0x1fff'c444    0x88  hc32f46x_sdioc.o [1]
  .bss               zero     0x1fff'c4cc    0x54  User_Task.o [1]
  .bss               zero     0x1fff'c520    0x50  xfiles.o [2]
  .bss               zero     0x1fff'c570    0x20  main.o [1]
  .bss               zero     0x1fff'c590    0x14  tasks.o [1]
  .bss               zero     0x1fff'c5a4    0x14  tasks.o [1]
  .bss               zero     0x1fff'c5b8    0x14  tasks.o [1]
  .bss               zero     0x1fff'c5cc    0x14  tasks.o [1]
  .bss               zero     0x1fff'c5e0    0x14  tasks.o [1]
  .bss               zero     0x1fff'c5f4     0x8  ff.o [1]
  .bss               zero     0x1fff'c5fc     0x8  heap_4.o [1]
  .bss               zero     0x1fff'c604     0x4  hc32f46x_exint_nmi_swi.o [1]
  .bss               zero     0x1fff'c608     0x4  hc32f46x_ots.o [1]
  .bss               zero     0x1fff'c60c     0x4  hc32f46x_ots.o [1]
  .bss               zero     0x1fff'c610     0x4  heap_4.o [1]
  .bss               zero     0x1fff'c614     0x4  heap_4.o [1]
  .bss               zero     0x1fff'c618     0x4  heap_4.o [1]
  .bss               zero     0x1fff'c61c     0x4  heap_4.o [1]
  .bss               zero     0x1fff'c620     0x4  port.o [1]
  .bss               zero     0x1fff'c624     0x4  tasks.o [1]
  .bss               zero     0x1fff'c628     0x4  tasks.o [1]
  .bss               zero     0x1fff'c62c     0x4  tasks.o [1]
  .bss               zero     0x1fff'c630     0x4  tasks.o [1]
  .bss               zero     0x1fff'c634     0x4  tasks.o [1]
  .bss               zero     0x1fff'c638     0x4  tasks.o [1]
  .bss               zero     0x1fff'c63c     0x4  tasks.o [1]
  .bss               zero     0x1fff'c640     0x4  tasks.o [1]
  .bss               zero     0x1fff'c644     0x4  tasks.o [1]
  .bss               zero     0x1fff'c648     0x4  tasks.o [1]
  .bss               zero     0x1fff'c64c     0x4  tasks.o [1]
  .bss               zero     0x1fff'c650     0x4  tasks.o [1]
  .bss               zero     0x1fff'c654     0x4  tasks.o [1]
  .bss               zero     0x1fff'c658     0x4  tasks.o [1]
  .bss               zero     0x1fff'c65c     0x4  tasks.o [1]
  .bss               zero     0x1fff'c660     0x4  User_OTS.o [1]
  .bss               zero     0x1fff'c664     0x4  User_Task.o [1]
  .bss               zero     0x1fff'c668     0x4  User_Task.o [1]
  .bss               zero     0x1fff'c66c     0x4  xfail_s.o [2]
  .bss               zero     0x1fff'c670     0x2  ff.o [1]
  .bss               zero     0x1fff'c672     0x2  User_ADC.o [1]
  .bss               zero     0x1fff'c674     0x2  User_DMA.o [1]
  .bss               zero     0x1fff'c676     0x1  hc32f46x_dmac.o [1]
  .bss               zero     0x1fff'c677     0x1  hc32f46x_ots.o [1]
  .bss               zero     0x1fff'c678     0x1  port.o [1]
  .bss               zero     0x1fff'c679     0x1  User_DCU.o [1]
  .bss               zero     0x1fff'c67a     0x1  User_Gpio.o [1]
  .bss               zero     0x1fff'c67b     0x1  User_Gpio.o [1]
  .bss               zero     0x1fff'c67c     0x1  User_Gpio.o [1]
  .bss               zero     0x1fff'c67d     0x1  User_Task.o [1]
                            - 0x1fff'c67e  0x451a

"P2", part 3 of 3:                          0x400
  CSTACK                      0x1fff'c680   0x400  <Block>
    CSTACK           uninit   0x1fff'c680   0x400  <Block tail>
                            - 0x1fff'ca80   0x400

Unused ranges:

         From           To      Size
         ----           --      ----
        0x280        0x3ff     0x180
       0xc9c1     0x7'ffff  0x7'363f
  0x1fff'ca80  0x1fff'ffff    0x3580
  0x2000'0000  0x2000'ffff  0x1'0000
  0x2001'0000  0x2001'ffff  0x1'0000
  0x2002'0000  0x2002'6fff    0x7000
  0x200f'0000  0x200f'0fff    0x1000


*******************************************************************************
*** INIT TABLE
***

          Address      Size
          -------      ----
Zero (__iar_zero_init3)
    1 destination range, total size 0x451a:
          0x1fff'8164  0x451a

Copy/packbits (__iar_packbits_init3)
    1 source range, total size 0xa1 (45% of destination):
               0xc920    0xa1
    1 destination range, total size 0x164:
          0x1fff'8000   0x164



*******************************************************************************
*** MODULE SUMMARY
***

    Module                    ro code  ro data  rw data  ro data
                                                          (abs)
    ------                    -------  -------  -------  -------
command line/config:
    ------------------------------------------------------------
    Total:

C:\03-githubFiles\HC32F460_FreeRTOS\HC32F460Temp_FreeRTOS\Debug\Obj: [1]
    OLED.o                      1 246    1 520
    System_Clk.o                  356
    User_ADC.o                    272                 2
    User_DCU.o                    172                 1
    User_DMA.o                    296                 2
    User_Gpio.o                   492                 3
    User_OTS.o                    120       24        4
    User_PWC.o                      2
    User_SDIO.o                   188       64      140
    User_Task.o                   344       76    1 201
    User_Timer.o                  184
    cmsis_os.o                     16
    diskio.o                      148
    fattime.o                       4
    ff.o                        4 590      140       10
    hc32f46x_adc.o                576
    hc32f46x_clk.o              2 548
    hc32f46x_dcu.o                748
    hc32f46x_dmac.o             2 120                 1
    hc32f46x_efm.o                172
    hc32f46x_exint_nmi_swi.o      180                 4
    hc32f46x_gpio.o             1 552
    hc32f46x_i2c.o              1 036        3        8
    hc32f46x_icg.o                                            32
    hc32f46x_interrupts.o       9 516               512
    hc32f46x_ots.o                560                 9
    hc32f46x_pwc.o                280
    hc32f46x_sdioc.o            2 408        2      136
    hc32f46x_sram.o                48
    hc32f46x_timer0.o             620
    hc32f46x_utility.o            592
    heap_4.o                      608        4   15 384
    list.o                        152
    main.o                        184                32
    port.o                        516        2        9
    portasm.o                     176
    sd_card.o                   2 672
    sdmmc_cmd.o                 2 892
    startup_hc32f46x.o            720
    system_hc32f46x.o             200        2        4
    tasks.o                     1 736        8      300
    ------------------------------------------------------------
    Total:                     41 242    1 845   17 762       32

dl7M_tlf.a: [2]
    abort.o                         6
    exit.o                          4
    low_level_init.o                4
    printf.o                       40
    putchar.o                      12
    xencoding_8859_1.o             30
    xfail_s.o                      64                 4
    xfiles.o                                32      152
    xlocale_c.o                   120       64      128
    xmbcurmax.o                    10
    xprintffull.o               3 962
    xprout.o                       22
    ------------------------------------------------------------
    Total:                      4 274       96      284

m7M_tls.a: [3]
    DblAdd.o                      362
    DblCmpGe.o                     46
    DblCmpLe.o                     46
    DblDiv.o                      582
    DblMul.o                      418
    DblSub.o                      226
    DblToS32.o                     58
    DblToU32.o                     40
    FltToDbl.o                     72
    S32ToDbl.o                     34
    U32ToDbl.o                     26
    fpinit_M.o                     34
    frexp.o                       112
    ldexp.o                       314
    ------------------------------------------------------------
    Total:                      2 370

rt7M_tl.a: [4]
    ABImemcpy.o                   166
    ABImemset.o                   102
    I64DivMod.o                   560
    I64DivZer.o                     2
    cexit.o                        10
    cmain.o                        30
    cstartup_M.o                   12
    data_init.o                    40
    memchr.o                       88
    packbits_init.o               156
    strchr.o                       22
    strlen.o                       54
    zero_init3.o                   58
    ------------------------------------------------------------
    Total:                      1 300

shb_l.a: [5]
    exit.o                         20
    ------------------------------------------------------------
    Total:                         20

    Gaps                           36        6
    Linker created                          44    1 024
----------------------------------------------------------------
    Grand Total:               49 242    1 991   19 070       32


*******************************************************************************
*** ENTRY LIST
***

Entry                       Address    Size  Type      Object
-----                       -------    ----  ----      ------
.iar.init_table$$Base        0xc800           --   Gb  - Linker created -
.iar.init_table$$Limit       0xc82c           --   Gb  - Linker created -
?main                        0xc82d          Code  Gb  cmain.o [4]
ADC1_AIN10_Data         0x1fff'c672     0x2  Data  Gb  User_ADC.o [1]
ADC1_Start_convert           0xc27d     0x8  Code  Gb  User_ADC.o [1]
ADC_AddAdcChannel            0xb801    0xa2  Code  Gb  hc32f46x_adc.o [1]
ADC_AddPgaChannel            0xb937    0x10  Code  Gb  hc32f46x_adc.o [1]
ADC_ConfigPga                0xb8a3    0x56  Code  Gb  hc32f46x_adc.o [1]
ADC_EOCA_CallBack            0xc273     0xa  Code  Gb  User_ADC.o [1]
ADC_Init                     0xb725    0xdc  Code  Gb  hc32f46x_adc.o [1]
ADC_PgaCmd                   0xb8f9    0x3e  Code  Gb  hc32f46x_adc.o [1]
BusFault_Handler              0x4bf     0x8  Code  Gb  hc32f46x_interrupts.o [1]
CLK_GetClockFreq             0x9cc3   0x108  Code  Gb  hc32f46x_clk.o [1]
CLK_GetFlagStatus            0x9f21    0x80  Code  Gb  hc32f46x_clk.o [1]
CLK_HrcCmd                   0x9763    0xae  Code  Gb  hc32f46x_clk.o [1]
CLK_LrcCmd                   0x9811    0x76  Code  Gb  hc32f46x_clk.o [1]
CLK_MpllCmd                  0x99c5    0x82  Code  Gb  hc32f46x_clk.o [1]
CLK_MpllConfig               0x98bf   0x106  Code  Gb  hc32f46x_clk.o [1]
CLK_SetPeriClkSource         0x9eb9    0x3a  Code  Gb  hc32f46x_clk.o [1]
CLK_SetPllSource             0x9887    0x38  Code  Gb  hc32f46x_clk.o [1]
CLK_SetSysClkSource          0x9abd    0xca  Code  Gb  hc32f46x_clk.o [1]
CLK_SetUsbClkSource          0x9de1    0xd6  Code  Gb  hc32f46x_clk.o [1]
CLK_SysClkConfig             0x9b87   0x13c  Code  Gb  hc32f46x_clk.o [1]
CLK_UpllCmd                  0x9a47    0x76  Code  Gb  hc32f46x_clk.o [1]
CLK_Xtal32Cmd                0x96ed    0x76  Code  Gb  hc32f46x_clk.o [1]
CLK_Xtal32Config             0x96ad    0x40  Code  Gb  hc32f46x_clk.o [1]
CLK_XtalCmd                  0x95e5    0xc8  Code  Gb  hc32f46x_clk.o [1]
CSTACK$$Base            0x1fff'c680           --   Gb  - Linker created -
CSTACK$$Limit           0x1fff'ca80           --   Gb  - Linker created -
CacheMore                    0x889d    0x24  Code  Lc  xlocale_c.o [2]
Clkdata                 0x1fff'c570    0x20  Data  Gb  main.o [1]
DCU1_INT_Callback            0xc1d5     0x8  Code  Lc  User_DCU.o [1]
DCU_Init                     0xb1cd    0xfe  Code  Gb  hc32f46x_dcu.o [1]
DCU_SetTriggerSrc            0xb2d9   0x192  Code  Gb  hc32f46x_dcu.o [1]
DCU_TRGSELx                  0xb46b    0x2e  Code  Lc  hc32f46x_dcu.o [1]
DMA1_CH0_Callback            0xc397    0x1a  Code  Gb  User_DMA.o [1]
DMA_ChannelCfg               0x73b5   0x2c2  Code  Gb  hc32f46x_dmac.o [1]
DMA_ChannelCmd               0x7191   0x1c8  Code  Gb  hc32f46x_dmac.o [1]
DMA_ClearIrqFlag             0x70a9    0xe8  Code  Gb  hc32f46x_dmac.o [1]
DMA_Cmd                      0x706d    0x3c  Code  Gb  hc32f46x_dmac.o [1]
DMA_InitChannel              0x7679   0x22c  Code  Gb  hc32f46x_dmac.o [1]
DMA_SetTriggerSrc            0x7369    0x46  Code  Gb  hc32f46x_dmac.o [1]
Dcu1_result             0x1fff'c674     0x2  Data  Gb  User_DMA.o [1]
Ddl_Delay1ms                 0xb165    0x2e  Code  Gb  hc32f46x_utility.o [1]
Ddl_UartInit                 0xb0e9    0x7c  Code  Gb  hc32f46x_utility.o [1]
DebugMon_Handler              0x4cf     0x8  Code  Gb  hc32f46x_interrupts.o [1]
DebugOutput                  0xaf7d    0x14  Code  Gb  hc32f46x_utility.o [1]
DmaChEnState            0x1fff'c676     0x1  Data  Lc  hc32f46x_dmac.o [1]
DmaSdiocRxConfiguration
                             0x59b7    0xd4  Code  Lc  sd_card.o [1]
DmaSdiocTxConfiguration
                             0x58e3    0xd4  Code  Lc  sd_card.o [1]
EFM_InstructionCacheCmd
                             0xbf61    0x28  Code  Gb  hc32f46x_efm.o [1]
EFM_Lock                     0xbef7    0x14  Code  Gb  hc32f46x_efm.o [1]
EFM_SetLatency               0xbf0b    0x56  Code  Gb  hc32f46x_efm.o [1]
EFM_Unlock                   0xbee5    0x12  Code  Gb  hc32f46x_efm.o [1]
EXINT_Init                   0x294d    0x92  Code  Gb  hc32f46x_exint_nmi_swi.o [1]
F8X16                        0xa0a0   0x5f0  Data  Gb  OLED.o [1]
FS_SD_ReadBlocks             0x49e7    0x18  Code  Gb  User_SDIO.o [1]
FS_SD_WriteBlocks            0x49ff    0x18  Code  Gb  User_SDIO.o [1]
FatFs                   0x1fff'c5f4     0x8  Data  Lc  ff.o [1]
FatFs                   0x1fff'bd64   0x230  Data  Gb  User_Task.o [1]
Fsid                    0x1fff'c670     0x2  Data  Lc  ff.o [1]
GetFreqReg                   0xab71    0x36  Code  Lc  hc32f46x_i2c.o [1]
Get_ADC1_Data                0xc265     0x8  Code  Gb  User_ADC.o [1]
Get_DCU1_Result              0xc391     0x6  Code  Gb  User_DMA.o [1]
HardFault_Handler             0x4af     0x8  Code  Gb  hc32f46x_interrupts.o [1]
Hd_Task_ADC             0x1fff'c668     0x4  Data  Gb  User_Task.o [1]
Hd_Task_LED             0x1fff'c664     0x4  Data  Gb  User_Task.o [1]
I2C_BaudrateConfig           0xaba9   0x104  Code  Gb  hc32f46x_i2c.o [1]
I2C_ClearStatus              0xaf3d    0x26  Code  Gb  hc32f46x_i2c.o [1]
I2C_Cmd                      0xad7b    0x44  Code  Gb  hc32f46x_i2c.o [1]
I2C_DeInit                   0xacad    0x34  Code  Gb  hc32f46x_i2c.o [1]
I2C_GenerateReStart          0xae0f    0x3e  Code  Gb  hc32f46x_i2c.o [1]
I2C_GenerateStart            0xadd1    0x3e  Code  Gb  hc32f46x_i2c.o [1]
I2C_GenerateStop             0xae4d    0x3e  Code  Gb  hc32f46x_i2c.o [1]
I2C_GetStatus                0xaeab    0x92  Code  Gb  hc32f46x_i2c.o [1]
I2C_Init                     0xace1    0x9a  Code  Gb  hc32f46x_i2c.o [1]
I2C_SendData                 0xae8b    0x20  Code  Gb  hc32f46x_i2c.o [1]
IRQ000_Handler                0x4df    0x12  Code  Gb  hc32f46x_interrupts.o [1]
IRQ001_Handler                0x4f1    0x12  Code  Gb  hc32f46x_interrupts.o [1]
IRQ002_Handler                0x503    0x12  Code  Gb  hc32f46x_interrupts.o [1]
IRQ003_Handler                0x515    0x12  Code  Gb  hc32f46x_interrupts.o [1]
IRQ004_Handler                0x527    0x12  Code  Gb  hc32f46x_interrupts.o [1]
IRQ005_Handler                0x539    0x12  Code  Gb  hc32f46x_interrupts.o [1]
IRQ006_Handler                0x54b    0x12  Code  Gb  hc32f46x_interrupts.o [1]
IRQ007_Handler                0x55d    0x12  Code  Gb  hc32f46x_interrupts.o [1]
IRQ008_Handler                0x56f    0x12  Code  Gb  hc32f46x_interrupts.o [1]
IRQ009_Handler                0x581    0x12  Code  Gb  hc32f46x_interrupts.o [1]
IRQ010_Handler                0x593    0x12  Code  Gb  hc32f46x_interrupts.o [1]
IRQ011_Handler                0x5a5    0x12  Code  Gb  hc32f46x_interrupts.o [1]
IRQ012_Handler                0x5b7    0x12  Code  Gb  hc32f46x_interrupts.o [1]
IRQ013_Handler                0x5c9    0x12  Code  Gb  hc32f46x_interrupts.o [1]
IRQ014_Handler                0x5db    0x12  Code  Gb  hc32f46x_interrupts.o [1]
IRQ015_Handler                0x5ed    0x12  Code  Gb  hc32f46x_interrupts.o [1]
IRQ016_Handler                0x5ff    0x12  Code  Gb  hc32f46x_interrupts.o [1]
IRQ017_Handler                0x611    0x12  Code  Gb  hc32f46x_interrupts.o [1]
IRQ018_Handler                0x623    0x12  Code  Gb  hc32f46x_interrupts.o [1]
IRQ019_Handler                0x635    0x12  Code  Gb  hc32f46x_interrupts.o [1]
IRQ020_Handler                0x647    0x12  Code  Gb  hc32f46x_interrupts.o [1]
IRQ021_Handler                0x659    0x12  Code  Gb  hc32f46x_interrupts.o [1]
IRQ022_Handler                0x66b    0x12  Code  Gb  hc32f46x_interrupts.o [1]
IRQ023_Handler                0x67d    0x12  Code  Gb  hc32f46x_interrupts.o [1]
IRQ024_Handler                0x68f    0x12  Code  Gb  hc32f46x_interrupts.o [1]
IRQ025_Handler                0x6a1    0x12  Code  Gb  hc32f46x_interrupts.o [1]
IRQ026_Handler                0x6b3    0x12  Code  Gb  hc32f46x_interrupts.o [1]
IRQ027_Handler                0x6c5    0x12  Code  Gb  hc32f46x_interrupts.o [1]
IRQ028_Handler                0x6d7    0x12  Code  Gb  hc32f46x_interrupts.o [1]
IRQ029_Handler                0x6e9    0x12  Code  Gb  hc32f46x_interrupts.o [1]
IRQ030_Handler                0x6fb    0x12  Code  Gb  hc32f46x_interrupts.o [1]
IRQ031_Handler                0x70d    0x12  Code  Gb  hc32f46x_interrupts.o [1]
IRQ032_Handler                0x71f    0x16  Code  Gb  hc32f46x_interrupts.o [1]
IRQ033_Handler                0x735    0x16  Code  Gb  hc32f46x_interrupts.o [1]
IRQ034_Handler                0x74b    0x16  Code  Gb  hc32f46x_interrupts.o [1]
IRQ035_Handler                0x761    0x16  Code  Gb  hc32f46x_interrupts.o [1]
IRQ036_Handler                0x777    0x16  Code  Gb  hc32f46x_interrupts.o [1]
IRQ037_Handler                0x78d    0x16  Code  Gb  hc32f46x_interrupts.o [1]
IRQ038_Handler                0x7a3    0x16  Code  Gb  hc32f46x_interrupts.o [1]
IRQ039_Handler                0x7b9    0x16  Code  Gb  hc32f46x_interrupts.o [1]
IRQ040_Handler                0x7cf    0x16  Code  Gb  hc32f46x_interrupts.o [1]
IRQ041_Handler                0x7e5    0x16  Code  Gb  hc32f46x_interrupts.o [1]
IRQ042_Handler                0x7fb    0x16  Code  Gb  hc32f46x_interrupts.o [1]
IRQ043_Handler                0x811    0x16  Code  Gb  hc32f46x_interrupts.o [1]
IRQ044_Handler                0x827    0x16  Code  Gb  hc32f46x_interrupts.o [1]
IRQ045_Handler                0x83d    0x16  Code  Gb  hc32f46x_interrupts.o [1]
IRQ046_Handler                0x853    0x16  Code  Gb  hc32f46x_interrupts.o [1]
IRQ047_Handler                0x869    0x16  Code  Gb  hc32f46x_interrupts.o [1]
IRQ048_Handler                0x87f    0x16  Code  Gb  hc32f46x_interrupts.o [1]
IRQ049_Handler                0x895    0x16  Code  Gb  hc32f46x_interrupts.o [1]
IRQ050_Handler                0x8ab    0x16  Code  Gb  hc32f46x_interrupts.o [1]
IRQ051_Handler                0x8c1    0x16  Code  Gb  hc32f46x_interrupts.o [1]
IRQ052_Handler                0x8d7    0x16  Code  Gb  hc32f46x_interrupts.o [1]
IRQ053_Handler                0x8ed    0x16  Code  Gb  hc32f46x_interrupts.o [1]
IRQ054_Handler                0x903    0x16  Code  Gb  hc32f46x_interrupts.o [1]
IRQ055_Handler                0x919    0x16  Code  Gb  hc32f46x_interrupts.o [1]
IRQ056_Handler                0x92f    0x16  Code  Gb  hc32f46x_interrupts.o [1]
IRQ057_Handler                0x945    0x16  Code  Gb  hc32f46x_interrupts.o [1]
IRQ058_Handler                0x95b    0x16  Code  Gb  hc32f46x_interrupts.o [1]
IRQ059_Handler                0x971    0x16  Code  Gb  hc32f46x_interrupts.o [1]
IRQ060_Handler                0x987    0x16  Code  Gb  hc32f46x_interrupts.o [1]
IRQ061_Handler                0x99d    0x16  Code  Gb  hc32f46x_interrupts.o [1]
IRQ062_Handler                0x9b3    0x16  Code  Gb  hc32f46x_interrupts.o [1]
IRQ063_Handler                0x9c9    0x16  Code  Gb  hc32f46x_interrupts.o [1]
IRQ064_Handler                0x9df    0x16  Code  Gb  hc32f46x_interrupts.o [1]
IRQ065_Handler                0x9f5    0x16  Code  Gb  hc32f46x_interrupts.o [1]
IRQ066_Handler                0xa0b    0x16  Code  Gb  hc32f46x_interrupts.o [1]
IRQ067_Handler                0xa21    0x16  Code  Gb  hc32f46x_interrupts.o [1]
IRQ068_Handler                0xa37    0x16  Code  Gb  hc32f46x_interrupts.o [1]
IRQ069_Handler                0xa4d    0x16  Code  Gb  hc32f46x_interrupts.o [1]
IRQ070_Handler                0xa63    0x16  Code  Gb  hc32f46x_interrupts.o [1]
IRQ071_Handler                0xa79    0x16  Code  Gb  hc32f46x_interrupts.o [1]
IRQ072_Handler                0xa8f    0x16  Code  Gb  hc32f46x_interrupts.o [1]
IRQ073_Handler                0xaa5    0x16  Code  Gb  hc32f46x_interrupts.o [1]
IRQ074_Handler                0xabb    0x16  Code  Gb  hc32f46x_interrupts.o [1]
IRQ075_Handler                0xad1    0x16  Code  Gb  hc32f46x_interrupts.o [1]
IRQ076_Handler                0xae7    0x16  Code  Gb  hc32f46x_interrupts.o [1]
IRQ077_Handler                0xafd    0x16  Code  Gb  hc32f46x_interrupts.o [1]
IRQ078_Handler                0xb13    0x16  Code  Gb  hc32f46x_interrupts.o [1]
IRQ079_Handler                0xb29    0x16  Code  Gb  hc32f46x_interrupts.o [1]
IRQ080_Handler                0xb3f    0x14  Code  Gb  hc32f46x_interrupts.o [1]
IRQ081_Handler                0xb53    0x14  Code  Gb  hc32f46x_interrupts.o [1]
IRQ082_Handler                0xb67    0x14  Code  Gb  hc32f46x_interrupts.o [1]
IRQ083_Handler                0xb7b    0x14  Code  Gb  hc32f46x_interrupts.o [1]
IRQ084_Handler                0xb8f    0x14  Code  Gb  hc32f46x_interrupts.o [1]
IRQ085_Handler                0xba3    0x14  Code  Gb  hc32f46x_interrupts.o [1]
IRQ086_Handler                0xbb7    0x14  Code  Gb  hc32f46x_interrupts.o [1]
IRQ087_Handler                0xbcb    0x14  Code  Gb  hc32f46x_interrupts.o [1]
IRQ088_Handler                0xbdf    0x14  Code  Gb  hc32f46x_interrupts.o [1]
IRQ089_Handler                0xbf3    0x14  Code  Gb  hc32f46x_interrupts.o [1]
IRQ090_Handler                0xc07    0x14  Code  Gb  hc32f46x_interrupts.o [1]
IRQ091_Handler                0xc1b    0x14  Code  Gb  hc32f46x_interrupts.o [1]
IRQ092_Handler                0xc2f    0x14  Code  Gb  hc32f46x_interrupts.o [1]
IRQ093_Handler                0xc43    0x14  Code  Gb  hc32f46x_interrupts.o [1]
IRQ094_Handler                0xc57    0x14  Code  Gb  hc32f46x_interrupts.o [1]
IRQ095_Handler                0xc6b    0x14  Code  Gb  hc32f46x_interrupts.o [1]
IRQ096_Handler                0xc7f    0x14  Code  Gb  hc32f46x_interrupts.o [1]
IRQ097_Handler                0xc93    0x14  Code  Gb  hc32f46x_interrupts.o [1]
IRQ098_Handler                0xca7    0x14  Code  Gb  hc32f46x_interrupts.o [1]
IRQ099_Handler                0xcbb    0x14  Code  Gb  hc32f46x_interrupts.o [1]
IRQ100_Handler                0xccf    0x14  Code  Gb  hc32f46x_interrupts.o [1]
IRQ101_Handler                0xce3    0x14  Code  Gb  hc32f46x_interrupts.o [1]
IRQ102_Handler                0xcf7    0x14  Code  Gb  hc32f46x_interrupts.o [1]
IRQ103_Handler                0xd0b    0x14  Code  Gb  hc32f46x_interrupts.o [1]
IRQ104_Handler                0xd1f    0x14  Code  Gb  hc32f46x_interrupts.o [1]
IRQ105_Handler                0xd33    0x14  Code  Gb  hc32f46x_interrupts.o [1]
IRQ106_Handler                0xd47    0x14  Code  Gb  hc32f46x_interrupts.o [1]
IRQ107_Handler                0xd5b    0x14  Code  Gb  hc32f46x_interrupts.o [1]
IRQ108_Handler                0xd6f    0x14  Code  Gb  hc32f46x_interrupts.o [1]
IRQ109_Handler                0xd83    0x14  Code  Gb  hc32f46x_interrupts.o [1]
IRQ110_Handler                0xd97    0x14  Code  Gb  hc32f46x_interrupts.o [1]
IRQ111_Handler                0xdab    0x14  Code  Gb  hc32f46x_interrupts.o [1]
IRQ112_Handler                0xdbf    0x14  Code  Gb  hc32f46x_interrupts.o [1]
IRQ113_Handler                0xdd9    0x14  Code  Gb  hc32f46x_interrupts.o [1]
IRQ114_Handler                0xded    0x14  Code  Gb  hc32f46x_interrupts.o [1]
IRQ115_Handler                0xe05    0x16  Code  Gb  hc32f46x_interrupts.o [1]
IRQ116_Handler                0xe1b    0x16  Code  Gb  hc32f46x_interrupts.o [1]
IRQ117_Handler                0xe31    0x16  Code  Gb  hc32f46x_interrupts.o [1]
IRQ118_Handler                0xe47    0x16  Code  Gb  hc32f46x_interrupts.o [1]
IRQ119_Handler                0xe5d    0x16  Code  Gb  hc32f46x_interrupts.o [1]
IRQ120_Handler                0xe73    0x16  Code  Gb  hc32f46x_interrupts.o [1]
IRQ121_Handler                0xe89    0x16  Code  Gb  hc32f46x_interrupts.o [1]
IRQ122_Handler                0xe9f    0x16  Code  Gb  hc32f46x_interrupts.o [1]
IRQ123_Handler                0xeb5    0x16  Code  Gb  hc32f46x_interrupts.o [1]
IRQ124_Handler                0xecb    0x16  Code  Gb  hc32f46x_interrupts.o [1]
IRQ125_Handler                0xee1    0x16  Code  Gb  hc32f46x_interrupts.o [1]
IRQ126_Handler                0xef7    0x16  Code  Gb  hc32f46x_interrupts.o [1]
IRQ127_Handler                0xf0d    0x16  Code  Gb  hc32f46x_interrupts.o [1]
IRQ128_Handler                0xf23   0x12a  Code  Gb  hc32f46x_interrupts.o [1]
IRQ129_Handler               0x104d   0x2ee  Code  Gb  hc32f46x_interrupts.o [1]
IRQ130_Handler               0x133b    0xbc  Code  Gb  hc32f46x_interrupts.o [1]
IRQ131_Handler               0x13f7   0x27e  Code  Gb  hc32f46x_interrupts.o [1]
IRQ132_Handler               0x16b1   0x146  Code  Gb  hc32f46x_interrupts.o [1]
IRQ136_Handler               0x18a5   0x28c  Code  Gb  hc32f46x_interrupts.o [1]
IRQ137_Handler               0x1bbd   0x21a  Code  Gb  hc32f46x_interrupts.o [1]
IRQ138_Handler               0x1e45   0x1cc  Code  Gb  hc32f46x_interrupts.o [1]
IRQ139_Handler               0x2045    0xec  Code  Gb  hc32f46x_interrupts.o [1]
IRQ140_Handler               0x2195   0x1e6  Code  Gb  hc32f46x_interrupts.o [1]
IRQ141_Handler               0x23c1   0x1ee  Code  Gb  hc32f46x_interrupts.o [1]
IRQ142_Handler               0x25c9    0xda  Code  Gb  hc32f46x_interrupts.o [1]
IRQ143_Handler               0x26bd    0xdc  Code  Gb  hc32f46x_interrupts.o [1]
IrqHandler              0x1fff'c1b8   0x200  Data  Gb  hc32f46x_interrupts.o [1]
LED0_Toggle                  0xbcaf    0xb8  Code  Gb  User_Gpio.o [1]
LED_Status              0x1fff'c67c     0x1  Data  Gb  User_Gpio.o [1]
LoadInt                      0x7adf    0x7a  Code  Lc  xprintffull.o [2]
Lvd1_IrqHandler              0x2a11     0x2  Code  Gb  User_PWC.o [1]
MemManage_Handler             0x4b7     0x8  Code  Gb  hc32f46x_interrupts.o [1]
Myfile                  0x1fff'bf94   0x224  Data  Gb  User_Task.o [1]
NMI_Handler                   0x4a7     0x8  Code  Gb  hc32f46x_interrupts.o [1]
NMI_IrqHandler               0x29df    0x18  Code  Gb  hc32f46x_exint_nmi_swi.o [1]
OLED_Clear                   0xa963    0x44  Code  Gb  OLED.o [1]
OLED_Display_On              0xa947    0x1c  Code  Gb  OLED.o [1]
OLED_I2C3_init               0xa8f1    0x56  Code  Gb  OLED.o [1]
OLED_Init                    0xaaa1    0xce  Code  Gb  OLED.o [1]
OLED_SendAdr                 0xa709    0x6c  Code  Lc  OLED.o [1]
OLED_Set_Pos                 0xa9a7    0x36  Code  Gb  OLED.o [1]
OLED_ShowChar                0xa9dd    0x7c  Code  Gb  OLED.o [1]
OLED_ShowString              0xaa59    0x3a  Code  Gb  OLED.o [1]
OLED_StartOrRestart          0xa691    0x78  Code  Lc  OLED.o [1]
OLED_Stop                    0xa7f5    0x4a  Code  Gb  OLED.o [1]
OLED_WR_Byte                 0xa8d9    0x18  Code  Gb  OLED.o [1]
OLED_WriteData               0xa775    0x80  Code  Lc  OLED.o [1]
OTS_CheckSample              0xba23    0x82  Code  Gb  hc32f46x_ots.o [1]
OTS_ComputeTemp              0xbb05    0x50  Code  Lc  hc32f46x_ots.o [1]
OTS_Init                     0xb965    0x9e  Code  Gb  hc32f46x_ots.o [1]
OTS_ReadData                 0xbab9    0x4c  Code  Lc  hc32f46x_ots.o [1]
OTS_StartGetTemp             0xba03    0x20  Code  Gb  hc32f46x_ots.o [1]
OTS_Trimming                 0xbaa5    0x14  Code  Lc  hc32f46x_ots.o [1]
OtsBaseConfig                0xc119    0x48  Code  Gb  User_OTS.o [1]
PORT_Init                    0x4a21   0x1c4  Code  Gb  hc32f46x_gpio.o [1]
PORT_Lock                    0x4bf1     0xc  Code  Gb  hc32f46x_gpio.o [1]
PORT_ResetBits               0x4c4b    0x4e  Code  Gb  hc32f46x_gpio.o [1]
PORT_SetBits                 0x4bfd    0x4e  Code  Gb  hc32f46x_gpio.o [1]
PORT_SetFunc                 0x4c9d   0x382  Code  Gb  hc32f46x_gpio.o [1]
PORT_Unlock                  0x4be5     0xc  Code  Gb  hc32f46x_gpio.o [1]
PWC_Fcg0PeriphClockCmd       0x6f55    0x5c  Code  Gb  hc32f46x_pwc.o [1]
PWC_Fcg1PeriphClockCmd       0x6fb1    0x4c  Code  Gb  hc32f46x_pwc.o [1]
PWC_Fcg3PeriphClockCmd       0x6ffd    0x4c  Code  Gb  hc32f46x_pwc.o [1]
PendSV_Handler               0x3611          Code  Gb  portasm.o [1]
Print_CPU_Temperature        0xc169    0x20  Code  Gb  User_OTS.o [1]
Region$$Table$$Base          0xc800           --   Gb  - Linker created -
Region$$Table$$Limit         0xc82c           --   Gb  - Linker created -
SDCARD_GetCardCSD            0x50a5    0xe4  Code  Gb  sd_card.o [1]
SDCARD_GetDeviceMode         0x50a1     0x4  Code  Gb  sd_card.o [1]
SDCARD_Init                  0x5031    0x70  Code  Gb  sd_card.o [1]
SDCARD_ReadBlocks            0x5189   0x1ea  Code  Gb  sd_card.o [1]
SDCARD_WriteBlocks           0x5373   0x202  Code  Gb  sd_card.o [1]
SDIOC_ClearNormalIrqFlag
                             0x6ed7    0x70  Code  Gb  hc32f46x_sdioc.o [1]
SDIOC_ConfigData             0x6acb   0x1c2  Code  Gb  hc32f46x_sdioc.o [1]
SDIOC_GetNormalIrqFlag       0x6e5b    0x7c  Code  Gb  hc32f46x_sdioc.o [1]
SDIOC_GetResponse            0x69f5    0x4a  Code  Gb  hc32f46x_sdioc.o [1]
SDIOC_GetStatus              0x6dd1    0x8a  Code  Gb  hc32f46x_sdioc.o [1]
SDIOC_Init                   0x66b9   0x14a  Code  Gb  hc32f46x_sdioc.o [1]
SDIOC_ReadBuffer             0x6a3f    0x46  Code  Gb  hc32f46x_sdioc.o [1]
SDIOC_SendCommand            0x6803   0x1f2  Code  Gb  hc32f46x_sdioc.o [1]
SDIOC_SetBusWidth            0x6ce5    0x8a  Code  Gb  hc32f46x_sdioc.o [1]
SDIOC_SetClk                 0x6c8d    0x58  Code  Gb  hc32f46x_sdioc.o [1]
SDIOC_SetSpeedMode           0x6d6f    0x48  Code  Gb  hc32f46x_sdioc.o [1]
SDIOC_WriteBuffer            0x6a85    0x46  Code  Gb  hc32f46x_sdioc.o [1]
SDMMC_Acmd41_SdSendOpCond
                             0x6231    0xac  Code  Gb  sdmmc_cmd.o [1]
SDMMC_Acmd6_SetBusWidth
                             0x61b1    0x7a  Code  Gb  sdmmc_cmd.o [1]
SDMMC_Cmd0_GoIdleState       0x5aa1    0x86  Code  Gb  sdmmc_cmd.o [1]
SDMMC_Cmd13_SendStatus       0x5e41    0x80  Code  Gb  sdmmc_cmd.o [1]
SDMMC_Cmd16_SetBlockLength
                             0x5ec1    0x7e  Code  Gb  sdmmc_cmd.o [1]
SDMMC_Cmd17_ReadSingleBlock
                             0x5f3f    0x7e  Code  Gb  sdmmc_cmd.o [1]
SDMMC_Cmd18_ReadMultipleBlock
                             0x5fbd    0x7e  Code  Gb  sdmmc_cmd.o [1]
SDMMC_Cmd24_WriteSingleBlock
                             0x603b    0x7e  Code  Gb  sdmmc_cmd.o [1]
SDMMC_Cmd25_WriteMultipleBlock
                             0x60b9    0x7e  Code  Gb  sdmmc_cmd.o [1]
SDMMC_Cmd2_AllSendCID        0x5b27    0x78  Code  Gb  sdmmc_cmd.o [1]
SDMMC_Cmd3_SendRelativeAddr
                             0x5b9f    0x78  Code  Gb  sdmmc_cmd.o [1]
SDMMC_Cmd55_AppCmd           0x6137    0x7a  Code  Gb  sdmmc_cmd.o [1]
SDMMC_Cmd6_SwitchFunc        0x5c17    0x9c  Code  Gb  sdmmc_cmd.o [1]
SDMMC_Cmd7_SelectDeselectCard
                             0x5cb3    0x80  Code  Gb  sdmmc_cmd.o [1]
SDMMC_Cmd8_SendIfCond        0x5d33    0x92  Code  Gb  sdmmc_cmd.o [1]
SDMMC_Cmd9_SendCSD           0x5dc5    0x7c  Code  Gb  sdmmc_cmd.o [1]
SDMMC_GetCardDetection       0x658b    0x4e  Code  Lc  sdmmc_cmd.o [1]
SDMMC_GetCmdResp1            0x62e1    0x58  Code  Lc  sdmmc_cmd.o [1]
SDMMC_GetCmdResp2            0x6339    0x6a  Code  Lc  sdmmc_cmd.o [1]
SDMMC_GetCmdResp3            0x63a9    0x4c  Code  Lc  sdmmc_cmd.o [1]
SDMMC_GetCmdResp6            0x63f5    0x58  Code  Lc  sdmmc_cmd.o [1]
SDMMC_GetCmdResp7            0x644d    0x4c  Code  Lc  sdmmc_cmd.o [1]
SDMMC_WaitBusIdle            0x6499    0x4c  Code  Lc  sdmmc_cmd.o [1]
SDMMC_WaitResponse           0x64e5    0xa6  Code  Lc  sdmmc_cmd.o [1]
SD_CARD_Init                 0x49cb    0x1c  Code  Gb  User_SDIO.o [1]
SRAM_CK_Disable              0xbfa5     0xa  Code  Gb  hc32f46x_sram.o [1]
SRAM_CK_Enable               0xbfaf     0xa  Code  Gb  hc32f46x_sram.o [1]
SRAM_WT_Disable              0xbf91     0xa  Code  Gb  hc32f46x_sram.o [1]
SRAM_WT_Enable               0xbf9b     0xa  Code  Gb  hc32f46x_sram.o [1]
SVC_Handler                  0x3669          Code  Gb  portasm.o [1]
SdCardCheckReayForData       0x589b    0x48  Code  Lc  sd_card.o [1]
SdCardInitHost               0x5693    0x4e  Code  Lc  sd_card.o [1]
SdCardInitSd                 0x56e1    0x88  Code  Lc  sd_card.o [1]
SdCardPowerON                0x5769   0x132  Code  Lc  sd_card.o [1]
SdCardSetBusWidth            0x5575    0x78  Code  Lc  sd_card.o [1]
SdCardSetSpeed               0x55ed    0xa6  Code  Lc  sd_card.o [1]
SdiocGetClkDiv               0x65ed    0x88  Code  Lc  hc32f46x_sdioc.o [1]
SdiocGetInternDataPtr        0x6675    0x44  Code  Lc  hc32f46x_sdioc.o [1]
SdiocGetInternDataPtr::m_astcSdiocInstanceDataLut
                        0x1fff'c444    0x88  Data  Lc  hc32f46x_sdioc.o [1]
SdiocInitPins                0x4965    0x66  Code  Lc  User_SDIO.o [1]
SetUartBaudrate              0xafa1   0x148  Code  Lc  hc32f46x_utility.o [1]
Set_ADC_Data                 0xc26d     0x6  Code  Gb  User_ADC.o [1]
SysTick_Config               0xc525    0x2e  Code  Lc  main.o [1]
SysTick_Handler               0x4d7     0x8  Code  Gb  hc32f46x_interrupts.o [1]
SystemCoreClock         0x1fff'8160     0x4  Data  Gb  system_hc32f46x.o [1]
SystemCoreClockUpdate        0x9fe1    0xaa  Code  Gb  system_hc32f46x.o [1]
SystemInit                   0x9fd9     0x8  Code  Gb  system_hc32f46x.o [1]
TIMER0_BaseInit              0xb5b5   0x168  Code  Gb  hc32f46x_timer0.o [1]
TIMER0_Cmd                   0xb4b9    0x8e  Code  Gb  hc32f46x_timer0.o [1]
TIMER0_IntCmd                0xb547    0x6e  Code  Gb  hc32f46x_timer0.o [1]
Task_ADC                     0xc05d    0x5e  Code  Gb  User_Task.o [1]
Task_LED                     0xbfc9    0x94  Code  Gb  User_Task.o [1]
Timer01_CHB_CallBack         0xc5b9     0x2  Code  Gb  User_Timer.o [1]
UsageFault_Handler            0x4c7     0x8  Code  Gb  hc32f46x_interrupts.o [1]
User_ADC_Init                0xc285    0xd4  Code  Gb  User_ADC.o [1]
User_DCU_Init                0xc1dd    0x78  Code  Gb  User_DCU.o [1]
User_DMA_Init                0xc3b1    0xce  Code  Gb  User_DMA.o [1]
User_Gpio_Init               0xbbc1    0xee  Code  Gb  User_Gpio.o [1]
User_I2C3_Master_Write       0xa83f    0x72  Code  Gb  OLED.o [1]
User_OTS_Init                0xc161     0x8  Code  Gb  User_OTS.o [1]
User_Task_Create             0xc0bb    0x1c  Code  Gb  User_Task.o [1]
User_Timer0_Init             0xc5bb    0x88  Code  Gb  User_Timer.o [1]
Write_IIC_Command            0xa8b1    0x14  Code  Gb  OLED.o [1]
Write_IIC_Data               0xa8c5    0x14  Code  Gb  OLED.o [1]
_Encoding_8859_1_Mbrlen
                             0x4959     0x2  Code  Gb  xencoding_8859_1.o [2]
_Encoding_8859_1_Wctomb
                             0x4947    0x12  Code  Gb  xencoding_8859_1.o [2]
_GenldFull                   0x8571   0x274  Code  Lc  xprintffull.o [2]
_LdtobFull                   0x8145   0x400  Code  Lc  xprintffull.o [2]
_LitobFull                   0x7fed   0x112  Code  Lc  xprintffull.o [2]
_Locale_lconv           0x1fff'8104    0x38  Data  Lc  xlocale_c.o [2]
_PrintfFull                  0x791d   0x1aa  Code  Gb  xprintffull.o [2]
_Prout                       0xc879    0x16  Code  Gb  xprout.o [2]
_PutcharsFull                0x87e5    0x2e  Code  Lc  xprintffull.o [2]
_PutfldFull                  0x7b59   0x2d8  Code  Lc  xprintffull.o [2]
_PutstrFull                  0x7f27    0xc6  Code  Lc  xprintffull.o [2]
_PuttxtFull                  0x7e31    0xf6  Code  Lc  xprintffull.o [2]
__NVIC_EnableIRQ             0xc4e5    0x1c  Code  Lc  main.o [1]
__NVIC_EnableIRQ             0xc1b9    0x1c  Code  Lc  User_DCU.o [1]
__NVIC_EnableIRQ             0xc375    0x1c  Code  Lc  User_DMA.o [1]
__NVIC_EnableIRQ             0xbb95    0x1c  Code  Lc  User_Gpio.o [1]
__NVIC_EnableIRQ             0xc59d    0x1c  Code  Lc  User_Timer.o [1]
__NVIC_SetPriority           0xc501    0x24  Code  Lc  main.o [1]
__aeabi_cdcmple              0x8ef1          Code  Gb  DblCmpLe.o [3]
__aeabi_cdrcmple             0x8f21          Code  Gb  DblCmpGe.o [3]
__aeabi_d2iz                 0x908d          Code  Gb  DblToS32.o [3]
__aeabi_d2uiz                0x9419          Code  Gb  DblToU32.o [3]
__aeabi_ddiv                 0x91d1          Code  Gb  DblDiv.o [3]
__aeabi_dmul                 0x8cdd          Code  Gb  DblMul.o [3]
__aeabi_dsub                 0x90ed          Code  Gb  DblSub.o [3]
__aeabi_f2d                  0xc49d          Code  Gb  FltToDbl.o [3]
__aeabi_i2d                  0x90c9          Code  Gb  S32ToDbl.o [3]
__aeabi_ldiv0                0x9461          Code  Gb  I64DivZer.o [4]
__aeabi_memcpy               0x8a05          Code  Gb  ABImemcpy.o [4]
__aeabi_memcpy4              0x8a25          Code  Gb  ABImemcpy.o [4]
__aeabi_memcpy8              0x8a25          Code  Gb  ABImemcpy.o [4]
__aeabi_memset               0x78b5          Code  Gb  ABImemset.o [4]
__aeabi_ui2d                 0x9441          Code  Gb  U32ToDbl.o [3]
__aeabi_uldivmod             0x8aad          Code  Gb  I64DivMod.o [4]
__cmain                      0xc82d          Code  Gb  cmain.o [4]
__exit                       0x95d1    0x14  Code  Gb  exit.o [5]
__iar_Fail_s                 0x8929    0x1c  Code  Gb  xfail_s.o [2]
__iar_Mbcurmax               0x89f9     0xa  Code  Gb  xmbcurmax.o [2]
__iar_Memchr                 0x89a1          Code  Gb  memchr.o [4]
__iar_Memset                 0x78b5          Code  Gb  ABImemset.o [4]
__iar_Memset_word            0x78bd          Code  Gb  ABImemset.o [4]
__iar_Stdout            0x1fff'80bc    0x48  Data  Gb  xfiles.o [2]
__iar_Strchr                 0x8911          Code  Gb  strchr.o [4]
__iar_dadd                   0x90fd          Code  Gb  DblSub.o [3]
__iar_data_init3             0xc7b5    0x28  Code  Gb  data_init.o [4]
__iar_dsub                   0x9465          Code  Gb  DblAdd.o [3]
__iar_dsubStart              0x9477          Code  Gb  DblAdd.o [3]
__iar_frexp                  0x8e8d          Code  Gb  frexp.o [3]
__iar_frexpl                 0x8e8d          Code  Gb  frexp.o [3]
__iar_globLocale        0x1fff'8074    0x48  Data  Lc  xlocale_c.o [2]
__iar_global_Locale          0x8899     0x4  Code  Gb  xlocale_c.o [2]
__iar_init_vfp               0xc7dd          Code  Gb  fpinit_M.o [3]
__iar_ldexp64                0x8f51          Code  Gb  ldexp.o [3]
__iar_packbits_init3         0xc655    0x9c  Code  Gb  packbits_init.o [4]
__iar_program_start          0xc8e5          Code  Gb  cstartup_M.o [4]
__iar_scalbln64              0x8f51          Code  Gb  ldexp.o [3]
__iar_scalbn64               0x8f51          Code  Gb  ldexp.o [3]
__iar_softfp___iar_frexp64
                             0x8e81          Code  Gb  frexp.o [3]
__iar_softfp_frexp           0x8e81          Code  Gb  frexp.o [3]
__iar_softfp_frexpl          0x8e81          Code  Gb  frexp.o [3]
__iar_zero_init3             0x2a13    0x3a  Code  Gb  zero_init3.o [4]
__low_level_init             0xc84b     0x4  Code  Gb  low_level_init.o [2]
__vector_table                  0x0          Data  Gb  startup_hc32f46x.o [1]
_call_main                   0xc839          Code  Gb  cmain.o [4]
_exit                        0xc855          Code  Gb  cexit.o [4]
_gLocale_mblen               0x88fd     0x4  Code  Gb  xlocale_c.o [2]
_gLocale_mblenInt            0x88c1    0x2c  Code  Gb  xlocale_c.o [2]
_gLocale_wctomb              0x8901     0x4  Code  Gb  xlocale_c.o [2]
_gLocale_wctombInt           0x88f9     0x4  Code  Gb  xlocale_c.o [2]
_main                        0xc847          Code  Gb  cmain.o [4]
abort                        0x945b     0x6  Code  Gb  abort.o [2]
check_fs                     0x406f    0x74  Code  Lc  ff.o [1]
chk_chr                      0x3707    0x14  Code  Lc  ff.o [1]
chk_mounted                  0x40e3   0x2c0  Code  Gb  ff.o [1]
clust2sect                   0x3bb9    0x1a  Code  Gb  ff.o [1]
create_chain                 0x3b0b    0xae  Code  Lc  ff.o [1]
create_name                  0x3ea9   0x118  Code  Lc  ff.o [1]
create_name::cvt             0xc6f0    0x80  Data  Lc  ff.o [1]
dir_find                     0x3daf    0x64  Code  Lc  ff.o [1]
dir_next                     0x3c83   0x12c  Code  Lc  ff.o [1]
dir_register                 0x3e13    0x96  Code  Lc  ff.o [1]
dir_seek                     0x3bd3    0xb0  Code  Lc  ff.o [1]
disk_initialize              0x48af    0x20  Code  Gb  diskio.o [1]
disk_ioctl                   0x4935     0xe  Code  Gb  diskio.o [1]
disk_read                    0x48dd    0x2c  Code  Gb  diskio.o [1]
disk_status                  0x48cf     0xe  Code  Gb  diskio.o [1]
disk_write                   0x4909    0x2c  Code  Gb  diskio.o [1]
enIrqRegistration             0x421    0x86  Code  Gb  hc32f46x_interrupts.o [1]
exit                         0xc84f     0x4  Code  Gb  exit.o [2]
f_close                      0x484b    0x1a  Code  Gb  ff.o [1]
f_gets                       0x4865    0x4a  Code  Gb  ff.o [1]
f_mount                      0x43cd    0x34  Code  Gb  ff.o [1]
f_open                       0x441d   0x1ae  Code  Gb  ff.o [1]
f_read                       0x45cb   0x1c2  Code  Gb  ff.o [1]
f_sync                       0x478d    0xbe  Code  Gb  ff.o [1]
f_temperature           0x1fff'c660     0x4  Data  Gb  User_OTS.o [1]
flag_DCU1_INT           0x1fff'c679     0x1  Data  Gb  User_DCU.o [1]
flag_key0               0x1fff'c67a     0x1  Data  Gb  User_Gpio.o [1]
flag_key1               0x1fff'c67b     0x1  Data  Gb  User_Gpio.o [1]
follow_path                  0x3fc1    0xae  Code  Lc  ff.o [1]
fputc                        0xaf91    0x10  Code  Gb  hc32f46x_utility.o [1]
fr                      0x1fff'c67d     0x1  Data  Gb  User_Task.o [1]
get_fat                      0x3869   0x104  Code  Gb  ff.o [1]
get_fattime                  0x4943     0x4  Code  Gb  fattime.o [1]
key0_int_callback            0xbbb1     0x8  Code  Gb  User_Gpio.o [1]
key1_int_callback            0xbbb9     0x8  Code  Gb  User_Gpio.o [1]
ldexp                        0x8f51          Code  Gb  ldexp.o [3]
ldexpl                       0x8f51          Code  Gb  ldexp.o [3]
line                    0x1fff'c4cc    0x54  Data  Gb  User_Task.o [1]
localeconv                   0x8905     0x4  Code  Gb  xlocale_c.o [2]
loop                         0xbfc1     0x8  Code  Gb  User_Task.o [1]
m_f32OtsOffsetM         0x1fff'c60c     0x4  Data  Lc  hc32f46x_ots.o [1]
m_f32OtsSlopeK          0x1fff'c608     0x4  Data  Lc  hc32f46x_ots.o [1]
m_stcCardInitCfg        0x1fff'813c    0x10  Data  Lc  User_SDIO.o [1]
m_stcDmaInitCfg         0x1fff'8154     0x8  Data  Lc  User_SDIO.o [1]
m_stcSdhandle           0x1fff'8000    0x74  Data  Lc  User_SDIO.o [1]
m_u8OtsClkSel           0x1fff'c677     0x1  Data  Lc  hc32f46x_ots.o [1]
main                         0xc553    0x2e  Code  Gb  main.o [1]
mem_cmp                      0x36e5    0x22  Code  Lc  ff.o [1]
mem_cpy                      0x36c1    0x14  Code  Lc  ff.o [1]
mem_set                      0x36d5    0x10  Code  Lc  ff.o [1]
memchr                       0x89a1          Code  Gb  memchr.o [4]
move_window                  0x371b    0x76  Code  Lc  ff.o [1]
obuf                    0x1fff'c520    0x50  Data  Lc  xfiles.o [2]
osSystickHandler             0x2a01    0x10  Code  Gb  cmsis_os.o [1]
pfnNmiCallback          0x1fff'c604     0x4  Data  Lc  hc32f46x_exint_nmi_swi.o [1]
printf                       0xc191    0x28  Code  Gb  printf.o [2]
prvAddCurrentTaskToDelayedList
                             0x306d    0x6e  Code  Lc  tasks.o [1]
prvAddNewTaskToReadyList
                             0x2b65    0x9a  Code  Lc  tasks.o [1]
prvCheckTasksWaitingTermination
                             0x2f8d    0x50  Code  Lc  tasks.o [1]
prvDeleteTCB                 0x2fe1    0x12  Code  Lc  tasks.o [1]
prvHeapInit                  0x349f    0x5e  Code  Lc  heap_4.o [1]
prvIdleTask                  0x2f05    0x22  Code  Lc  tasks.o [1]
prvInitialiseNewTask         0x2abb    0xaa  Code  Lc  tasks.o [1]
prvInitialiseTaskLists       0x2f3d    0x50  Code  Lc  tasks.o [1]
prvInsertBlockIntoFreeList
                             0x34fd    0x5e  Code  Lc  heap_4.o [1]
prvResetNextTaskUnblockTime
                             0x2ff3    0x28  Code  Lc  tasks.o [1]
prvTaskExitError             0x313d    0x2a  Code  Lc  port.o [1]
put_fat                      0x396d   0x130  Code  Gb  ff.o [1]
putchar                      0xc891     0xc  Code  Gb  putchar.o [2]
pvPortMalloc                 0x3319   0x114  Code  Gb  heap_4.o [1]
pxCurrentTCB            0x1fff'c624     0x4  Data  Gb  tasks.o [1]
pxDelayedTaskList       0x1fff'c628     0x4  Data  Lc  tasks.o [1]
pxEnd                   0x1fff'c610     0x4  Data  Lc  heap_4.o [1]
pxOverflowDelayedTaskList
                        0x1fff'c62c     0x4  Data  Lc  tasks.o [1]
pxPortInitialiseStack        0x3115    0x28  Code  Gb  port.o [1]
pxReadyTasksLists       0x1fff'c3b8    0x8c  Data  Lc  tasks.o [1]
remove_chain                 0x3a9d    0x6e  Code  Lc  ff.o [1]
scalbln                      0x8f51          Code  Gb  ldexp.o [3]
scalblnl                     0x8f51          Code  Gb  ldexp.o [3]
scalbn                       0x8f51          Code  Gb  ldexp.o [3]
scalbnl                      0x8f51          Code  Gb  ldexp.o [3]
scale                        0x80ff    0x46  Code  Lc  xprintffull.o [2]
sec_hand                0x1fff'c66c     0x4  Data  Lc  xfail_s.o [2]
strchr                       0x8911          Code  Gb  strchr.o [4]
strlen                       0x8969          Code  Gb  strlen.o [4]
sync                         0x3791    0xd8  Code  Lc  ff.o [1]
system_clk_init              0xbd81   0x164  Code  Gb  System_Clk.o [1]
u32ICG                        0x400    0x20  Data  Gb  hc32f46x_icg.o [1]
u8FreqDiv               0x1fff'814c     0x8  Data  Lc  hc32f46x_i2c.o [1]
ucHeap                  0x1fff'8164  0x3c00  Data  Lc  heap_4.o [1]
ucMaxSysCallPriority    0x1fff'c678     0x1  Data  Lc  port.o [1]
ulMaxPRIGROUPValue      0x1fff'c620     0x4  Data  Lc  port.o [1]
uxCriticalNesting       0x1fff'815c     0x4  Data  Lc  port.o [1]
uxCurrentNumberOfTasks  0x1fff'c634     0x4  Data  Lc  tasks.o [1]
uxDeletedTasksWaitingCleanUp
                        0x1fff'c630     0x4  Data  Lc  tasks.o [1]
uxListRemove                 0x35eb    0x26  Code  Gb  list.o [1]
uxPendedTicks           0x1fff'c644     0x4  Data  Lc  tasks.o [1]
uxSchedulerSuspended    0x1fff'c65c     0x4  Data  Lc  tasks.o [1]
uxTaskNumber            0x1fff'c650     0x4  Data  Lc  tasks.o [1]
uxTopReadyPriority      0x1fff'c63c     0x4  Data  Lc  tasks.o [1]
vListInitialise              0x3579    0x1e  Code  Gb  list.o [1]
vListInitialiseItem          0x3597     0x6  Code  Gb  list.o [1]
vListInsert                  0x35b5    0x36  Code  Gb  list.o [1]
vListInsertEnd               0x359d    0x18  Code  Gb  list.o [1]
vPortEnableVFP               0x36a5          Code  Gb  portasm.o [1]
vPortEnterCritical           0x3235    0x34  Code  Gb  port.o [1]
vPortExitCritical            0x3269    0x2c  Code  Gb  port.o [1]
vPortFree                    0x342d    0x72  Code  Gb  heap_4.o [1]
vPortStartFirstTask          0x3685          Code  Gb  portasm.o [1]
vTaskDelay                   0x2bff    0x4c  Code  Gb  tasks.o [1]
vTaskStartScheduler          0x2c4b    0x64  Code  Gb  tasks.o [1]
vTaskSuspendAll              0x2caf     0xc  Code  Gb  tasks.o [1]
vTaskSwitchContext           0x2e97    0x6c  Code  Gb  tasks.o [1]
validate                     0x43a3    0x2a  Code  Lc  ff.o [1]
xBlockAllocatedBit      0x1fff'c61c     0x4  Data  Lc  heap_4.o [1]
xDelayedTaskList1       0x1fff'c590    0x14  Data  Lc  tasks.o [1]
xDelayedTaskList2       0x1fff'c5a4    0x14  Data  Lc  tasks.o [1]
xFreeBytesRemaining     0x1fff'c614     0x4  Data  Lc  heap_4.o [1]
xHeapStructSize              0xc910     0x4  Data  Lc  heap_4.o [1]
xIdleTaskHandle         0x1fff'c658     0x4  Data  Lc  tasks.o [1]
xMinimumEverFreeBytesRemaining
                        0x1fff'c618     0x4  Data  Lc  heap_4.o [1]
xNextTaskUnblockTime    0x1fff'c654     0x4  Data  Lc  tasks.o [1]
xNumOfOverflows         0x1fff'c64c     0x4  Data  Lc  tasks.o [1]
xPendingReadyList       0x1fff'c5b8    0x14  Data  Lc  tasks.o [1]
xPortStartScheduler          0x3167    0xce  Code  Gb  port.o [1]
xPortSysTickHandler          0x3295    0x28  Code  Gb  port.o [1]
xSchedulerRunning       0x1fff'c640     0x4  Data  Lc  tasks.o [1]
xStart                  0x1fff'c5fc     0x8  Data  Lc  heap_4.o [1]
xSuspendedTaskList      0x1fff'c5e0    0x14  Data  Lc  tasks.o [1]
xTaskCreate                  0x2a4d    0x6e  Code  Gb  tasks.o [1]
xTaskGetSchedulerState       0x3025    0x20  Code  Gb  tasks.o [1]
xTaskIncrementTick           0x2d9f    0xf8  Code  Gb  tasks.o [1]
xTaskResumeAll               0x2cbb    0xe4  Code  Gb  tasks.o [1]
xTasksWaitingTermination
                        0x1fff'c5cc    0x14  Data  Lc  tasks.o [1]
xTickCount              0x1fff'c638     0x4  Data  Lc  tasks.o [1]
xYieldPending           0x1fff'c648     0x4  Data  Lc  tasks.o [1]


[1] = C:\03-githubFiles\HC32F460_FreeRTOS\HC32F460Temp_FreeRTOS\Debug\Obj
[2] = dl7M_tlf.a
[3] = m7M_tls.a
[4] = rt7M_tl.a
[5] = shb_l.a

  49 242 bytes of readonly  code memory
   1 991 bytes of readonly  data memory (+ 32 absolute)
  19 070 bytes of readwrite data memory

Errors: none
Warnings: none
