###############################################################################
#
# IAR ELF Linker V8.40.1.212/W32 for ARM                  10/Oct/2020  10:49:27
# Copyright 2007-2019 IAR Systems AB.
#
#    Output file  =
#        D:\00-githubFiles\HC32F460_FreeRTOS\HC32F460Temp_FreeRTOS\Debug\Exe\HC32F460_Temp_IAR.out
#    Map file     =
#        D:\00-githubFiles\HC32F460_FreeRTOS\HC32F460Temp_FreeRTOS\Debug\List\HC32F460_Temp_IAR.map
#    Command line =
#        -f C:\Users\Michael\AppData\Local\Temp\EWE0EB.tmp
#        (D:\00-githubFiles\HC32F460_FreeRTOS\HC32F460Temp_FreeRTOS\Debug\Obj\bsp_dma.o
#        D:\00-githubFiles\HC32F460_FreeRTOS\HC32F460Temp_FreeRTOS\Debug\Obj\bsp_i2c_dma.o
#        D:\00-githubFiles\HC32F460_FreeRTOS\HC32F460Temp_FreeRTOS\Debug\Obj\bsp_interrupt.o
#        D:\00-githubFiles\HC32F460_FreeRTOS\HC32F460Temp_FreeRTOS\Debug\Obj\cmsis_os.o
#        D:\00-githubFiles\HC32F460_FreeRTOS\HC32F460Temp_FreeRTOS\Debug\Obj\croutine.o
#        D:\00-githubFiles\HC32F460_FreeRTOS\HC32F460Temp_FreeRTOS\Debug\Obj\data_sound_441_i2s.o
#        D:\00-githubFiles\HC32F460_FreeRTOS\HC32F460Temp_FreeRTOS\Debug\Obj\data_sound_8k_i2s.o
#        D:\00-githubFiles\HC32F460_FreeRTOS\HC32F460Temp_FreeRTOS\Debug\Obj\diskio.o
#        D:\00-githubFiles\HC32F460_FreeRTOS\HC32F460Temp_FreeRTOS\Debug\Obj\event_groups.o
#        D:\00-githubFiles\HC32F460_FreeRTOS\HC32F460Temp_FreeRTOS\Debug\Obj\fattime.o
#        D:\00-githubFiles\HC32F460_FreeRTOS\HC32F460Temp_FreeRTOS\Debug\Obj\ff.o
#        D:\00-githubFiles\HC32F460_FreeRTOS\HC32F460Temp_FreeRTOS\Debug\Obj\hc32f46x_adc.o
#        D:\00-githubFiles\HC32F460_FreeRTOS\HC32F460Temp_FreeRTOS\Debug\Obj\hc32f46x_aes.o
#        D:\00-githubFiles\HC32F460_FreeRTOS\HC32F460Temp_FreeRTOS\Debug\Obj\hc32f46x_can.o
#        D:\00-githubFiles\HC32F460_FreeRTOS\HC32F460Temp_FreeRTOS\Debug\Obj\hc32f46x_clk.o
#        D:\00-githubFiles\HC32F460_FreeRTOS\HC32F460Temp_FreeRTOS\Debug\Obj\hc32f46x_cmp.o
#        D:\00-githubFiles\HC32F460_FreeRTOS\HC32F460Temp_FreeRTOS\Debug\Obj\hc32f46x_dcu.o
#        D:\00-githubFiles\HC32F460_FreeRTOS\HC32F460Temp_FreeRTOS\Debug\Obj\hc32f46x_dmac.o
#        D:\00-githubFiles\HC32F460_FreeRTOS\HC32F460Temp_FreeRTOS\Debug\Obj\hc32f46x_efm.o
#        D:\00-githubFiles\HC32F460_FreeRTOS\HC32F460Temp_FreeRTOS\Debug\Obj\hc32f46x_emb.o
#        D:\00-githubFiles\HC32F460_FreeRTOS\HC32F460Temp_FreeRTOS\Debug\Obj\hc32f46x_event_port.o
#        D:\00-githubFiles\HC32F460_FreeRTOS\HC32F460Temp_FreeRTOS\Debug\Obj\hc32f46x_exint_nmi_swi.o
#        D:\00-githubFiles\HC32F460_FreeRTOS\HC32F460Temp_FreeRTOS\Debug\Obj\hc32f46x_gpio.o
#        D:\00-githubFiles\HC32F460_FreeRTOS\HC32F460Temp_FreeRTOS\Debug\Obj\hc32f46x_hash.o
#        D:\00-githubFiles\HC32F460_FreeRTOS\HC32F460Temp_FreeRTOS\Debug\Obj\hc32f46x_i2c.o
#        D:\00-githubFiles\HC32F460_FreeRTOS\HC32F460Temp_FreeRTOS\Debug\Obj\hc32f46x_i2s.o
#        D:\00-githubFiles\HC32F460_FreeRTOS\HC32F460Temp_FreeRTOS\Debug\Obj\hc32f46x_icg.o
#        D:\00-githubFiles\HC32F460_FreeRTOS\HC32F460Temp_FreeRTOS\Debug\Obj\hc32f46x_interrupts.o
#        D:\00-githubFiles\HC32F460_FreeRTOS\HC32F460Temp_FreeRTOS\Debug\Obj\hc32f46x_keyscan.o
#        D:\00-githubFiles\HC32F460_FreeRTOS\HC32F460Temp_FreeRTOS\Debug\Obj\hc32f46x_mpu.o
#        D:\00-githubFiles\HC32F460_FreeRTOS\HC32F460Temp_FreeRTOS\Debug\Obj\hc32f46x_ots.o
#        D:\00-githubFiles\HC32F460_FreeRTOS\HC32F460Temp_FreeRTOS\Debug\Obj\hc32f46x_pwc.o
#        D:\00-githubFiles\HC32F460_FreeRTOS\HC32F460Temp_FreeRTOS\Debug\Obj\hc32f46x_qspi.o
#        D:\00-githubFiles\HC32F460_FreeRTOS\HC32F460Temp_FreeRTOS\Debug\Obj\hc32f46x_rmu.o
#        D:\00-githubFiles\HC32F460_FreeRTOS\HC32F460Temp_FreeRTOS\Debug\Obj\hc32f46x_rtc.o
#        D:\00-githubFiles\HC32F460_FreeRTOS\HC32F460Temp_FreeRTOS\Debug\Obj\hc32f46x_sdioc.o
#        D:\00-githubFiles\HC32F460_FreeRTOS\HC32F460Temp_FreeRTOS\Debug\Obj\hc32f46x_spi.o
#        D:\00-githubFiles\HC32F460_FreeRTOS\HC32F460Temp_FreeRTOS\Debug\Obj\hc32f46x_sram.o
#        D:\00-githubFiles\HC32F460_FreeRTOS\HC32F460Temp_FreeRTOS\Debug\Obj\hc32f46x_swdt.o
#        D:\00-githubFiles\HC32F460_FreeRTOS\HC32F460Temp_FreeRTOS\Debug\Obj\hc32f46x_timer0.o
#        D:\00-githubFiles\HC32F460_FreeRTOS\HC32F460Temp_FreeRTOS\Debug\Obj\hc32f46x_timer4_cnt.o
#        D:\00-githubFiles\HC32F460_FreeRTOS\HC32F460Temp_FreeRTOS\Debug\Obj\hc32f46x_timer4_emb.o
#        D:\00-githubFiles\HC32F460_FreeRTOS\HC32F460Temp_FreeRTOS\Debug\Obj\hc32f46x_timer4_oco.o
#        D:\00-githubFiles\HC32F460_FreeRTOS\HC32F460Temp_FreeRTOS\Debug\Obj\hc32f46x_timer4_pwm.o
#        D:\00-githubFiles\HC32F460_FreeRTOS\HC32F460Temp_FreeRTOS\Debug\Obj\hc32f46x_timer4_sevt.o
#        D:\00-githubFiles\HC32F460_FreeRTOS\HC32F460Temp_FreeRTOS\Debug\Obj\hc32f46x_timer6.o
#        D:\00-githubFiles\HC32F460_FreeRTOS\HC32F460Temp_FreeRTOS\Debug\Obj\hc32f46x_timera.o
#        D:\00-githubFiles\HC32F460_FreeRTOS\HC32F460Temp_FreeRTOS\Debug\Obj\hc32f46x_trng.o
#        D:\00-githubFiles\HC32F460_FreeRTOS\HC32F460Temp_FreeRTOS\Debug\Obj\hc32f46x_usart.o
#        D:\00-githubFiles\HC32F460_FreeRTOS\HC32F460Temp_FreeRTOS\Debug\Obj\hc32f46x_utility.o
#        D:\00-githubFiles\HC32F460_FreeRTOS\HC32F460Temp_FreeRTOS\Debug\Obj\hc32f46x_wdt.o
#        D:\00-githubFiles\HC32F460_FreeRTOS\HC32F460Temp_FreeRTOS\Debug\Obj\heap_4.o
#        D:\00-githubFiles\HC32F460_FreeRTOS\HC32F460Temp_FreeRTOS\Debug\Obj\HW_I2C.o
#        D:\00-githubFiles\HC32F460_FreeRTOS\HC32F460Temp_FreeRTOS\Debug\Obj\Hw_MPU.o
#        D:\00-githubFiles\HC32F460_FreeRTOS\HC32F460Temp_FreeRTOS\Debug\Obj\Hw_Uart4.o
#        D:\00-githubFiles\HC32F460_FreeRTOS\HC32F460Temp_FreeRTOS\Debug\Obj\list.o
#        D:\00-githubFiles\HC32F460_FreeRTOS\HC32F460Temp_FreeRTOS\Debug\Obj\main.o
#        D:\00-githubFiles\HC32F460_FreeRTOS\HC32F460Temp_FreeRTOS\Debug\Obj\OLED.o
#        D:\00-githubFiles\HC32F460_FreeRTOS\HC32F460Temp_FreeRTOS\Debug\Obj\OLED_port.o
#        D:\00-githubFiles\HC32F460_FreeRTOS\HC32F460Temp_FreeRTOS\Debug\Obj\port.o
#        D:\00-githubFiles\HC32F460_FreeRTOS\HC32F460Temp_FreeRTOS\Debug\Obj\portasm.o
#        D:\00-githubFiles\HC32F460_FreeRTOS\HC32F460Temp_FreeRTOS\Debug\Obj\queue.o
#        D:\00-githubFiles\HC32F460_FreeRTOS\HC32F460Temp_FreeRTOS\Debug\Obj\sd_card.o
#        D:\00-githubFiles\HC32F460_FreeRTOS\HC32F460Temp_FreeRTOS\Debug\Obj\sdmmc_cmd.o
#        D:\00-githubFiles\HC32F460_FreeRTOS\HC32F460Temp_FreeRTOS\Debug\Obj\SEGGER_RTT.o
#        D:\00-githubFiles\HC32F460_FreeRTOS\HC32F460Temp_FreeRTOS\Debug\Obj\SEGGER_RTT_printf.o
#        D:\00-githubFiles\HC32F460_FreeRTOS\HC32F460Temp_FreeRTOS\Debug\Obj\startup_hc32f46x.o
#        D:\00-githubFiles\HC32F460_FreeRTOS\HC32F460Temp_FreeRTOS\Debug\Obj\System_Clk.o
#        D:\00-githubFiles\HC32F460_FreeRTOS\HC32F460Temp_FreeRTOS\Debug\Obj\system_hc32f46x.o
#        D:\00-githubFiles\HC32F460_FreeRTOS\HC32F460Temp_FreeRTOS\Debug\Obj\System_PowerDown.o
#        D:\00-githubFiles\HC32F460_FreeRTOS\HC32F460Temp_FreeRTOS\Debug\Obj\Task_ADC.o
#        D:\00-githubFiles\HC32F460_FreeRTOS\HC32F460Temp_FreeRTOS\Debug\Obj\Task_display.o
#        D:\00-githubFiles\HC32F460_FreeRTOS\HC32F460Temp_FreeRTOS\Debug\Obj\Task_FileSystem.o
#        D:\00-githubFiles\HC32F460_FreeRTOS\HC32F460Temp_FreeRTOS\Debug\Obj\Task_Key.o
#        D:\00-githubFiles\HC32F460_FreeRTOS\HC32F460Temp_FreeRTOS\Debug\Obj\Task_LED.o
#        D:\00-githubFiles\HC32F460_FreeRTOS\HC32F460Temp_FreeRTOS\Debug\Obj\Task_USB.o
#        D:\00-githubFiles\HC32F460_FreeRTOS\HC32F460Temp_FreeRTOS\Debug\Obj\tasks.o
#        D:\00-githubFiles\HC32F460_FreeRTOS\HC32F460Temp_FreeRTOS\Debug\Obj\timers.o
#        D:\00-githubFiles\HC32F460_FreeRTOS\HC32F460Temp_FreeRTOS\Debug\Obj\usb_bsp_template.o
#        D:\00-githubFiles\HC32F460_FreeRTOS\HC32F460Temp_FreeRTOS\Debug\Obj\usb_core.o
#        D:\00-githubFiles\HC32F460_FreeRTOS\HC32F460Temp_FreeRTOS\Debug\Obj\usb_dcd.o
#        D:\00-githubFiles\HC32F460_FreeRTOS\HC32F460Temp_FreeRTOS\Debug\Obj\usb_dcd_int.o
#        D:\00-githubFiles\HC32F460_FreeRTOS\HC32F460Temp_FreeRTOS\Debug\Obj\usb_otg.o
#        D:\00-githubFiles\HC32F460_FreeRTOS\HC32F460Temp_FreeRTOS\Debug\Obj\usbd_core.o
#        D:\00-githubFiles\HC32F460_FreeRTOS\HC32F460Temp_FreeRTOS\Debug\Obj\usbd_desc.o
#        D:\00-githubFiles\HC32F460_FreeRTOS\HC32F460Temp_FreeRTOS\Debug\Obj\usbd_ioreq.o
#        D:\00-githubFiles\HC32F460_FreeRTOS\HC32F460Temp_FreeRTOS\Debug\Obj\usbd_msc_bot.o
#        D:\00-githubFiles\HC32F460_FreeRTOS\HC32F460Temp_FreeRTOS\Debug\Obj\usbd_msc_core.o
#        D:\00-githubFiles\HC32F460_FreeRTOS\HC32F460Temp_FreeRTOS\Debug\Obj\usbd_msc_data.o
#        D:\00-githubFiles\HC32F460_FreeRTOS\HC32F460Temp_FreeRTOS\Debug\Obj\usbd_msc_scsi.o
#        D:\00-githubFiles\HC32F460_FreeRTOS\HC32F460Temp_FreeRTOS\Debug\Obj\usbd_req.o
#        D:\00-githubFiles\HC32F460_FreeRTOS\HC32F460Temp_FreeRTOS\Debug\Obj\usbd_storage_msd.o
#        D:\00-githubFiles\HC32F460_FreeRTOS\HC32F460Temp_FreeRTOS\Debug\Obj\usbd_usr.o
#        D:\00-githubFiles\HC32F460_FreeRTOS\HC32F460Temp_FreeRTOS\Debug\Obj\User_ADC.o
#        D:\00-githubFiles\HC32F460_FreeRTOS\HC32F460Temp_FreeRTOS\Debug\Obj\User_CAN.o
#        D:\00-githubFiles\HC32F460_FreeRTOS\HC32F460Temp_FreeRTOS\Debug\Obj\User_Crypto.o
#        D:\00-githubFiles\HC32F460_FreeRTOS\HC32F460Temp_FreeRTOS\Debug\Obj\User_DCU.o
#        D:\00-githubFiles\HC32F460_FreeRTOS\HC32F460Temp_FreeRTOS\Debug\Obj\User_DMA.o
#        D:\00-githubFiles\HC32F460_FreeRTOS\HC32F460Temp_FreeRTOS\Debug\Obj\User_Gpio.o
#        D:\00-githubFiles\HC32F460_FreeRTOS\HC32F460Temp_FreeRTOS\Debug\Obj\User_I2C.o
#        D:\00-githubFiles\HC32F460_FreeRTOS\HC32F460Temp_FreeRTOS\Debug\Obj\User_I2S.o
#        D:\00-githubFiles\HC32F460_FreeRTOS\HC32F460Temp_FreeRTOS\Debug\Obj\User_OTS.o
#        D:\00-githubFiles\HC32F460_FreeRTOS\HC32F460Temp_FreeRTOS\Debug\Obj\User_PWC.o
#        D:\00-githubFiles\HC32F460_FreeRTOS\HC32F460Temp_FreeRTOS\Debug\Obj\User_QSPI.o
#        D:\00-githubFiles\HC32F460_FreeRTOS\HC32F460Temp_FreeRTOS\Debug\Obj\User_RTC.o
#        D:\00-githubFiles\HC32F460_FreeRTOS\HC32F460Temp_FreeRTOS\Debug\Obj\User_SDIO.o
#        D:\00-githubFiles\HC32F460_FreeRTOS\HC32F460Temp_FreeRTOS\Debug\Obj\User_Task.o
#        D:\00-githubFiles\HC32F460_FreeRTOS\HC32F460Temp_FreeRTOS\Debug\Obj\User_Timer.o
#        D:\00-githubFiles\HC32F460_FreeRTOS\HC32F460Temp_FreeRTOS\Debug\Obj\User_Timer4.o
#        D:\00-githubFiles\HC32F460_FreeRTOS\HC32F460Temp_FreeRTOS\Debug\Obj\User_Timer6.o
#        D:\00-githubFiles\HC32F460_FreeRTOS\HC32F460Temp_FreeRTOS\Debug\Obj\User_TimerA.o
#        D:\00-githubFiles\HC32F460_FreeRTOS\HC32F460Temp_FreeRTOS\Debug\Obj\User_TRNG.o
#        D:\00-githubFiles\HC32F460_FreeRTOS\HC32F460Temp_FreeRTOS\Debug\Obj\User_Uart.o
#        D:\00-githubFiles\HC32F460_FreeRTOS\HC32F460Temp_FreeRTOS\Debug\Obj\w25qxx.o
#        D:\00-githubFiles\HC32F460_FreeRTOS\HC32F460Temp_FreeRTOS\Debug\Obj\wm8731.o
#        --no_out_extension -o
#        D:\00-githubFiles\HC32F460_FreeRTOS\HC32F460Temp_FreeRTOS\Debug\Exe\HC32F460_Temp_IAR.out
#        --redirect _Printf=_PrintfFull --redirect _Scanf=_ScanfFull --map
#        D:\00-githubFiles\HC32F460_FreeRTOS\HC32F460Temp_FreeRTOS\Debug\List\HC32F460_Temp_IAR.map
#        --config
#        D:\00-githubFiles\HC32F460_FreeRTOS\HC32F460Temp_FreeRTOS\HC32F46x.icf
#        --semihosting --entry __iar_program_start --vfe --text_out locale)
#
###############################################################################

*******************************************************************************
*** RUNTIME MODEL ATTRIBUTES
***

CppFlavor       = *
__SystemLibrary = DLib
__dlib_version  = 6


*******************************************************************************
*** HEAP SELECTION
***

The basic heap was selected because no calls to memory allocation
functions were found in the application outside of system library
functions, and there are calls to deallocation functions in the
application.


*******************************************************************************
*** PLACEMENT SUMMARY
***

"A0":  place at address 0x0 { ro section .intvec };
"P1":  place in [from 0x0 to 0x7'ffff] { ro };
define block CSTACK with size = 1K, alignment = 8 { };
define block HEAP with size = 1K, alignment = 8 { };
"P2":  place in [from 0x1fff'8000 to 0x1fff'ffff] |
                [from 0x2000'0000 to 0x2000'ffff repeat 2] |
                [from 0x2002'0000 to 0x2002'6fff] |
                [from 0x200f'0000 to 0x200f'0fff] {
          rw, block CSTACK, block HEAP };
initialize by copy { rw };

  Section            Kind         Address    Size  Object
  -------            ----         -------    ----  ------
"A0":                                       0x280
  .intvec            ro code          0x0   0x280  startup_hc32f46x.o [1]
                                  - 0x280   0x280

"P1", part 1 of 2:                          0x11c
  .text              ro code        0x280    0x38  hc32f46x_exint_nmi_swi.o [1]
  .text              ro code        0x2b8    0x14  cmsis_os.o [1]
  .text              ro code        0x2cc     0x2  User_PWC.o [1]
  .text              ro code        0x2ce    0x3a  zero_init3.o [4]
  .text              ro code        0x308    0x94  list.o [1]
                                  - 0x39c   0x11c

Absolute sections:                           0x20
  .rodata            const          0x400    0x20  hc32f46x_icg.o [1]
                                  - 0x420    0x20

"P1", part 2 of 2:                         0xb39a
  .text              ro code        0x420  0x1c94  hc32f46x_interrupts.o [1]
  .text              ro code       0x20b4   0x51c  tasks.o [1]
  .text              ro code       0x25d0   0x1c8  port.o [1]
  .text              ro code       0x2798   0x1c4  heap_4.o [1]
  CODE               ro code       0x295c    0xb0  portasm.o [1]
  .text              ro code       0x2a0c  0x10c6  xprintffull.o [2]
  .text              ro code       0x3ad2    0x1e  xencoding_8859_1.o [2]
  .text              ro code       0x3af0    0x7c  xlocale_c.o [2]
  .text              ro code       0x3b6c    0x16  strchr.o [4]
  .text              ro code       0x3b82     0xa  xsprout.o [2]
  .text              ro code       0x3b8c    0x40  xfail_s.o [2]
  .text              ro code       0x3bcc    0x36  strlen.o [4]
  .rodata            const         0x3c02     0x2  xlocale_c.o [2]
  .text              ro code       0x3c04    0x58  memchr.o [4]
  .text              ro code       0x3c5c    0xa6  ABImemcpy.o [4]
  .rodata            const         0x3d02     0x2  xlocale_c.o [2]
  .text              ro code       0x3d04    0x70  frexp.o [3]
  .text              ro code       0x3d74    0x2e  DblCmpLe.o [3]
  .rodata            const         0x3da2     0x1  xlocale_c.o [2]
  .text              ro code       0x3da4    0x2e  DblCmpGe.o [3]
  .text              ro code       0x3dd4   0x13a  ldexp.o [3]
  .text              ro code       0x3f10    0x3a  DblToS32.o [3]
  .text              ro code       0x3f4c    0x22  S32ToDbl.o [3]
  .text              ro code       0x3f70    0xe2  DblSub.o [3]
  .text              ro code       0x4054   0x246  DblDiv.o [3]
  .text              ro code       0x429c    0x28  DblToU32.o [3]
  .text              ro code       0x42c4    0x1a  U32ToDbl.o [3]
  .text              ro code       0x42e0   0x1a2  DblMul.o [3]
  .text              ro code       0x4482     0xa  xmbcurmax.o [2]
  .text              ro code       0x448c   0x230  I64DivMod.o [4]
  .text              ro code       0x46bc     0x6  abort.o [2]
  .text              ro code       0x46c4   0x16a  DblAdd.o [3]
  .text              ro code       0x4830     0x2  I64DivZer.o [4]
  .text              ro code       0x4834    0x14  exit.o [5]
  .text              ro code       0x4848   0x83c  hc32f46x_clk.o [1]
  .text              ro code       0x5084    0xa8  system_hc32f46x.o [1]
  .text              ro code       0x512c   0x75c  usb_core.o [1]
  .text              ro code       0x5888   0x104  usb_bsp_template.o [1]
  .text              ro code       0x598c   0x4fc  usb_dcd_int.o [1]
  .text              ro code       0x5e88    0x28  printf.o [2]
  .text              ro code       0x5eb0   0x148  hc32f46x_gpio.o [1]
  .text              ro code       0x5ff8   0x72c  hc32f46x_pwc.o [1]
  .text              ro code       0x6724   0x20c  hc32f46x_utility.o [1]
  .rodata            const         0x6930   0x5f0  OLED_port.o [1]
  .text              ro code       0x6f20   0x5dc  usbd_msc_scsi.o [1]
  .text              ro code       0x74fc     0x8  User_SDIO.o [1]
  .text              ro code       0x7504     0x6  ABImemclr.o [4]
  .text              ro code       0x750a   0x208  usb_dcd.o [1]
  .text              ro code       0x7714   0x1dc  usbd_msc_bot.o [1]
  .text              ro code       0x78f0    0x66  ABImemset.o [4]
  .text              ro code       0x7956    0x64  usbd_ioreq.o [1]
  .text              ro code       0x79bc   0x578  hc32f46x_usart.o [1]
  .text              ro code       0x7f34   0x4a0  usbd_req.o [1]
  .text              ro code       0x83d4   0x2b4  usbd_core.o [1]
  .text              ro code       0x8688   0x474  bsp_i2c_dma.o [1]
  .text              ro code       0x8afc   0x1e8  hc32f46x_i2c.o [1]
  .text              ro code       0x8ce4    0x98  bsp_dma.o [1]
  .text              ro code       0x8d7c    0x70  bsp_interrupt.o [1]
  .text              ro code       0x8dec     0x6  ABImemclr4.o [4]
  .text              ro code       0x8df4   0x3e0  hc32f46x_dmac.o [1]
  .text              ro code       0x91d4    0x32  ABImemset48.o [4]
  .text              ro code       0x9208   0x428  OLED.o [1]
  .text              ro code       0x9630    0xda  OLED_port.o [1]
  .text              ro code       0x970c   0x224  HW_I2C.o [1]
  .text              ro code       0x9930   0x41c  SEGGER_RTT_printf.o [1]
  .text              ro code       0x9d4c   0x1a4  SEGGER_RTT.o [1]
  .text              ro code       0x9ef0   0x304  w25qxx.o [1]
  .text              ro code       0xa1f4   0x138  hc32f46x_qspi.o [1]
  .text              ro code       0xa32c   0x214  System_Clk.o [1]
  .text              ro code       0xa540    0x4c  hc32f46x_efm.o [1]
  .text              ro code       0xa58c    0x24  hc32f46x_sram.o [1]
  .text              ro code       0xa5b0   0x1a8  Hw_Uart4.o [1]
  .text              ro code       0xa758   0x158  User_Gpio.o [1]
  .text              ro code       0xa8b0    0x70  System_PowerDown.o [1]
  .text              ro code       0xa920   0x12c  usbd_msc_core.o [1]
  .text              ro code       0xaa4c   0x114  User_ADC.o [1]
  .text              ro code       0xab60    0xd8  hc32f46x_adc.o [1]
  .text              ro code       0xac38   0x104  Task_ADC.o [1]
  .text              ro code       0xad3c    0x86  queue.o [1]
  .text              ro code       0xadc4    0x40  sprintf.o [2]
  .text              ro code       0xae04    0xf4  usbd_usr.o [1]
  .text              ro code       0xaef8    0xf0  usbd_desc.o [1]
  .text              ro code       0xafe8    0xd4  usbd_storage_msd.o [1]
  .text              ro code       0xb0bc    0x9c  packbits_init.o [4]
  .text              ro code       0xb158    0x90  User_Task.o [1]
  .text              ro code       0xb1e8    0x44  Task_LED.o [1]
  .text              ro code       0xb22c    0x4c  Task_display.o [1]
  .text              ro code       0xb278    0x64  Task_USB.o [1]
  .text              ro code       0xb2dc    0x88  main.o [1]
  .rodata            const         0xb364    0x78  main.o [1]
  .rodata            const         0xb3dc    0x6c  usbd_usr.o [1]
  .rodata            const         0xb448    0x48  usbd_storage_msd.o [1]
  .text              ro code       0xb490    0x44  startup_hc32f46x.o [1]
  .text              ro code       0xb4d4    0x28  data_init.o [4]
  .text              ro code       0xb4fc    0x22  fpinit_M.o [3]
  .iar.init_table    const         0xb520    0x2c  - Linker created -
  .text              ro code       0xb54c    0x1e  cmain.o [4]
  .text              ro code       0xb56a     0x4  low_level_init.o [2]
  .text              ro code       0xb56e     0x4  exit.o [2]
  .text              ro code       0xb574     0xa  cexit.o [4]
  .text              ro code       0xb57e    0x16  xprout.o [2]
  .text              ro code       0xb594     0xc  putchar.o [2]
  .text              ro code       0xb5a0     0xc  cstartup_M.o [4]
  .rodata            const         0xb5ac     0x8  usbd_msc_data.o [1]
  .rodata            const         0xb5b4     0x8  usbd_msc_data.o [1]
  .rodata            const         0xb5bc     0x8  usbd_msc_data.o [1]
  .text              ro code       0xb5c4     0x4  startup_hc32f46x.o [1]
  .text              ro code       0xb5c8     0x4  startup_hc32f46x.o [1]
  .text              ro code       0xb5cc     0x4  startup_hc32f46x.o [1]
  .rodata            const         0xb5d0     0x0  zero_init3.o [4]
  .rodata            const         0xb5d0     0x0  packbits_init.o [4]
  Initializer bytes  const         0xb5d0   0x1db  <for P2 s0>
                                 - 0xb7ab  0xb38b

"P2", part 1 of 3:                         0x127e
  P2 s0                       0x2000'0000  0x127e  <Init block>
    .data            inited   0x2000'0000  0x1084  User_SDIO.o [1]
    .data            inited   0x2000'1084    0x48  xlocale_c.o [2]
    .data            inited   0x2000'10cc    0x48  xfiles.o [2]
    .data            inited   0x2000'1114    0x38  xlocale_c.o [2]
    .data            inited   0x2000'114c    0x2c  usbd_core.o [1]
    .data            inited   0x2000'1178    0x2c  usbd_msc_core.o [1]
    .data            inited   0x2000'11a4    0x20  usbd_msc_core.o [1]
    .data            inited   0x2000'11c4    0x20  usbd_storage_msd.o [1]
    .data            inited   0x2000'11e4    0x1c  usbd_desc.o [1]
    .data            inited   0x2000'1200    0x1c  usbd_usr.o [1]
    .data            inited   0x2000'121c    0x18  User_Task.o [1]
    .data            inited   0x2000'1234    0x14  usbd_desc.o [1]
    .data            inited   0x2000'1248     0xc  port.o [1]
    .data            inited   0x2000'1254     0x8  hc32f46x_i2c.o [1]
    .data            inited   0x2000'125c     0x8  system_hc32f46x.o [1]
    .data            inited   0x2000'1264     0x8  User_SDIO.o [1]
    .data            inited   0x2000'126c     0x4  usbd_core.o [1]
    .data            inited   0x2000'1270     0x4  usbd_desc.o [1]
    .data            inited   0x2000'1274     0x4  usbd_storage_msd.o [1]
    .data            inited   0x2000'1278     0x3  hc32f46x_pwc.o [1]
    .data            inited   0x2000'127c     0x2  w25qxx.o [1]
                            - 0x2000'127e  0x127e

"P2", part 2 of 3:                         0x9090
  .bss               zero     0x2000'1280  0x3c18  heap_4.o [1]
  .bss               zero     0x2000'4e98  0x3014  usbd_msc_bot.o [1]
  .bss               zero     0x2000'7eac  0x1000  w25qxx.o [1]
  .bss               zero     0x2000'8eac   0x4e0  main.o [1]
  .bss               zero     0x2000'938c   0x4b8  SEGGER_RTT.o [1]
  .bss               zero     0x2000'9844   0x400  OLED.o [1]
  .bss               zero     0x2000'9c44   0x200  hc32f46x_interrupts.o [1]
  .bss               zero     0x2000'9e44   0x200  OLED.o [1]
  .bss               zero     0x2000'a044    0xa0  tasks.o [1]
  .bss               zero     0x2000'a0e4    0x8c  tasks.o [1]
  .bss               zero     0x2000'a170    0x50  xfiles.o [2]
  .bss               zero     0x2000'a1c0    0x40  usbd_req.o [1]
  .bss               zero     0x2000'a200    0x38  main.o [1]
  .bss               zero     0x2000'a238    0x20  usbd_msc_bot.o [1]
  .bss               zero     0x2000'a258    0x20  usbd_msc_scsi.o [1]
  .bss               zero     0x2000'a278    0x20  usbd_msc_scsi.o [1]
  .bss               zero     0x2000'a298    0x1c  Task_ADC.o [1]
  .bss               zero     0x2000'a2b4    0x18  hc32f46x_pwc.o [1]
  .bss               zero     0x2000'a2cc     0x8  bsp_i2c_dma.o [1]
  .bss               zero     0x2000'a2d4     0x8  usbd_req.o [1]
  .bss               zero     0x2000'a2dc     0x4  hc32f46x_exint_nmi_swi.o [1]
  .bss               zero     0x2000'a2e0     0x4  Task_ADC.o [1]
  .bss               zero     0x2000'a2e4     0x4  Task_display.o [1]
  .bss               zero     0x2000'a2e8     0x4  Task_LED.o [1]
  .bss               zero     0x2000'a2ec     0x4  Task_USB.o [1]
  .bss               zero     0x2000'a2f0     0x4  usbd_core.o [1]
  .bss               zero     0x2000'a2f4     0x4  usbd_req.o [1]
  .bss               zero     0x2000'a2f8     0x4  usbd_req.o [1]
  .bss               zero     0x2000'a2fc     0x4  User_Task.o [1]
  .bss               zero     0x2000'a300     0x4  xfail_s.o [2]
  .bss               zero     0x2000'a304     0x2  usbd_msc_core.o [1]
  .bss               zero     0x2000'a306     0x2  User_ADC.o [1]
  .bss               zero     0x2000'a308     0x1  hc32f46x_dmac.o [1]
  .bss               zero     0x2000'a309     0x1  usbd_storage_msd.o [1]
  .bss               zero     0x2000'a30a     0x1  usbd_usr.o [1]
  .bss               zero     0x2000'a30b     0x1  User_Gpio.o [1]
  .bss               zero     0x2000'a30c     0x1  User_Gpio.o [1]
  .bss               zero     0x2000'a30d     0x1  User_Gpio.o [1]
                            - 0x2000'a30e  0x908e

"P2", part 3 of 3:                          0x400
  CSTACK                      0x2000'a310   0x400  <Block>
    CSTACK           uninit   0x2000'a310   0x400  <Block tail>
                            - 0x2000'a710   0x400

Unused ranges:

         From           To      Size
         ----           --      ----
        0x39c        0x3ff      0x64
       0xb7ba     0x7'ffff  0x7'4846
  0x1fff'8000  0x1fff'ffff    0x8000
  0x2000'127e  0x2000'127f       0x2
  0x2000'a710  0x2000'ffff    0x58f0
  0x2001'0000  0x2001'ffff  0x1'0000
  0x2002'0000  0x2002'6fff    0x7000
  0x200f'0000  0x200f'0fff    0x1000


*******************************************************************************
*** INIT TABLE
***

          Address      Size
          -------      ----
Zero (__iar_zero_init3)
    1 destination range, total size 0x908e:
          0x2000'1280  0x908e

Copy/packbits (__iar_packbits_init3)
    1 source range, total size 0x1db (10% of destination):
               0xb5d0   0x1db
    1 destination range, total size 0x127e:
          0x2000'0000  0x127e



*******************************************************************************
*** MODULE SUMMARY
***

    Module                    ro code  ro data  rw data  ro data
                                                          (abs)
    ------                    -------  -------  -------  -------
command line/config:
    ------------------------------------------------------------
    Total:

D:\00-githubFiles\HC32F460_FreeRTOS\HC32F460Temp_FreeRTOS\Debug\Obj: [1]
    HW_I2C.o                      548
    Hw_Uart4.o                    424
    OLED.o                      1'064             1'536
    OLED_port.o                   218    1'520
    SEGGER_RTT.o                  420             1'208
    SEGGER_RTT_printf.o         1'052
    System_Clk.o                  532
    System_PowerDown.o            112
    Task_ADC.o                    260                32
    Task_LED.o                     68                 4
    Task_USB.o                    100                 4
    Task_display.o                 76                 4
    User_ADC.o                    276                 2
    User_Gpio.o                   344                 3
    User_PWC.o                      2
    User_SDIO.o                     8      425    4'236
    User_Task.o                   144        2       28
    bsp_dma.o                     152
    bsp_i2c_dma.o               1'140                 8
    bsp_interrupt.o               112
    cmsis_os.o                     20
    hc32f46x_adc.o                216
    hc32f46x_clk.o              2'108
    hc32f46x_dmac.o               992                 1
    hc32f46x_efm.o                 76
    hc32f46x_exint_nmi_swi.o       56                 4
    hc32f46x_gpio.o               328
    hc32f46x_i2c.o                488        1        8
    hc32f46x_icg.o                                            32
    hc32f46x_interrupts.o       7'316               512
    hc32f46x_pwc.o              1'836                27
    hc32f46x_qspi.o               312
    hc32f46x_sram.o                36
    hc32f46x_usart.o            1'400
    hc32f46x_utility.o            524
    heap_4.o                      452            15'384
    list.o                        148
    main.o                        136      120    1'304
    port.o                        456        1       12
    portasm.o                     176
    queue.o                       134
    startup_hc32f46x.o            720
    system_hc32f46x.o             168        1        8
    tasks.o                     1'308               300
    usb_bsp_template.o            260
    usb_core.o                  1'884
    usb_dcd.o                     520
    usb_dcd_int.o               1'276
    usbd_core.o                   692        4       52
    usbd_desc.o                   240        5       52
    usbd_ioreq.o                  100
    usbd_msc_bot.o                476            12'340
    usbd_msc_core.o               300        8       78
    usbd_msc_data.o                         24
    usbd_msc_scsi.o             1'500                64
    usbd_req.o                  1'184                80
    usbd_storage_msd.o            212       76       37
    usbd_usr.o                    244      111       29
    w25qxx.o                      772        1    4'098
    ------------------------------------------------------------
    Total:                     36'118    2'299   41'455       32

dl7M_tlf.a: [2]
    abort.o                         6
    exit.o                          4
    low_level_init.o                4
    printf.o                       40
    putchar.o                      12
    sprintf.o                      64
    xencoding_8859_1.o             30
    xfail_s.o                      64                 4
    xfiles.o                                 7      152
    xlocale_c.o                   124       18      128
    xmbcurmax.o                    10
    xprintffull.o               4'294
    xprout.o                       22
    xsprout.o                      10
    ------------------------------------------------------------
    Total:                      4'684       25      284

m7M_tls.a: [3]
    DblAdd.o                      362
    DblCmpGe.o                     46
    DblCmpLe.o                     46
    DblDiv.o                      582
    DblMul.o                      418
    DblSub.o                      226
    DblToS32.o                     58
    DblToU32.o                     40
    S32ToDbl.o                     34
    U32ToDbl.o                     26
    fpinit_M.o                     34
    frexp.o                       112
    ldexp.o                       314
    ------------------------------------------------------------
    Total:                      2'298

rt7M_tl.a: [4]
    ABImemclr.o                     6
    ABImemclr4.o                    6
    ABImemcpy.o                   166
    ABImemset.o                   102
    ABImemset48.o                  50
    I64DivMod.o                   560
    I64DivZer.o                     2
    cexit.o                        10
    cmain.o                        30
    cstartup_M.o                   12
    data_init.o                    40
    memchr.o                       88
    packbits_init.o               156
    strchr.o                       22
    strlen.o                       54
    zero_init3.o                   58
    ------------------------------------------------------------
    Total:                      1'362

shb_l.a: [5]
    exit.o                         20
    ------------------------------------------------------------
    Total:                         20

    Gaps                           35        2        1
    Linker created                          44    1'024
----------------------------------------------------------------
    Grand Total:               44'517    2'370   42'764       32


*******************************************************************************
*** ENTRY LIST
***

Entry                       Address    Size  Type      Object
-----                       -------    ----  ----      ------
.iar.init_table$$Base        0xb520           --   Gb  - Linker created -
.iar.init_table$$Limit       0xb54c           --   Gb  - Linker created -
?main                        0xb54d          Code  Gb  cmain.o [4]
ADC1_AIN10_Data         0x2000'a306     0x2  Data  Gb  User_ADC.o [1]
ADC1_Start_convert           0xaa65     0x8  Code  Gb  User_ADC.o [1]
ADC_AddAdcChannel            0xabad    0x84  Code  Gb  hc32f46x_adc.o [1]
ADC_EOCA_CallBack            0xaa5b     0xa  Code  Gb  User_ADC.o [1]
ADC_Init                     0xab61    0x4c  Code  Gb  hc32f46x_adc.o [1]
BusFault_Handler              0x4c5     0x8  Code  Gb  hc32f46x_interrupts.o [1]
CLK_ClearXtalStdFlag         0x5001    0x2e  Code  Gb  hc32f46x_clk.o [1]
CLK_GetClockFreq             0x4d9d    0xd4  Code  Gb  hc32f46x_clk.o [1]
CLK_GetFlagStatus            0x4fc1    0x36  Code  Gb  hc32f46x_clk.o [1]
CLK_GetPllClockFreq          0x4e71   0x100  Code  Gb  hc32f46x_clk.o [1]
CLK_HrcCmd                   0x49ef    0x62  Code  Gb  hc32f46x_clk.o [1]
CLK_LrcCmd                   0x4a75    0x54  Code  Gb  hc32f46x_clk.o [1]
CLK_MpllCmd                  0x4af9    0x56  Code  Gb  hc32f46x_clk.o [1]
CLK_MpllConfig               0x4ae7    0x12  Code  Gb  hc32f46x_clk.o [1]
CLK_SetPeriClkSource         0x4fa1    0x20  Code  Gb  hc32f46x_clk.o [1]
CLK_SetPllSource             0x4ac9    0x1e  Code  Gb  hc32f46x_clk.o [1]
CLK_SetSysClkSource          0x4c17    0xb2  Code  Gb  hc32f46x_clk.o [1]
CLK_SetUsbClkSource          0x4f71    0x1e  Code  Gb  hc32f46x_clk.o [1]
CLK_SysClkConfig             0x4cc9    0xd4  Code  Gb  hc32f46x_clk.o [1]
CLK_UpllCmd                  0x4bb9    0x5e  Code  Gb  hc32f46x_clk.o [1]
CLK_UpllConfig               0x4b4f    0x10  Code  Gb  hc32f46x_clk.o [1]
CLK_Xtal32Cmd                0x499b    0x54  Code  Gb  hc32f46x_clk.o [1]
CLK_Xtal32Config             0x495d    0x3e  Code  Gb  hc32f46x_clk.o [1]
CLK_XtalCmd                  0x48f3    0x6a  Code  Gb  hc32f46x_clk.o [1]
CLK_XtalConfig               0x4849    0x44  Code  Gb  hc32f46x_clk.o [1]
CLK_XtalStbConfig            0x488d    0x1c  Code  Gb  hc32f46x_clk.o [1]
CLK_XtalStpConfig            0x48a9    0x4a  Code  Gb  hc32f46x_clk.o [1]
CSTACK$$Base            0x2000'a310           --   Gb  - Linker created -
CSTACK$$Limit           0x2000'a710           --   Gb  - Linker created -
CacheMore                    0x3af5    0x28  Code  Lc  xlocale_c.o [2]
Clkdata                 0x2000'a200    0x20  Data  Gb  main.o [1]
DCD_EP_Close                 0x75cb    0x2c  Code  Gb  usb_dcd.o [1]
DCD_EP_ClrStall              0x76ad    0x3e  Code  Gb  usb_dcd.o [1]
DCD_EP_Flush                 0x76eb    0x18  Code  Gb  usb_dcd.o [1]
DCD_EP_Open                  0x758b    0x40  Code  Gb  usb_dcd.o [1]
DCD_EP_PrepareRx             0x75f7    0x40  Code  Gb  usb_dcd.o [1]
DCD_EP_SetAddress            0x7703    0x10  Code  Gb  usb_dcd.o [1]
DCD_EP_Stall                 0x766f    0x3e  Code  Gb  usb_dcd.o [1]
DCD_EP_Tx                    0x7637    0x38  Code  Gb  usb_dcd.o [1]
DCD_HandleUsbReset_ISR::__FUNCTION__
                             0x5e68    0x18  Data  Lc  usb_dcd_int.o [1]
DCD_Init                     0x750b    0x80  Code  Gb  usb_dcd.o [1]
DMA_ChannelCfg               0x9061    0x98  Code  Gb  hc32f46x_dmac.o [1]
DMA_ChannelCmd               0x8e59   0x13e  Code  Gb  hc32f46x_dmac.o [1]
DMA_ClearIrqFlag             0x8e09    0x50  Code  Gb  hc32f46x_dmac.o [1]
DMA_Cmd                      0x8df5     0xa  Code  Gb  hc32f46x_dmac.o [1]
DMA_InitChannel              0x90f9    0xc8  Code  Gb  hc32f46x_dmac.o [1]
DMA_RX_TC_Callback           0x86af    0x66  Code  Gb  bsp_i2c_dma.o [1]
DMA_SetDesAddress            0x8fcb    0x34  Code  Gb  hc32f46x_dmac.o [1]
DMA_SetSrcAddress            0x8f97    0x34  Code  Gb  hc32f46x_dmac.o [1]
DMA_SetTransferCnt           0x8fff    0x48  Code  Gb  hc32f46x_dmac.o [1]
DMA_SetTriggerSrc            0x9047    0x1a  Code  Gb  hc32f46x_dmac.o [1]
DMA_TX_TC_Callback           0x8689    0x26  Code  Gb  bsp_i2c_dma.o [1]
Ddl_Delay1ms                 0x689f    0x2c  Code  Gb  hc32f46x_utility.o [1]
Ddl_Delay1us                 0x68cb    0x32  Code  Gb  hc32f46x_utility.o [1]
Ddl_UartInit                 0x6739   0x166  Code  Gb  hc32f46x_utility.o [1]
DebugMon_Handler              0x4d5     0x8  Code  Gb  hc32f46x_interrupts.o [1]
DmaChEnState            0x2000'a308     0x1  Data  Lc  hc32f46x_dmac.o [1]
EFM_InstructionCacheCmd
                             0xa575     0xe  Code  Gb  hc32f46x_efm.o [1]
EFM_Lock                     0xa553    0x14  Code  Gb  hc32f46x_efm.o [1]
EFM_SetLatency               0xa567     0xe  Code  Gb  hc32f46x_efm.o [1]
EFM_Unlock                   0xa541    0x12  Code  Gb  hc32f46x_efm.o [1]
EXINT_Init                    0x281    0x2a  Code  Gb  hc32f46x_exint_nmi_swi.o [1]
F8X16                        0x6930   0x5f0  Data  Gb  OLED_port.o [1]
Get_ADC_V11                  0xaa53     0x2  Code  Gb  User_ADC.o [1]
Get_AIN10Data                0xaa4d     0x6  Code  Gb  User_ADC.o [1]
HRC_VALUE               0x2000'125c     0x4  Data  Gb  system_hc32f46x.o [1]
HW_I2C_Init                  0x972b    0x6c  Code  Gb  HW_I2C.o [1]
HW_I2C_Port_Init             0x970d    0x1e  Code  Gb  HW_I2C.o [1]
H_Task_ADC              0x2000'a2e0     0x4  Data  Gb  Task_ADC.o [1]
H_Task_Display          0x2000'a2e4     0x4  Data  Gb  Task_display.o [1]
H_Task_LED              0x2000'a2e8     0x4  Data  Gb  Task_LED.o [1]
H_Task_USB              0x2000'a2ec     0x4  Data  Gb  Task_USB.o [1]
HardFault_Handler             0x4a5    0x18  Code  Gb  hc32f46x_interrupts.o [1]
Hd_Task_Start           0x2000'a2fc     0x4  Data  Gb  User_Task.o [1]
Hw_Uart4_Init                0xa5f9   0x142  Code  Gb  Hw_Uart4.o [1]
I2C_BaudrateConfig           0x8afd   0x124  Code  Gb  hc32f46x_i2c.o [1]
I2C_ClearStatus              0x8ccb     0xc  Code  Gb  hc32f46x_i2c.o [1]
I2C_Cmd                      0x8c85     0xa  Code  Gb  hc32f46x_i2c.o [1]
I2C_DMA_Read_data            0x88ff   0x1c8  Code  Gb  bsp_i2c_dma.o [1]
I2C_DMA_Write_data           0x87a7   0x158  Code  Gb  bsp_i2c_dma.o [1]
I2C_DeInit                   0x8c21    0x14  Code  Gb  hc32f46x_i2c.o [1]
I2C_GenerateReStart          0x8c99     0xa  Code  Gb  hc32f46x_i2c.o [1]
I2C_GenerateStart            0x8c8f     0xa  Code  Gb  hc32f46x_i2c.o [1]
I2C_GenerateStop             0x8ca3     0xa  Code  Gb  hc32f46x_i2c.o [1]
I2C_GetStatus                0x8cbd     0xe  Code  Gb  hc32f46x_i2c.o [1]
I2C_Init                     0x8c35    0x50  Code  Gb  hc32f46x_i2c.o [1]
I2C_NackConfig               0x8cb3     0xa  Code  Gb  hc32f46x_i2c.o [1]
I2C_SendData                 0x8cad     0x6  Code  Gb  hc32f46x_i2c.o [1]
I2C_Write_data               0x97a5   0x140  Code  Gb  HW_I2C.o [1]
IRQ000_Handler                0x4eb     0xe  Code  Gb  hc32f46x_interrupts.o [1]
IRQ001_Handler                0x4f9     0xe  Code  Gb  hc32f46x_interrupts.o [1]
IRQ002_Handler                0x507     0xe  Code  Gb  hc32f46x_interrupts.o [1]
IRQ003_Handler                0x515     0xe  Code  Gb  hc32f46x_interrupts.o [1]
IRQ004_Handler                0x523     0xe  Code  Gb  hc32f46x_interrupts.o [1]
IRQ005_Handler                0x531     0xe  Code  Gb  hc32f46x_interrupts.o [1]
IRQ006_Handler                0x53f     0xe  Code  Gb  hc32f46x_interrupts.o [1]
IRQ007_Handler                0x54d     0xe  Code  Gb  hc32f46x_interrupts.o [1]
IRQ008_Handler                0x55b     0xe  Code  Gb  hc32f46x_interrupts.o [1]
IRQ009_Handler                0x569     0xe  Code  Gb  hc32f46x_interrupts.o [1]
IRQ010_Handler                0x577     0xe  Code  Gb  hc32f46x_interrupts.o [1]
IRQ011_Handler                0x585     0xe  Code  Gb  hc32f46x_interrupts.o [1]
IRQ012_Handler                0x593     0xe  Code  Gb  hc32f46x_interrupts.o [1]
IRQ013_Handler                0x5a1     0xe  Code  Gb  hc32f46x_interrupts.o [1]
IRQ014_Handler                0x5af     0xe  Code  Gb  hc32f46x_interrupts.o [1]
IRQ015_Handler                0x5bd     0xe  Code  Gb  hc32f46x_interrupts.o [1]
IRQ016_Handler                0x5cb     0xe  Code  Gb  hc32f46x_interrupts.o [1]
IRQ017_Handler                0x5d9     0xe  Code  Gb  hc32f46x_interrupts.o [1]
IRQ018_Handler                0x5e7     0xe  Code  Gb  hc32f46x_interrupts.o [1]
IRQ019_Handler                0x5f5     0xe  Code  Gb  hc32f46x_interrupts.o [1]
IRQ020_Handler                0x603     0xe  Code  Gb  hc32f46x_interrupts.o [1]
IRQ021_Handler                0x611     0xe  Code  Gb  hc32f46x_interrupts.o [1]
IRQ022_Handler                0x61f     0xe  Code  Gb  hc32f46x_interrupts.o [1]
IRQ023_Handler                0x62d     0xe  Code  Gb  hc32f46x_interrupts.o [1]
IRQ024_Handler                0x63b     0xe  Code  Gb  hc32f46x_interrupts.o [1]
IRQ025_Handler                0x649     0xe  Code  Gb  hc32f46x_interrupts.o [1]
IRQ026_Handler                0x657     0xe  Code  Gb  hc32f46x_interrupts.o [1]
IRQ027_Handler                0x665     0xe  Code  Gb  hc32f46x_interrupts.o [1]
IRQ028_Handler                0x673     0xe  Code  Gb  hc32f46x_interrupts.o [1]
IRQ029_Handler                0x681     0xe  Code  Gb  hc32f46x_interrupts.o [1]
IRQ030_Handler                0x68f     0xe  Code  Gb  hc32f46x_interrupts.o [1]
IRQ031_Handler                0x69d     0xe  Code  Gb  hc32f46x_interrupts.o [1]
IRQ032_Handler                0x6ab    0x10  Code  Gb  hc32f46x_interrupts.o [1]
IRQ033_Handler                0x6bb    0x10  Code  Gb  hc32f46x_interrupts.o [1]
IRQ034_Handler                0x6cb    0x10  Code  Gb  hc32f46x_interrupts.o [1]
IRQ035_Handler                0x6db    0x10  Code  Gb  hc32f46x_interrupts.o [1]
IRQ036_Handler                0x6eb    0x10  Code  Gb  hc32f46x_interrupts.o [1]
IRQ037_Handler                0x6fb    0x10  Code  Gb  hc32f46x_interrupts.o [1]
IRQ038_Handler                0x70b    0x10  Code  Gb  hc32f46x_interrupts.o [1]
IRQ039_Handler                0x71b    0x10  Code  Gb  hc32f46x_interrupts.o [1]
IRQ040_Handler                0x72b    0x10  Code  Gb  hc32f46x_interrupts.o [1]
IRQ041_Handler                0x73b    0x10  Code  Gb  hc32f46x_interrupts.o [1]
IRQ042_Handler                0x74b    0x10  Code  Gb  hc32f46x_interrupts.o [1]
IRQ043_Handler                0x75b    0x10  Code  Gb  hc32f46x_interrupts.o [1]
IRQ044_Handler                0x76b    0x10  Code  Gb  hc32f46x_interrupts.o [1]
IRQ045_Handler                0x77b    0x10  Code  Gb  hc32f46x_interrupts.o [1]
IRQ046_Handler                0x78b    0x10  Code  Gb  hc32f46x_interrupts.o [1]
IRQ047_Handler                0x79b    0x10  Code  Gb  hc32f46x_interrupts.o [1]
IRQ048_Handler                0x7ab    0x10  Code  Gb  hc32f46x_interrupts.o [1]
IRQ049_Handler                0x7bb    0x10  Code  Gb  hc32f46x_interrupts.o [1]
IRQ050_Handler                0x7cb    0x10  Code  Gb  hc32f46x_interrupts.o [1]
IRQ051_Handler                0x7db    0x10  Code  Gb  hc32f46x_interrupts.o [1]
IRQ052_Handler                0x7eb    0x10  Code  Gb  hc32f46x_interrupts.o [1]
IRQ053_Handler                0x7fb    0x10  Code  Gb  hc32f46x_interrupts.o [1]
IRQ054_Handler                0x80b    0x10  Code  Gb  hc32f46x_interrupts.o [1]
IRQ055_Handler                0x81b    0x10  Code  Gb  hc32f46x_interrupts.o [1]
IRQ056_Handler                0x82b    0x10  Code  Gb  hc32f46x_interrupts.o [1]
IRQ057_Handler                0x83b    0x10  Code  Gb  hc32f46x_interrupts.o [1]
IRQ058_Handler                0x84b    0x10  Code  Gb  hc32f46x_interrupts.o [1]
IRQ059_Handler                0x85b    0x10  Code  Gb  hc32f46x_interrupts.o [1]
IRQ060_Handler                0x86b    0x10  Code  Gb  hc32f46x_interrupts.o [1]
IRQ061_Handler                0x87b    0x10  Code  Gb  hc32f46x_interrupts.o [1]
IRQ062_Handler                0x88b    0x10  Code  Gb  hc32f46x_interrupts.o [1]
IRQ063_Handler                0x89b    0x10  Code  Gb  hc32f46x_interrupts.o [1]
IRQ064_Handler                0x8ab    0x10  Code  Gb  hc32f46x_interrupts.o [1]
IRQ065_Handler                0x8bb    0x10  Code  Gb  hc32f46x_interrupts.o [1]
IRQ066_Handler                0x8cb    0x10  Code  Gb  hc32f46x_interrupts.o [1]
IRQ067_Handler                0x8db    0x10  Code  Gb  hc32f46x_interrupts.o [1]
IRQ068_Handler                0x8eb    0x10  Code  Gb  hc32f46x_interrupts.o [1]
IRQ069_Handler                0x8fb    0x10  Code  Gb  hc32f46x_interrupts.o [1]
IRQ070_Handler                0x90b    0x10  Code  Gb  hc32f46x_interrupts.o [1]
IRQ071_Handler                0x91b    0x10  Code  Gb  hc32f46x_interrupts.o [1]
IRQ072_Handler                0x92b    0x10  Code  Gb  hc32f46x_interrupts.o [1]
IRQ073_Handler                0x93b    0x10  Code  Gb  hc32f46x_interrupts.o [1]
IRQ074_Handler                0x94b    0x10  Code  Gb  hc32f46x_interrupts.o [1]
IRQ075_Handler                0x95b    0x10  Code  Gb  hc32f46x_interrupts.o [1]
IRQ076_Handler                0x96b    0x10  Code  Gb  hc32f46x_interrupts.o [1]
IRQ077_Handler                0x97b    0x10  Code  Gb  hc32f46x_interrupts.o [1]
IRQ078_Handler                0x98b    0x10  Code  Gb  hc32f46x_interrupts.o [1]
IRQ079_Handler                0x99b    0x10  Code  Gb  hc32f46x_interrupts.o [1]
IRQ080_Handler                0x9ab    0x10  Code  Gb  hc32f46x_interrupts.o [1]
IRQ081_Handler                0x9bb    0x10  Code  Gb  hc32f46x_interrupts.o [1]
IRQ082_Handler                0x9cb    0x10  Code  Gb  hc32f46x_interrupts.o [1]
IRQ083_Handler                0x9db    0x10  Code  Gb  hc32f46x_interrupts.o [1]
IRQ084_Handler                0x9eb    0x10  Code  Gb  hc32f46x_interrupts.o [1]
IRQ085_Handler                0x9fb     0xe  Code  Gb  hc32f46x_interrupts.o [1]
IRQ086_Handler                0xa09     0xe  Code  Gb  hc32f46x_interrupts.o [1]
IRQ087_Handler                0xa17     0xe  Code  Gb  hc32f46x_interrupts.o [1]
IRQ088_Handler                0xa25     0xe  Code  Gb  hc32f46x_interrupts.o [1]
IRQ089_Handler                0xa33     0xe  Code  Gb  hc32f46x_interrupts.o [1]
IRQ090_Handler                0xa41     0xe  Code  Gb  hc32f46x_interrupts.o [1]
IRQ091_Handler                0xa4f     0xe  Code  Gb  hc32f46x_interrupts.o [1]
IRQ092_Handler                0xa5d     0xe  Code  Gb  hc32f46x_interrupts.o [1]
IRQ093_Handler                0xa6b     0xe  Code  Gb  hc32f46x_interrupts.o [1]
IRQ094_Handler                0xa79     0xe  Code  Gb  hc32f46x_interrupts.o [1]
IRQ095_Handler                0xa87     0xe  Code  Gb  hc32f46x_interrupts.o [1]
IRQ096_Handler                0xa95     0xe  Code  Gb  hc32f46x_interrupts.o [1]
IRQ097_Handler                0xaa3     0xe  Code  Gb  hc32f46x_interrupts.o [1]
IRQ098_Handler                0xab1     0xe  Code  Gb  hc32f46x_interrupts.o [1]
IRQ099_Handler                0xabf     0xe  Code  Gb  hc32f46x_interrupts.o [1]
IRQ100_Handler                0xacd     0xe  Code  Gb  hc32f46x_interrupts.o [1]
IRQ101_Handler                0xadb     0xe  Code  Gb  hc32f46x_interrupts.o [1]
IRQ102_Handler                0xae9     0xe  Code  Gb  hc32f46x_interrupts.o [1]
IRQ103_Handler                0xaf7     0xe  Code  Gb  hc32f46x_interrupts.o [1]
IRQ104_Handler                0xb05     0xe  Code  Gb  hc32f46x_interrupts.o [1]
IRQ105_Handler                0xb13     0xe  Code  Gb  hc32f46x_interrupts.o [1]
IRQ106_Handler                0xb21     0xe  Code  Gb  hc32f46x_interrupts.o [1]
IRQ107_Handler                0xb2f     0xe  Code  Gb  hc32f46x_interrupts.o [1]
IRQ108_Handler                0xb3d     0xe  Code  Gb  hc32f46x_interrupts.o [1]
IRQ109_Handler                0xb4b     0xe  Code  Gb  hc32f46x_interrupts.o [1]
IRQ110_Handler                0xb59     0xe  Code  Gb  hc32f46x_interrupts.o [1]
IRQ111_Handler                0xb67     0xe  Code  Gb  hc32f46x_interrupts.o [1]
IRQ112_Handler                0xb75     0xe  Code  Gb  hc32f46x_interrupts.o [1]
IRQ113_Handler                0xb83     0xe  Code  Gb  hc32f46x_interrupts.o [1]
IRQ114_Handler                0xb91     0xe  Code  Gb  hc32f46x_interrupts.o [1]
IRQ115_Handler                0xb9f     0xe  Code  Gb  hc32f46x_interrupts.o [1]
IRQ116_Handler                0xbad     0xe  Code  Gb  hc32f46x_interrupts.o [1]
IRQ117_Handler                0xbbb     0xe  Code  Gb  hc32f46x_interrupts.o [1]
IRQ118_Handler                0xbc9     0xe  Code  Gb  hc32f46x_interrupts.o [1]
IRQ119_Handler                0xbd7     0xe  Code  Gb  hc32f46x_interrupts.o [1]
IRQ120_Handler                0xbe5     0xe  Code  Gb  hc32f46x_interrupts.o [1]
IRQ121_Handler                0xbf3     0xe  Code  Gb  hc32f46x_interrupts.o [1]
IRQ122_Handler                0xc01     0xe  Code  Gb  hc32f46x_interrupts.o [1]
IRQ123_Handler                0xc0f     0xe  Code  Gb  hc32f46x_interrupts.o [1]
IRQ124_Handler                0xc1d     0xe  Code  Gb  hc32f46x_interrupts.o [1]
IRQ125_Handler                0xc2b     0xe  Code  Gb  hc32f46x_interrupts.o [1]
IRQ126_Handler                0xc39     0xe  Code  Gb  hc32f46x_interrupts.o [1]
IRQ127_Handler                0xc47     0xe  Code  Gb  hc32f46x_interrupts.o [1]
IRQ128_Handler                0xc55    0xec  Code  Gb  hc32f46x_interrupts.o [1]
IRQ129_Handler                0xd59   0x33a  Code  Gb  hc32f46x_interrupts.o [1]
IRQ130_Handler               0x1093    0xa8  Code  Gb  hc32f46x_interrupts.o [1]
IRQ131_Handler               0x113b   0x1e2  Code  Gb  hc32f46x_interrupts.o [1]
IRQ132_Handler               0x131d    0xf6  Code  Gb  hc32f46x_interrupts.o [1]
IRQ136_Handler               0x1413   0x238  Code  Gb  hc32f46x_interrupts.o [1]
IRQ137_Handler               0x164b   0x1d6  Code  Gb  hc32f46x_interrupts.o [1]
IRQ138_Handler               0x1851   0x17e  Code  Gb  hc32f46x_interrupts.o [1]
IRQ139_Handler               0x19e1    0xc4  Code  Gb  hc32f46x_interrupts.o [1]
IRQ140_Handler               0x1ae5   0x186  Code  Gb  hc32f46x_interrupts.o [1]
IRQ141_Handler               0x1c91   0x1aa  Code  Gb  hc32f46x_interrupts.o [1]
IRQ142_Handler               0x1e49    0xc0  Code  Gb  hc32f46x_interrupts.o [1]
IRQ143_Handler               0x1f1d    0x9c  Code  Gb  hc32f46x_interrupts.o [1]
IrqHandler              0x2000'9c44   0x200  Data  Gb  hc32f46x_interrupts.o [1]
LED_Status              0x2000'a30d     0x1  Data  Gb  User_Gpio.o [1]
LPM_TEST                     0xa8d9    0x1e  Code  Gb  System_PowerDown.o [1]
MSC_BOT_Abort                0x7879    0x3c  Code  Lc  usbd_msc_bot.o [1]
MSC_BOT_CplClrFeature        0x78b5    0x28  Code  Gb  usbd_msc_bot.o [1]
MSC_BOT_Data            0x2000'4eac  0x3000  Data  Gb  usbd_msc_bot.o [1]
MSC_BOT_DataIn               0x775d    0x36  Code  Gb  usbd_msc_bot.o [1]
MSC_BOT_DataLen         0x2000'4eaa     0x2  Data  Gb  usbd_msc_bot.o [1]
MSC_BOT_DataOut              0x7793    0xba  Code  Gb  usbd_msc_bot.o [1]
MSC_BOT_DeInit               0x7755     0x8  Code  Gb  usbd_msc_bot.o [1]
MSC_BOT_Init                 0x7715    0x2c  Code  Gb  usbd_msc_bot.o [1]
MSC_BOT_Reset                0x7741    0x14  Code  Gb  usbd_msc_bot.o [1]
MSC_BOT_SendCSW              0x784d    0x22  Code  Gb  usbd_msc_bot.o [1]
MSC_BOT_State           0x2000'4ea8     0x1  Data  Gb  usbd_msc_bot.o [1]
MSC_BOT_Status          0x2000'4ea9     0x1  Data  Gb  usbd_msc_bot.o [1]
MSC_BOT_cbw             0x2000'a238    0x20  Data  Gb  usbd_msc_bot.o [1]
MSC_BOT_csw             0x2000'4e98    0x10  Data  Gb  usbd_msc_bot.o [1]
MSC_Mode_Sense10_data        0xb5bc     0x8  Data  Gb  usbd_msc_data.o [1]
MSC_Mode_Sense6_data         0xb5b4     0x8  Data  Gb  usbd_msc_data.o [1]
MSC_Page00_Inquiry_Data
                             0xb5ac     0x8  Data  Gb  usbd_msc_data.o [1]
MemManage_Handler             0x4bd     0x8  Code  Gb  hc32f46x_interrupts.o [1]
NMI_Handler                   0x49d     0x8  Code  Gb  hc32f46x_interrupts.o [1]
NMI_IrqHandler                0x2ab     0x6  Code  Gb  hc32f46x_exint_nmi_swi.o [1]
NVIC_ISER_BAK           0x2000'a2b8    0x14  Data  Gb  hc32f46x_pwc.o [1]
OLED_Clear                   0x939d    0x44  Code  Gb  OLED.o [1]
OLED_Display_On              0x9209    0x1e  Code  Gb  OLED.o [1]
OLED_Init                    0x9227    0xce  Code  Gb  OLED.o [1]
OLED_Port_init               0x9631    0x26  Code  Gb  OLED_port.o [1]
OLED_Refresh                 0x92f5    0xa8  Code  Gb  OLED.o [1]
OLED_ShowChar2               0x9461   0x192  Code  Gb  OLED.o [1]
OLED_ShowString2             0x95f3    0x2c  Code  Gb  OLED.o [1]
OLED_WR_Byte                 0x9701     0xa  Code  Gb  OLED_port.o [1]
PORT_DebugPortSetting        0x5f61    0x26  Code  Gb  hc32f46x_gpio.o [1]
PORT_Init                    0x5eb1    0xb0  Code  Gb  hc32f46x_gpio.o [1]
PORT_SetFunc                 0x5f87    0x60  Code  Gb  hc32f46x_gpio.o [1]
PWC_EnterStopMd              0x6313   0x3ca  Code  Gb  hc32f46x_pwc.o [1]
PWC_Fcg0PeriphClockCmd       0x6041    0x22  Code  Gb  hc32f46x_pwc.o [1]
PWC_Fcg1PeriphClockCmd       0x6063    0x16  Code  Gb  hc32f46x_pwc.o [1]
PWC_Fcg3PeriphClockCmd       0x6079    0x16  Code  Gb  hc32f46x_pwc.o [1]
PWC_IrqClkBackup             0x62e1    0x1c  Code  Gb  hc32f46x_pwc.o [1]
PWC_IrqClkRecover            0x62fd    0x16  Code  Gb  hc32f46x_pwc.o [1]
PWC_PwrMonitorCmd            0x6019    0x28  Code  Gb  hc32f46x_pwc.o [1]
PWC_SetSysClk                0x6113    0x8e  Code  Lc  hc32f46x_pwc.o [1]
PWC_StopModeCfg              0x608f    0x78  Code  Gb  hc32f46x_pwc.o [1]
PWC_enClockBackup            0x61a1    0xee  Code  Lc  hc32f46x_pwc.o [1]
PWC_enClockRecover           0x628f    0x52  Code  Lc  hc32f46x_pwc.o [1]
PendSV_Handler               0x295d          Code  Gb  portasm.o [1]
Pvd2_IrqHandler               0x2cd     0x2  Code  Gb  User_PWC.o [1]
QSPI_EnterDirectCommMode
                             0xa30b     0xc  Code  Gb  hc32f46x_qspi.o [1]
QSPI_ExitDirectCommMode
                             0xa317     0xa  Code  Gb  hc32f46x_qspi.o [1]
QSPI_Init                    0xa1f5   0x106  Code  Gb  hc32f46x_qspi.o [1]
QSPI_ReadDirectCommValue
                             0xa303     0x8  Code  Gb  hc32f46x_qspi.o [1]
QSPI_WriteDirectCommValue
                             0xa2fb     0x2  Code  Gb  hc32f46x_qspi.o [1]
Region$$Table$$Base          0xb520           --   Gb  - Linker created -
Region$$Table$$Limit         0xb54c           --   Gb  - Linker created -
SCSI_CheckAddressRange       0x7497    0x38  Code  Lc  usbd_msc_scsi.o [1]
SCSI_ProcessCmd              0x6f21   0x550  Code  Gb  usbd_msc_scsi.o [1]
SCSI_Sense              0x2000'a258    0x20  Data  Gb  usbd_msc_scsi.o [1]
SCSI_SenseCode               0x7471    0x26  Code  Gb  usbd_msc_scsi.o [1]
SCSI_Sense_Head         0x2000'a278     0x1  Data  Gb  usbd_msc_scsi.o [1]
SCSI_Sense_Tail         0x2000'a279     0x1  Data  Gb  usbd_msc_scsi.o [1]
SCSI_blk_addr           0x2000'a280     0x8  Data  Gb  usbd_msc_scsi.o [1]
SCSI_blk_len            0x2000'a290     0x4  Data  Gb  usbd_msc_scsi.o [1]
SCSI_blk_nbr            0x2000'a28c     0x4  Data  Gb  usbd_msc_scsi.o [1]
SCSI_blk_size           0x2000'a288     0x4  Data  Gb  usbd_msc_scsi.o [1]
SD_ReadDisk                  0x7501     0x2  Code  Gb  User_SDIO.o [1]
SD_WriteDisk                 0x7503     0x2  Code  Gb  User_SDIO.o [1]
SEGGER_RTT_Write             0x9ea3    0x2e  Code  Gb  SEGGER_RTT.o [1]
SEGGER_RTT_WriteNoLock       0x9e49    0x5a  Code  Gb  SEGGER_RTT.o [1]
SEGGER_RTT_printf            0x9d29    0x14  Code  Gb  SEGGER_RTT_printf.o [1]
SEGGER_RTT_vprintf           0x9a3b   0x2ea  Code  Gb  SEGGER_RTT_printf.o [1]
SET_TEST_MODE           0x2000'a2f0     0x4  Data  Gb  usbd_core.o [1]
SRAM_CK_Disable              0xa597     0x2  Code  Gb  hc32f46x_sram.o [1]
SRAM_CK_Enable               0xa5a1     0x6  Code  Gb  hc32f46x_sram.o [1]
SRAM_WT_Disable              0xa58d     0x4  Code  Gb  hc32f46x_sram.o [1]
SRAM_WT_Enable               0xa591     0x6  Code  Gb  hc32f46x_sram.o [1]
STORAGE_GetCapacity          0xb003    0x18  Code  Gb  usbd_storage_msd.o [1]
STORAGE_GetMaxLun            0xb0a9     0x4  Code  Gb  usbd_storage_msd.o [1]
STORAGE_Init                 0xafe9    0x1a  Code  Gb  usbd_storage_msd.o [1]
STORAGE_Inquirydata          0xb448    0x48  Data  Gb  usbd_storage_msd.o [1]
STORAGE_IsReady              0xb01b     0xe  Code  Gb  usbd_storage_msd.o [1]
STORAGE_IsWriteProtected
                             0xb029     0x4  Code  Gb  usbd_storage_msd.o [1]
STORAGE_Read                 0xb02d    0x3a  Code  Gb  usbd_storage_msd.o [1]
STORAGE_Write                0xb067    0x3a  Code  Gb  usbd_storage_msd.o [1]
SVC_Handler                  0x29b5          Code  Gb  portasm.o [1]
SetScBaudrate::au16EtuClkCnts
                             0x7f24    0x10  Data  Lc  hc32f46x_usart.o [1]
SysTick_Handler               0x4dd     0xe  Code  Gb  hc32f46x_interrupts.o [1]
SystemCoreClock         0x2000'1260     0x4  Data  Gb  system_hc32f46x.o [1]
SystemCoreClockUpdate        0x5091    0x7a  Code  Gb  system_hc32f46x.o [1]
SystemInit                   0x5085     0xc  Code  Gb  system_hc32f46x.o [1]
System_Enter_StopMode        0xa8b1    0x26  Code  Gb  System_PowerDown.o [1]
Task_ADC                     0xac39    0xa6  Code  Lc  Task_ADC.o [1]
Task_ADC_Start               0xace1    0x1e  Code  Gb  Task_ADC.o [1]
Task_Display                 0xb22d    0x12  Code  Lc  Task_display.o [1]
Task_Display_Start           0xb241    0x1e  Code  Gb  Task_display.o [1]
Task_LED                     0xb1e9    0x10  Code  Lc  Task_LED.o [1]
Task_LED_Start               0xb1f9    0x1e  Code  Gb  Task_LED.o [1]
Task_START                   0xb159    0x58  Code  Gb  User_Task.o [1]
Task_USB                     0xb279    0x1a  Code  Lc  Task_USB.o [1]
Task_USB_Start               0xb295    0x1e  Code  Gb  Task_USB.o [1]
USART4_RX_Callback           0xa5b1    0x16  Code  Lc  Hw_Uart4.o [1]
USART4_RX_ERROR_Callback
                             0xa5c7    0x32  Code  Lc  Hw_Uart4.o [1]
USART_FuncCmd                0x7ab9    0xd4  Code  Gb  hc32f46x_usart.o [1]
USART_SendData               0x7b8d     0xc  Code  Gb  hc32f46x_usart.o [1]
USART_SetBaudrate            0x7b99   0x370  Code  Gb  hc32f46x_usart.o [1]
USART_UART_Init              0x79bd    0xf6  Code  Gb  hc32f46x_usart.o [1]
USBD_ClrCfg                  0x861b     0xe  Code  Gb  usbd_core.o [1]
USBD_CtlContinueRx           0x797b     0x4  Code  Gb  usbd_ioreq.o [1]
USBD_CtlContinueSendData
                             0x796b     0x4  Code  Gb  usbd_ioreq.o [1]
USBD_CtlError                0x8345    0x24  Code  Gb  usbd_req.o [1]
USBD_CtlReceiveStatus        0x799b    0x10  Code  Gb  usbd_ioreq.o [1]
USBD_CtlSendData             0x7957    0x14  Code  Gb  usbd_ioreq.o [1]
USBD_CtlSendStatus           0x798b    0x10  Code  Gb  usbd_ioreq.o [1]
USBD_DCD_INT_cb         0x2000'114c    0x2c  Data  Gb  usbd_core.o [1]
USBD_DCD_INT_fops       0x2000'126c     0x4  Data  Gb  usbd_core.o [1]
USBD_DataInStage             0x84e3    0xaa  Code  Lc  usbd_core.o [1]
USBD_DataOutStage            0x8459    0x8a  Code  Lc  usbd_core.o [1]
USBD_DevConnected            0x8645    0x16  Code  Lc  usbd_core.o [1]
USBD_DevDisconnected         0x865b    0x20  Code  Lc  usbd_core.o [1]
USBD_DeviceDesc         0x2000'1234    0x14  Data  Gb  usbd_desc.o [1]
USBD_GetRxCount              0x79ab    0x10  Code  Gb  usbd_ioreq.o [1]
USBD_GetStatus               0x82cf    0x22  Code  Lc  usbd_req.o [1]
USBD_GetString               0x8369    0x48  Code  Gb  usbd_req.o [1]
USBD_Init                    0x83d5    0x38  Code  Gb  usbd_core.o [1]
USBD_IsoINIncomplete         0x8629     0xe  Code  Lc  usbd_core.o [1]
USBD_IsoOUTIncomplete        0x8637     0xe  Code  Lc  usbd_core.o [1]
USBD_LangIDDesc         0x2000'1270     0x4  Data  Gb  usbd_desc.o [1]
USBD_MICRO_SDIO_fops    0x2000'11c4    0x20  Data  Gb  usbd_storage_msd.o [1]
USBD_MSC_AltSet         0x2000'a305     0x1  Data  Lc  usbd_msc_core.o [1]
USBD_MSC_CfgDesc        0x2000'11a4    0x20  Data  Gb  usbd_msc_core.o [1]
USBD_MSC_DataIn              0xaa21     0xa  Code  Gb  usbd_msc_core.o [1]
USBD_MSC_DataOut             0xaa2b     0xa  Code  Gb  usbd_msc_core.o [1]
USBD_MSC_DeInit              0xa94b    0x1c  Code  Gb  usbd_msc_core.o [1]
USBD_MSC_GetCfgDesc          0xaa35     0x8  Code  Gb  usbd_msc_core.o [1]
USBD_MSC_Init                0xa921    0x2a  Code  Gb  usbd_msc_core.o [1]
USBD_MSC_MaxLun         0x2000'a304     0x1  Data  Lc  usbd_msc_core.o [1]
USBD_MSC_Setup               0xa967    0xba  Code  Gb  usbd_msc_core.o [1]
USBD_MSC_cb             0x2000'1178    0x2c  Data  Gb  usbd_msc_core.o [1]
USBD_OTG_ISR_Handler         0x598d   0x4a0  Code  Gb  usb_dcd_int.o [1]
USBD_ParseSetupRequest       0x8309    0x3c  Code  Gb  usbd_req.o [1]
USBD_Reset                   0x8591    0x2e  Code  Lc  usbd_core.o [1]
USBD_Resume                  0x85bf    0x1c  Code  Lc  usbd_core.o [1]
USBD_SOF                     0x85f5    0x10  Code  Lc  usbd_core.o [1]
USBD_STORAGE_fops       0x2000'1274     0x4  Data  Gb  usbd_storage_msd.o [1]
USBD_SetCfg                  0x8605    0x16  Code  Gb  usbd_core.o [1]
USBD_SetConfig::cfgidx  0x2000'a2d4     0x1  Data  Lc  usbd_req.o [1]
USBD_SetupStage              0x840d    0x4c  Code  Lc  usbd_core.o [1]
USBD_StdDevReq               0x7f35   0x244  Code  Gb  usbd_req.o [1]
USBD_StdEPReq                0x81d7    0xf8  Code  Gb  usbd_req.o [1]
USBD_StdItfReq               0x8179    0x5e  Code  Gb  usbd_req.o [1]
USBD_StrDesc            0x2000'a1c0    0x40  Data  Gb  usbd_req.o [1]
USBD_Suspend                 0x85db    0x1a  Code  Lc  usbd_core.o [1]
USBD_USR_ConfigStrDescriptor
                             0xaf45     0xa  Code  Gb  usbd_desc.o [1]
USBD_USR_DeviceConfigured
                             0xae21     0x6  Code  Gb  usbd_usr.o [1]
USBD_USR_DeviceConnected
                             0xae39     0xe  Code  Gb  usbd_usr.o [1]
USBD_USR_DeviceDescriptor
                             0xaef9     0x8  Code  Gb  usbd_desc.o [1]
USBD_USR_DeviceDisconnected
                             0xae49     0xe  Code  Gb  usbd_usr.o [1]
USBD_USR_DeviceReset         0xae0b    0x16  Code  Gb  usbd_usr.o [1]
USBD_USR_DeviceResumed       0xae31     0x6  Code  Gb  usbd_usr.o [1]
USBD_USR_DeviceSuspended
                             0xae29     0x6  Code  Gb  usbd_usr.o [1]
USBD_USR_Init                0xae05     0x6  Code  Gb  usbd_usr.o [1]
USBD_USR_InterfaceStrDescriptor
                             0xaf59     0xc  Code  Gb  usbd_desc.o [1]
USBD_USR_LangIDStrDescriptor
                             0xaf01     0x8  Code  Gb  usbd_desc.o [1]
USBD_USR_ManufacturerStrDescriptor
                             0xaf21     0xc  Code  Gb  usbd_desc.o [1]
USBD_USR_ProductStrDescriptor
                             0xaf09    0x16  Code  Gb  usbd_desc.o [1]
USBD_USR_SerialStrDescriptor
                             0xaf2d    0x16  Code  Gb  usbd_desc.o [1]
USBD_cfg_status         0x2000'a2f8     0x4  Data  Gb  usbd_req.o [1]
USBD_default_cfg        0x2000'a2d8     0x4  Data  Gb  usbd_req.o [1]
USBD_ep_status          0x2000'a2f4     0x4  Data  Gb  usbd_req.o [1]
USB_IRQ_Handler              0x5889     0x6  Code  Gb  usb_bsp_template.o [1]
USB_OTG_BSP_EnableInterrupt
                             0x58f7    0x68  Code  Gb  usb_bsp_template.o [1]
USB_OTG_BSP_Init             0x5891    0x66  Code  Gb  usb_bsp_template.o [1]
USB_OTG_BSP_mDelay           0x597b     0x2  Code  Gb  usb_bsp_template.o [1]
USB_OTG_BSP_uDelay           0x5979     0x2  Code  Gb  usb_bsp_template.o [1]
USB_OTG_CoreInit             0x52b5    0x5a  Code  Gb  usb_core.o [1]
USB_OTG_CoreInitDev          0x53b5    0xb2  Code  Gb  usb_core.o [1]
USB_OTG_CoreReset            0x512d    0x58  Code  Lc  usb_core.o [1]
USB_OTG_DisableGlobalInt
                             0x5319     0x8  Code  Gb  usb_core.o [1]
USB_OTG_EP0Activate          0x549d    0x34  Code  Gb  usb_core.o [1]
USB_OTG_EP0StartXfer         0x56b1    0xe8  Code  Gb  usb_core.o [1]
USB_OTG_EP0_OutStart         0x5821    0x32  Code  Gb  usb_core.o [1]
USB_OTG_EPActivate           0x54d1    0x5a  Code  Gb  usb_core.o [1]
USB_OTG_EPClearStall         0x57c7    0x30  Code  Gb  usb_core.o [1]
USB_OTG_EPDeactivate         0x5531    0x2e  Code  Gb  usb_core.o [1]
USB_OTG_EPSetStall           0x5799    0x2e  Code  Gb  usb_core.o [1]
USB_OTG_EPStartXfer          0x555f   0x152  Code  Gb  usb_core.o [1]
USB_OTG_EnableDevInt         0x5467    0x34  Code  Gb  usb_core.o [1]
USB_OTG_EnableGlobalInt
                             0x530f     0xa  Code  Gb  usb_core.o [1]
USB_OTG_FlushRxFifo          0x535d    0x2c  Code  Gb  usb_core.o [1]
USB_OTG_FlushTxFifo          0x5327    0x36  Code  Gb  usb_core.o [1]
USB_OTG_GetDeviceSpeed       0x51c5    0x26  Code  Gb  usb_core.o [1]
USB_OTG_IsDeviceMode         0x51eb     0xe  Code  Gb  usb_core.o [1]
USB_OTG_ReadCoreItr          0x51f9     0xa  Code  Gb  usb_core.o [1]
USB_OTG_ReadDevAllInEPItr
                             0x5815     0xc  Code  Gb  usb_core.o [1]
USB_OTG_ReadDevAllOutEp_itr
                             0x57f7     0xc  Code  Gb  usb_core.o [1]
USB_OTG_ReadDevOutEP_itr
                             0x5803    0x12  Code  Gb  usb_core.o [1]
USB_OTG_ReadPacket           0x51ab    0x18  Code  Gb  usb_core.o [1]
USB_OTG_SelectCore           0x5203    0xb2  Code  Gb  usb_core.o [1]
USB_OTG_SetCurrentMode       0x5393    0x22  Code  Gb  usb_core.o [1]
USB_OTG_WritePacket          0x5185    0x26  Code  Gb  usb_core.o [1]
USB_OTG_dev             0x2000'8eac   0x4e0  Data  Gb  main.o [1]
USB_STATUS_REG          0x2000'a309     0x1  Data  Gb  usbd_storage_msd.o [1]
USR_cb                  0x2000'1200    0x1c  Data  Gb  usbd_usr.o [1]
USR_desc                0x2000'11e4    0x1c  Data  Gb  usbd_desc.o [1]
UsageFault_Handler            0x4cd     0x8  Code  Gb  hc32f46x_interrupts.o [1]
User_ADC_Init                0xaa71    0xcc  Code  Gb  User_ADC.o [1]
User_Gpio_Init               0xa78b    0xfe  Code  Gb  User_Gpio.o [1]
User_Task_Create             0xb1b1    0x20  Code  Gb  User_Task.o [1]
W25QXX_BUFFER           0x2000'7eac  0x1000  Data  Gb  w25qxx.o [1]
W25QXX_Erase_Sector          0xa18d    0x68  Code  Gb  w25qxx.o [1]
W25QXX_Init                  0x9ef1    0x9a  Code  Gb  w25qxx.o [1]
W25QXX_Read                  0x9fbf    0x40  Code  Gb  w25qxx.o [1]
W25QXX_ReadID                0x9f8b    0x34  Code  Gb  w25qxx.o [1]
W25QXX_TYPE             0x2000'127c     0x2  Data  Gb  w25qxx.o [1]
W25QXX_Write                 0xa0a5    0xde  Code  Gb  w25qxx.o [1]
W25QXX_Write_NoCheck         0xa063    0x42  Code  Gb  w25qxx.o [1]
W25QXX_Write_Page            0x9fff    0x64  Code  Gb  w25qxx.o [1]
Write_IIC_Command            0x9657    0x50  Code  Gb  OLED_port.o [1]
Write_IIC_Data               0x96a7    0x50  Code  Gb  OLED_port.o [1]
XTAL_FAULT_Callback          0xa499    0x42  Code  Lc  System_Clk.o [1]
XTAL_FAULT_Config            0xa4db    0x56  Code  Gb  System_Clk.o [1]
_DoInit                      0x9d4d    0x54  Code  Lc  SEGGER_RTT.o [1]
_Encoding_8859_1_Mbrlen
                             0x3ae5     0x2  Code  Gb  xencoding_8859_1.o [2]
_Encoding_8859_1_Wctomb
                             0x3ad3    0x12  Code  Gb  xencoding_8859_1.o [2]
_GetAvailWriteSpace          0x9e2f    0x1a  Code  Lc  SEGGER_RTT.o [1]
_LitobFull                   0x391f   0x10a  Code  Lc  xprintffull.o [2]
_Locale_lconv           0x2000'1114    0x38  Data  Lc  xlocale_c.o [2]
_PrintUnsigned               0x996f    0xcc  Code  Lc  SEGGER_RTT_printf.o [1]
_PrintUnsigned::_aV2C        0x9d3c    0x10  Data  Lc  SEGGER_RTT_printf.o [1]
_PrintfFull                  0x2a0d   0xcc4  Code  Gb  xprintffull.o [2]
_Prout                       0xb57f    0x16  Code  Gb  xprout.o [2]
_PutcharsFull                0x3a91    0x2e  Code  Lc  xprintffull.o [2]
_PutstrFull                  0x385f    0xc0  Code  Lc  xprintffull.o [2]
_PuttxtFull                  0x3753   0x10c  Code  Lc  xprintffull.o [2]
_SEGGER_RTT             0x2000'938c    0xa8  Data  Gb  SEGGER_RTT.o [1]
_SProut                      0x3b83     0xa  Code  Gb  xsprout.o [2]
_StoreChar                   0x9931    0x3e  Code  Lc  SEGGER_RTT_printf.o [1]
_WriteBlocking               0x9da1    0x54  Code  Lc  SEGGER_RTT.o [1]
_WriteNoCheck                0x9df5    0x3a  Code  Lc  SEGGER_RTT.o [1]
__NVIC_DisableIRQ            0x5ff9    0x20  Code  Lc  hc32f46x_pwc.o [1]
__aeabi_cdcmple              0x3d75          Code  Gb  DblCmpLe.o [3]
__aeabi_cdrcmple             0x3da5          Code  Gb  DblCmpGe.o [3]
__aeabi_d2iz                 0x3f11          Code  Gb  DblToS32.o [3]
__aeabi_d2uiz                0x429d          Code  Gb  DblToU32.o [3]
__aeabi_ddiv                 0x4055          Code  Gb  DblDiv.o [3]
__aeabi_dmul                 0x42e1          Code  Gb  DblMul.o [3]
__aeabi_dsub                 0x3f71          Code  Gb  DblSub.o [3]
__aeabi_i2d                  0x3f4d          Code  Gb  S32ToDbl.o [3]
__aeabi_ldiv0                0x4831          Code  Gb  I64DivZer.o [4]
__aeabi_memclr               0x7505          Code  Gb  ABImemclr.o [4]
__aeabi_memclr4              0x8ded          Code  Gb  ABImemclr4.o [4]
__aeabi_memcpy               0x3c5d          Code  Gb  ABImemcpy.o [4]
__aeabi_memcpy4              0x3c7d          Code  Gb  ABImemcpy.o [4]
__aeabi_memcpy8              0x3c7d          Code  Gb  ABImemcpy.o [4]
__aeabi_memset               0x78f1          Code  Gb  ABImemset.o [4]
__aeabi_ui2d                 0x42c5          Code  Gb  U32ToDbl.o [3]
__aeabi_uldivmod             0x448d          Code  Gb  I64DivMod.o [4]
__cmain                      0xb54d          Code  Gb  cmain.o [4]
__exit                       0x4835    0x14  Code  Gb  exit.o [5]
__iar_Fail_s                 0x3b8d    0x1c  Code  Gb  xfail_s.o [2]
__iar_Mbcurmax               0x4483     0xa  Code  Gb  xmbcurmax.o [2]
__iar_Memchr                 0x3c05          Code  Gb  memchr.o [4]
__iar_Memset                 0x78f1          Code  Gb  ABImemset.o [4]
__iar_Memset4_word           0x91d5          Code  Gb  ABImemset48.o [4]
__iar_Memset8_word           0x91d5          Code  Gb  ABImemset48.o [4]
__iar_Memset_word            0x78f9          Code  Gb  ABImemset.o [4]
__iar_Stdout            0x2000'10cc    0x48  Data  Gb  xfiles.o [2]
__iar_Strchr                 0x3b6d          Code  Gb  strchr.o [4]
__iar_dadd                   0x3f81          Code  Gb  DblSub.o [3]
__iar_data_init3             0xb4d5    0x28  Code  Gb  data_init.o [4]
__iar_dsub                   0x46c5          Code  Gb  DblAdd.o [3]
__iar_dsubStart              0x46d7          Code  Gb  DblAdd.o [3]
__iar_frexp                  0x3d11          Code  Gb  frexp.o [3]
__iar_frexpl                 0x3d11          Code  Gb  frexp.o [3]
__iar_globLocale        0x2000'1084    0x48  Data  Lc  xlocale_c.o [2]
__iar_global_Locale          0x3af1     0x4  Code  Gb  xlocale_c.o [2]
__iar_init_vfp               0xb4fd          Code  Gb  fpinit_M.o [3]
__iar_ldexp64                0x3dd5          Code  Gb  ldexp.o [3]
__iar_packbits_init3         0xb0bd    0x9c  Code  Gb  packbits_init.o [4]
__iar_program_start          0xb5a1          Code  Gb  cstartup_M.o [4]
__iar_scalbln64              0x3dd5          Code  Gb  ldexp.o [3]
__iar_scalbn64               0x3dd5          Code  Gb  ldexp.o [3]
__iar_softfp___iar_frexp64
                             0x3d05          Code  Gb  frexp.o [3]
__iar_softfp_frexp           0x3d05          Code  Gb  frexp.o [3]
__iar_softfp_frexpl          0x3d05          Code  Gb  frexp.o [3]
__iar_zero_init3              0x2cf    0x3a  Code  Gb  zero_init3.o [4]
__low_level_init             0xb56b     0x4  Code  Gb  low_level_init.o [2]
__vector_table                  0x0          Data  Gb  startup_hc32f46x.o [1]
_acDownBuffer           0x2000'9834    0x10  Data  Lc  SEGGER_RTT.o [1]
_acUpBuffer             0x2000'9434   0x400  Data  Lc  SEGGER_RTT.o [1]
_call_main                   0xb559          Code  Gb  cmain.o [4]
_exit                        0xb575          Code  Gb  cexit.o [4]
_gLocale_mblen               0x3b59     0x4  Code  Gb  xlocale_c.o [2]
_gLocale_mblenInt            0x3b1d    0x2c  Code  Gb  xlocale_c.o [2]
_gLocale_wctomb              0x3b5d     0x4  Code  Gb  xlocale_c.o [2]
_gLocale_wctombInt           0x3b55     0x4  Code  Gb  xlocale_c.o [2]
_main                        0xb567          Code  Gb  cmain.o [4]
a                       0x2000'121c     0xc  Data  Gb  User_Task.o [1]
abort                        0x46bd     0x6  Code  Gb  abort.o [2]
adc_ch10                0x2000'a2ac     0x2  Data  Gb  Task_ADC.o [1]
adc_v11                 0x2000'a2aa     0x2  Data  Gb  Task_ADC.o [1]
b                       0x2000'1228     0xc  Data  Gb  User_Task.o [1]
bDeviceState            0x2000'a30a     0x1  Data  Gb  usbd_usr.o [1]
bsp_I2C_DMA_Init             0x8715    0x92  Code  Gb  bsp_i2c_dma.o [1]
bsp_dma_SetDesAddr           0x8d69     0x4  Code  Gb  bsp_dma.o [1]
bsp_dma_SetSrcAddr           0x8d6d     0x4  Code  Gb  bsp_dma.o [1]
bsp_dma_ch_enable            0x8d79     0x4  Code  Gb  bsp_dma.o [1]
bsp_dma_init                 0x8ce5    0x80  Code  Gb  bsp_dma.o [1]
bsp_dma_set_TrigSrc          0x8d71     0x4  Code  Gb  bsp_dma.o [1]
bsp_dma_set_count            0x8d75     0x4  Code  Gb  bsp_dma.o [1]
bsp_interrupt_callback_regist
                             0x8d7d    0x60  Code  Gb  bsp_interrupt.o [1]
cdev                    0x2000'a294     0x4  Data  Gb  usbd_msc_scsi.o [1]
display_Char            0x2000'9e44   0x200  Data  Gb  OLED.o [1]
display_Line            0x2000'9844   0x200  Data  Gb  OLED.o [1]
display_data            0x2000'9a44   0x200  Data  Gb  OLED.o [1]
enIntWakeupEnable             0x483    0x1a  Code  Gb  hc32f46x_interrupts.o [1]
enIrqRegistration             0x421    0x62  Code  Gb  hc32f46x_interrupts.o [1]
enable_sdio_hw               0x74ff     0x2  Code  Gb  User_SDIO.o [1]
exit                         0xb56f     0x4  Code  Gb  exit.o [2]
flag_key0               0x2000'a30b     0x1  Data  Gb  User_Gpio.o [1]
flag_key1               0x2000'a30c     0x1  Data  Gb  User_Gpio.o [1]
fputc                        0x6725    0x12  Code  Gb  hc32f46x_utility.o [1]
hd_sdio_hw_init              0x74fd     0x2  Code  Gb  User_SDIO.o [1]
insertdisplaydata            0x93e1    0x80  Code  Gb  OLED.o [1]
key0_int_callback            0xa759    0x18  Code  Gb  User_Gpio.o [1]
key1_int_callback            0xa771    0x1a  Code  Gb  User_Gpio.o [1]
ldexp                        0x3dd5          Code  Gb  ldexp.o [3]
ldexpl                       0x3dd5          Code  Gb  ldexp.o [3]
localeconv                   0x3b61     0x4  Code  Gb  xlocale_c.o [2]
m_stcCardInitCfg        0x2000'0800    0x10  Data  Lc  User_SDIO.o [1]
m_stcDmaInitCfg         0x2000'1264     0x8  Data  Lc  User_SDIO.o [1]
m_stcSdhandle           0x2000'0810    0x74  Data  Gb  User_SDIO.o [1]
m_u32ReadBlocks         0x2000'0000   0x800  Data  Lc  User_SDIO.o [1]
m_u32WriteBlocks        0x2000'0884   0x800  Data  Lc  User_SDIO.o [1]
main                         0xb2dd    0x88  Code  Gb  main.o [1]
memchr                       0x3c05          Code  Gb  memchr.o [4]
num                     0x2000'a2a8     0x1  Data  Gb  Task_ADC.o [1]
obuf                    0x2000'a170    0x50  Data  Lc  xfiles.o [2]
osSystickHandler              0x2b9    0x14  Code  Gb  cmsis_os.o [1]
p_int_data              0x2000'a2d0     0x4  Data  Gb  bsp_i2c_dma.o [1]
pfnNmiCallback          0x2000'a2dc     0x4  Data  Lc  hc32f46x_exint_nmi_swi.o [1]
pllfreq                 0x2000'a220    0x18  Data  Gb  main.o [1]
printf                       0x5e89    0x28  Code  Gb  printf.o [2]
prvIdleTask                  0x2519    0x6a  Code  Lc  tasks.o [1]
prvInsertBlockIntoFreeList
                             0x290f    0x48  Code  Lc  heap_4.o [1]
prvResetNextTaskUnblockTime
                             0x2583    0x1a  Code  Lc  tasks.o [1]
prvTaskExitError             0x25f9    0x1c  Code  Lc  port.o [1]
pstc_int_I2Cx           0x2000'a2cc     0x4  Data  Gb  bsp_i2c_dma.o [1]
putchar                      0xb595     0xc  Code  Gb  putchar.o [2]
pvPortMalloc                 0x2799   0x11e  Code  Gb  heap_4.o [1]
pxCurrentTCB            0x2000'a06c     0x4  Data  Gb  tasks.o [1]
pxDelayedTaskList       0x2000'a070     0x4  Data  Lc  tasks.o [1]
pxEnd                   0x2000'1288     0x4  Data  Lc  heap_4.o [1]
pxOverflowDelayedTaskList
                        0x2000'a074     0x4  Data  Lc  tasks.o [1]
pxPortInitialiseStack        0x25d1    0x26  Code  Gb  port.o [1]
pxReadyTasksLists       0x2000'a0e4    0x8c  Data  Lc  tasks.o [1]
scalbln                      0x3dd5          Code  Gb  ldexp.o [3]
scalblnl                     0x3dd5          Code  Gb  ldexp.o [3]
scalbn                       0x3dd5          Code  Gb  ldexp.o [3]
scalbnl                      0x3dd5          Code  Gb  ldexp.o [3]
scale                        0x3a29    0x46  Code  Lc  xprintffull.o [2]
sec_hand                0x2000'a300     0x4  Data  Lc  xfail_s.o [2]
sprintf                      0xadc5    0x40  Code  Gb  sprintf.o [2]
strchr                       0x3b6d          Code  Gb  strchr.o [4]
string                  0x2000'a298    0x10  Data  Gb  Task_ADC.o [1]
strlen                       0x3bcd          Code  Gb  strlen.o [4]
system_clk_init              0xa32d   0x16c  Code  Gb  System_Clk.o [1]
u32ICG                        0x400    0x20  Data  Gb  hc32f46x_icg.o [1]
u8FreqDiv               0x2000'1254     0x8  Data  Lc  hc32f46x_i2c.o [1]
u8HrcState              0x2000'1278     0x1  Data  Gb  hc32f46x_pwc.o [1]
u8MrcState              0x2000'1279     0x1  Data  Gb  hc32f46x_pwc.o [1]
u8StopFlag              0x2000'a2b5     0x1  Data  Gb  hc32f46x_pwc.o [1]
u8SysClkSrc             0x2000'127a     0x1  Data  Gb  hc32f46x_pwc.o [1]
u8WkupIntCnt            0x2000'a2b4     0x1  Data  Gb  hc32f46x_pwc.o [1]
ucHeap                  0x2000'1298  0x3c00  Data  Lc  heap_4.o [1]
ucMaxSysCallPriority    0x2000'1248     0x1  Data  Lc  port.o [1]
ulMaxPRIGROUPValue      0x2000'1250     0x4  Data  Lc  port.o [1]
uxCriticalNesting       0x2000'124c     0x4  Data  Lc  port.o [1]
uxCurrentNumberOfTasks  0x2000'a090     0x4  Data  Lc  tasks.o [1]
uxDeletedTasksWaitingCleanUp
                        0x2000'a078     0x4  Data  Lc  tasks.o [1]
uxListRemove                  0x379    0x24  Code  Gb  list.o [1]
uxPendedTicks           0x2000'a0a0     0x4  Data  Lc  tasks.o [1]
uxSchedulerSuspended    0x2000'a0b4     0x4  Data  Lc  tasks.o [1]
uxTaskNumber            0x2000'a0ac     0x4  Data  Lc  tasks.o [1]
uxTopReadyPriority      0x2000'a098     0x4  Data  Lc  tasks.o [1]
vListInitialise               0x309    0x1a  Code  Gb  list.o [1]
vListInitialiseItem           0x323     0x6  Code  Gb  list.o [1]
vListInsert                   0x345    0x34  Code  Gb  list.o [1]
vListInsertEnd                0x329    0x1c  Code  Gb  list.o [1]
vPortEnableVFP               0x29f1          Code  Gb  portasm.o [1]
vPortEnterCritical           0x26d7    0x32  Code  Gb  port.o [1]
vPortExitCritical            0x2709    0x22  Code  Gb  port.o [1]
vPortFree                    0x28b7    0x58  Code  Gb  heap_4.o [1]
vPortStartFirstTask          0x29d1          Code  Gb  portasm.o [1]
vTaskDelay                   0x2261    0x7e  Code  Gb  tasks.o [1]
vTaskStartScheduler          0x22df    0x62  Code  Gb  tasks.o [1]
vTaskSuspendAll              0x2341     0xc  Code  Gb  tasks.o [1]
vTaskSwitchContext           0x24c3    0x54  Code  Gb  tasks.o [1]
xBlockAllocatedBit      0x2000'1294     0x4  Data  Lc  heap_4.o [1]
xDelayedTaskList1       0x2000'a0b8    0x14  Data  Lc  tasks.o [1]
xDelayedTaskList2       0x2000'a0cc    0x14  Data  Lc  tasks.o [1]
xFreeBytesRemaining     0x2000'128c     0x4  Data  Lc  heap_4.o [1]
xIdleTaskHandle         0x2000'a0e0     0x4  Data  Lc  tasks.o [1]
xMinimumEverFreeBytesRemaining
                        0x2000'1290     0x4  Data  Lc  heap_4.o [1]
xNextTaskUnblockTime    0x2000'a0b0     0x4  Data  Lc  tasks.o [1]
xNumOfOverflows         0x2000'a0a8     0x4  Data  Lc  tasks.o [1]
xPendingReadyList       0x2000'a044    0x14  Data  Lc  tasks.o [1]
xPortStartScheduler          0x2615    0xc2  Code  Gb  port.o [1]
xPortSysTickHandler          0x272b    0x26  Code  Gb  port.o [1]
xQueueGenericCreate          0xad3d    0x86  Code  Gb  queue.o [1]
xQueue_ADC              0x2000'a2b0     0x4  Data  Gb  Task_ADC.o [1]
xSchedulerRunning       0x2000'a09c     0x4  Data  Lc  tasks.o [1]
xStart                  0x2000'1280     0x8  Data  Lc  heap_4.o [1]
xSuspendedTaskList      0x2000'a07c    0x14  Data  Lc  tasks.o [1]
xTaskCreate                  0x20b5   0x1ac  Code  Gb  tasks.o [1]
xTaskGetSchedulerState       0x259d    0x18  Code  Gb  tasks.o [1]
xTaskIncrementTick           0x23ff    0xc4  Code  Gb  tasks.o [1]
xTaskResumeAll               0x234d    0xb2  Code  Gb  tasks.o [1]
xTasksWaitingTermination
                        0x2000'a058    0x14  Data  Lc  tasks.o [1]
xTickCount              0x2000'a094     0x4  Data  Lc  tasks.o [1]
xYieldPending           0x2000'a0a4     0x4  Data  Lc  tasks.o [1]


[1] = D:\00-githubFiles\HC32F460_FreeRTOS\HC32F460Temp_FreeRTOS\Debug\Obj
[2] = dl7M_tlf.a
[3] = m7M_tls.a
[4] = rt7M_tl.a
[5] = shb_l.a

  44'517 bytes of readonly  code memory
   2'370 bytes of readonly  data memory (+ 32 absolute)
  42'764 bytes of readwrite data memory

Errors: none
Warnings: none
