###############################################################################
#
# IAR ELF Linker V8.40.1.212/W32 for ARM                  06/May/2020  16:45:52
# Copyright 2007-2019 IAR Systems AB.
#
#    Output file  =
#        D:\00-githubFiles\HC32F460_FreeRTOS\HC32F460Temp_FreeRTOS\Debug\Exe\HC32F460_Temp_IAR.out
#    Map file     =
#        D:\00-githubFiles\HC32F460_FreeRTOS\HC32F460Temp_FreeRTOS\Debug\List\HC32F460_Temp_IAR.map
#    Command line =
#        -f C:\Users\Michael\AppData\Local\Temp\EW7A10.tmp
#        (D:\00-githubFiles\HC32F460_FreeRTOS\HC32F460Temp_FreeRTOS\Debug\Obj\cmsis_os.o
#        D:\00-githubFiles\HC32F460_FreeRTOS\HC32F460Temp_FreeRTOS\Debug\Obj\croutine.o
#        D:\00-githubFiles\HC32F460_FreeRTOS\HC32F460Temp_FreeRTOS\Debug\Obj\data_sound_441_i2s.o
#        D:\00-githubFiles\HC32F460_FreeRTOS\HC32F460Temp_FreeRTOS\Debug\Obj\data_sound_8k_i2s.o
#        D:\00-githubFiles\HC32F460_FreeRTOS\HC32F460Temp_FreeRTOS\Debug\Obj\diskio.o
#        D:\00-githubFiles\HC32F460_FreeRTOS\HC32F460Temp_FreeRTOS\Debug\Obj\event_groups.o
#        D:\00-githubFiles\HC32F460_FreeRTOS\HC32F460Temp_FreeRTOS\Debug\Obj\fattime.o
#        D:\00-githubFiles\HC32F460_FreeRTOS\HC32F460Temp_FreeRTOS\Debug\Obj\ff.o
#        D:\00-githubFiles\HC32F460_FreeRTOS\HC32F460Temp_FreeRTOS\Debug\Obj\hc32f46x_adc.o
#        D:\00-githubFiles\HC32F460_FreeRTOS\HC32F460Temp_FreeRTOS\Debug\Obj\hc32f46x_aes.o
#        D:\00-githubFiles\HC32F460_FreeRTOS\HC32F460Temp_FreeRTOS\Debug\Obj\hc32f46x_can.o
#        D:\00-githubFiles\HC32F460_FreeRTOS\HC32F460Temp_FreeRTOS\Debug\Obj\hc32f46x_clk.o
#        D:\00-githubFiles\HC32F460_FreeRTOS\HC32F460Temp_FreeRTOS\Debug\Obj\hc32f46x_cmp.o
#        D:\00-githubFiles\HC32F460_FreeRTOS\HC32F460Temp_FreeRTOS\Debug\Obj\hc32f46x_dcu.o
#        D:\00-githubFiles\HC32F460_FreeRTOS\HC32F460Temp_FreeRTOS\Debug\Obj\hc32f46x_dmac.o
#        D:\00-githubFiles\HC32F460_FreeRTOS\HC32F460Temp_FreeRTOS\Debug\Obj\hc32f46x_efm.o
#        D:\00-githubFiles\HC32F460_FreeRTOS\HC32F460Temp_FreeRTOS\Debug\Obj\hc32f46x_emb.o
#        D:\00-githubFiles\HC32F460_FreeRTOS\HC32F460Temp_FreeRTOS\Debug\Obj\hc32f46x_event_port.o
#        D:\00-githubFiles\HC32F460_FreeRTOS\HC32F460Temp_FreeRTOS\Debug\Obj\hc32f46x_exint_nmi_swi.o
#        D:\00-githubFiles\HC32F460_FreeRTOS\HC32F460Temp_FreeRTOS\Debug\Obj\hc32f46x_gpio.o
#        D:\00-githubFiles\HC32F460_FreeRTOS\HC32F460Temp_FreeRTOS\Debug\Obj\hc32f46x_hash.o
#        D:\00-githubFiles\HC32F460_FreeRTOS\HC32F460Temp_FreeRTOS\Debug\Obj\hc32f46x_i2c.o
#        D:\00-githubFiles\HC32F460_FreeRTOS\HC32F460Temp_FreeRTOS\Debug\Obj\hc32f46x_i2s.o
#        D:\00-githubFiles\HC32F460_FreeRTOS\HC32F460Temp_FreeRTOS\Debug\Obj\hc32f46x_icg.o
#        D:\00-githubFiles\HC32F460_FreeRTOS\HC32F460Temp_FreeRTOS\Debug\Obj\hc32f46x_interrupts.o
#        D:\00-githubFiles\HC32F460_FreeRTOS\HC32F460Temp_FreeRTOS\Debug\Obj\hc32f46x_keyscan.o
#        D:\00-githubFiles\HC32F460_FreeRTOS\HC32F460Temp_FreeRTOS\Debug\Obj\hc32f46x_mpu.o
#        D:\00-githubFiles\HC32F460_FreeRTOS\HC32F460Temp_FreeRTOS\Debug\Obj\hc32f46x_ots.o
#        D:\00-githubFiles\HC32F460_FreeRTOS\HC32F460Temp_FreeRTOS\Debug\Obj\hc32f46x_pwc.o
#        D:\00-githubFiles\HC32F460_FreeRTOS\HC32F460Temp_FreeRTOS\Debug\Obj\hc32f46x_qspi.o
#        D:\00-githubFiles\HC32F460_FreeRTOS\HC32F460Temp_FreeRTOS\Debug\Obj\hc32f46x_rmu.o
#        D:\00-githubFiles\HC32F460_FreeRTOS\HC32F460Temp_FreeRTOS\Debug\Obj\hc32f46x_rtc.o
#        D:\00-githubFiles\HC32F460_FreeRTOS\HC32F460Temp_FreeRTOS\Debug\Obj\hc32f46x_sdioc.o
#        D:\00-githubFiles\HC32F460_FreeRTOS\HC32F460Temp_FreeRTOS\Debug\Obj\hc32f46x_spi.o
#        D:\00-githubFiles\HC32F460_FreeRTOS\HC32F460Temp_FreeRTOS\Debug\Obj\hc32f46x_sram.o
#        D:\00-githubFiles\HC32F460_FreeRTOS\HC32F460Temp_FreeRTOS\Debug\Obj\hc32f46x_swdt.o
#        D:\00-githubFiles\HC32F460_FreeRTOS\HC32F460Temp_FreeRTOS\Debug\Obj\hc32f46x_timer0.o
#        D:\00-githubFiles\HC32F460_FreeRTOS\HC32F460Temp_FreeRTOS\Debug\Obj\hc32f46x_timer4_cnt.o
#        D:\00-githubFiles\HC32F460_FreeRTOS\HC32F460Temp_FreeRTOS\Debug\Obj\hc32f46x_timer4_emb.o
#        D:\00-githubFiles\HC32F460_FreeRTOS\HC32F460Temp_FreeRTOS\Debug\Obj\hc32f46x_timer4_oco.o
#        D:\00-githubFiles\HC32F460_FreeRTOS\HC32F460Temp_FreeRTOS\Debug\Obj\hc32f46x_timer4_pwm.o
#        D:\00-githubFiles\HC32F460_FreeRTOS\HC32F460Temp_FreeRTOS\Debug\Obj\hc32f46x_timer4_sevt.o
#        D:\00-githubFiles\HC32F460_FreeRTOS\HC32F460Temp_FreeRTOS\Debug\Obj\hc32f46x_timer6.o
#        D:\00-githubFiles\HC32F460_FreeRTOS\HC32F460Temp_FreeRTOS\Debug\Obj\hc32f46x_timera.o
#        D:\00-githubFiles\HC32F460_FreeRTOS\HC32F460Temp_FreeRTOS\Debug\Obj\hc32f46x_trng.o
#        D:\00-githubFiles\HC32F460_FreeRTOS\HC32F460Temp_FreeRTOS\Debug\Obj\hc32f46x_usart.o
#        D:\00-githubFiles\HC32F460_FreeRTOS\HC32F460Temp_FreeRTOS\Debug\Obj\hc32f46x_utility.o
#        D:\00-githubFiles\HC32F460_FreeRTOS\HC32F460Temp_FreeRTOS\Debug\Obj\hc32f46x_wdt.o
#        D:\00-githubFiles\HC32F460_FreeRTOS\HC32F460Temp_FreeRTOS\Debug\Obj\heap_4.o
#        D:\00-githubFiles\HC32F460_FreeRTOS\HC32F460Temp_FreeRTOS\Debug\Obj\HW_I2C.o
#        D:\00-githubFiles\HC32F460_FreeRTOS\HC32F460Temp_FreeRTOS\Debug\Obj\Hw_MPU.o
#        D:\00-githubFiles\HC32F460_FreeRTOS\HC32F460Temp_FreeRTOS\Debug\Obj\list.o
#        D:\00-githubFiles\HC32F460_FreeRTOS\HC32F460Temp_FreeRTOS\Debug\Obj\main.o
#        D:\00-githubFiles\HC32F460_FreeRTOS\HC32F460Temp_FreeRTOS\Debug\Obj\OLED.o
#        D:\00-githubFiles\HC32F460_FreeRTOS\HC32F460Temp_FreeRTOS\Debug\Obj\port.o
#        D:\00-githubFiles\HC32F460_FreeRTOS\HC32F460Temp_FreeRTOS\Debug\Obj\portasm.o
#        D:\00-githubFiles\HC32F460_FreeRTOS\HC32F460Temp_FreeRTOS\Debug\Obj\queue.o
#        D:\00-githubFiles\HC32F460_FreeRTOS\HC32F460Temp_FreeRTOS\Debug\Obj\sd_card.o
#        D:\00-githubFiles\HC32F460_FreeRTOS\HC32F460Temp_FreeRTOS\Debug\Obj\sdmmc_cmd.o
#        D:\00-githubFiles\HC32F460_FreeRTOS\HC32F460Temp_FreeRTOS\Debug\Obj\SEGGER_RTT.o
#        D:\00-githubFiles\HC32F460_FreeRTOS\HC32F460Temp_FreeRTOS\Debug\Obj\SEGGER_RTT_printf.o
#        D:\00-githubFiles\HC32F460_FreeRTOS\HC32F460Temp_FreeRTOS\Debug\Obj\startup_hc32f46x.o
#        D:\00-githubFiles\HC32F460_FreeRTOS\HC32F460Temp_FreeRTOS\Debug\Obj\System_Clk.o
#        D:\00-githubFiles\HC32F460_FreeRTOS\HC32F460Temp_FreeRTOS\Debug\Obj\system_hc32f46x.o
#        D:\00-githubFiles\HC32F460_FreeRTOS\HC32F460Temp_FreeRTOS\Debug\Obj\Task_ADC.o
#        D:\00-githubFiles\HC32F460_FreeRTOS\HC32F460Temp_FreeRTOS\Debug\Obj\Task_display.o
#        D:\00-githubFiles\HC32F460_FreeRTOS\HC32F460Temp_FreeRTOS\Debug\Obj\Task_FileSystem.o
#        D:\00-githubFiles\HC32F460_FreeRTOS\HC32F460Temp_FreeRTOS\Debug\Obj\Task_Key.o
#        D:\00-githubFiles\HC32F460_FreeRTOS\HC32F460Temp_FreeRTOS\Debug\Obj\Task_LED.o
#        D:\00-githubFiles\HC32F460_FreeRTOS\HC32F460Temp_FreeRTOS\Debug\Obj\Task_USB.o
#        D:\00-githubFiles\HC32F460_FreeRTOS\HC32F460Temp_FreeRTOS\Debug\Obj\tasks.o
#        D:\00-githubFiles\HC32F460_FreeRTOS\HC32F460Temp_FreeRTOS\Debug\Obj\timers.o
#        D:\00-githubFiles\HC32F460_FreeRTOS\HC32F460Temp_FreeRTOS\Debug\Obj\usb_bsp_template.o
#        D:\00-githubFiles\HC32F460_FreeRTOS\HC32F460Temp_FreeRTOS\Debug\Obj\usb_core.o
#        D:\00-githubFiles\HC32F460_FreeRTOS\HC32F460Temp_FreeRTOS\Debug\Obj\usb_dcd.o
#        D:\00-githubFiles\HC32F460_FreeRTOS\HC32F460Temp_FreeRTOS\Debug\Obj\usb_dcd_int.o
#        D:\00-githubFiles\HC32F460_FreeRTOS\HC32F460Temp_FreeRTOS\Debug\Obj\usb_otg.o
#        D:\00-githubFiles\HC32F460_FreeRTOS\HC32F460Temp_FreeRTOS\Debug\Obj\usbd_core.o
#        D:\00-githubFiles\HC32F460_FreeRTOS\HC32F460Temp_FreeRTOS\Debug\Obj\usbd_desc.o
#        D:\00-githubFiles\HC32F460_FreeRTOS\HC32F460Temp_FreeRTOS\Debug\Obj\usbd_ioreq.o
#        D:\00-githubFiles\HC32F460_FreeRTOS\HC32F460Temp_FreeRTOS\Debug\Obj\usbd_msc_bot.o
#        D:\00-githubFiles\HC32F460_FreeRTOS\HC32F460Temp_FreeRTOS\Debug\Obj\usbd_msc_core.o
#        D:\00-githubFiles\HC32F460_FreeRTOS\HC32F460Temp_FreeRTOS\Debug\Obj\usbd_msc_data.o
#        D:\00-githubFiles\HC32F460_FreeRTOS\HC32F460Temp_FreeRTOS\Debug\Obj\usbd_msc_scsi.o
#        D:\00-githubFiles\HC32F460_FreeRTOS\HC32F460Temp_FreeRTOS\Debug\Obj\usbd_req.o
#        D:\00-githubFiles\HC32F460_FreeRTOS\HC32F460Temp_FreeRTOS\Debug\Obj\usbd_storage_msd.o
#        D:\00-githubFiles\HC32F460_FreeRTOS\HC32F460Temp_FreeRTOS\Debug\Obj\usbd_usr.o
#        D:\00-githubFiles\HC32F460_FreeRTOS\HC32F460Temp_FreeRTOS\Debug\Obj\User_ADC.o
#        D:\00-githubFiles\HC32F460_FreeRTOS\HC32F460Temp_FreeRTOS\Debug\Obj\User_CAN.o
#        D:\00-githubFiles\HC32F460_FreeRTOS\HC32F460Temp_FreeRTOS\Debug\Obj\User_Crypto.o
#        D:\00-githubFiles\HC32F460_FreeRTOS\HC32F460Temp_FreeRTOS\Debug\Obj\User_DCU.o
#        D:\00-githubFiles\HC32F460_FreeRTOS\HC32F460Temp_FreeRTOS\Debug\Obj\User_DMA.o
#        D:\00-githubFiles\HC32F460_FreeRTOS\HC32F460Temp_FreeRTOS\Debug\Obj\User_Gpio.o
#        D:\00-githubFiles\HC32F460_FreeRTOS\HC32F460Temp_FreeRTOS\Debug\Obj\User_I2C.o
#        D:\00-githubFiles\HC32F460_FreeRTOS\HC32F460Temp_FreeRTOS\Debug\Obj\User_I2S.o
#        D:\00-githubFiles\HC32F460_FreeRTOS\HC32F460Temp_FreeRTOS\Debug\Obj\User_OTS.o
#        D:\00-githubFiles\HC32F460_FreeRTOS\HC32F460Temp_FreeRTOS\Debug\Obj\User_PWC.o
#        D:\00-githubFiles\HC32F460_FreeRTOS\HC32F460Temp_FreeRTOS\Debug\Obj\User_QSPI.o
#        D:\00-githubFiles\HC32F460_FreeRTOS\HC32F460Temp_FreeRTOS\Debug\Obj\User_RTC.o
#        D:\00-githubFiles\HC32F460_FreeRTOS\HC32F460Temp_FreeRTOS\Debug\Obj\User_SDIO.o
#        D:\00-githubFiles\HC32F460_FreeRTOS\HC32F460Temp_FreeRTOS\Debug\Obj\User_SPI.o
#        D:\00-githubFiles\HC32F460_FreeRTOS\HC32F460Temp_FreeRTOS\Debug\Obj\User_Task.o
#        D:\00-githubFiles\HC32F460_FreeRTOS\HC32F460Temp_FreeRTOS\Debug\Obj\User_Timer.o
#        D:\00-githubFiles\HC32F460_FreeRTOS\HC32F460Temp_FreeRTOS\Debug\Obj\User_Timer4.o
#        D:\00-githubFiles\HC32F460_FreeRTOS\HC32F460Temp_FreeRTOS\Debug\Obj\User_Timer6.o
#        D:\00-githubFiles\HC32F460_FreeRTOS\HC32F460Temp_FreeRTOS\Debug\Obj\User_TimerA.o
#        D:\00-githubFiles\HC32F460_FreeRTOS\HC32F460Temp_FreeRTOS\Debug\Obj\User_TRNG.o
#        D:\00-githubFiles\HC32F460_FreeRTOS\HC32F460Temp_FreeRTOS\Debug\Obj\User_Uart.o
#        D:\00-githubFiles\HC32F460_FreeRTOS\HC32F460Temp_FreeRTOS\Debug\Obj\w25qxx.o
#        D:\00-githubFiles\HC32F460_FreeRTOS\HC32F460Temp_FreeRTOS\Debug\Obj\wm8731.o
#        --no_out_extension -o
#        D:\00-githubFiles\HC32F460_FreeRTOS\HC32F460Temp_FreeRTOS\Debug\Exe\HC32F460_Temp_IAR.out
#        --redirect _Printf=_PrintfFull --redirect _Scanf=_ScanfFull --map
#        D:\00-githubFiles\HC32F460_FreeRTOS\HC32F460Temp_FreeRTOS\Debug\List\HC32F460_Temp_IAR.map
#        --config
#        D:\00-githubFiles\HC32F460_FreeRTOS\HC32F460Temp_FreeRTOS\HC32F46x.icf
#        --semihosting --entry __iar_program_start --vfe --text_out locale)
#
###############################################################################

*******************************************************************************
*** RUNTIME MODEL ATTRIBUTES
***

CppFlavor       = *
__SystemLibrary = DLib
__dlib_version  = 6


*******************************************************************************
*** HEAP SELECTION
***

The basic heap was selected because no calls to memory allocation
functions were found in the application outside of system library
functions, and there are calls to deallocation functions in the
application.


*******************************************************************************
*** PLACEMENT SUMMARY
***

"A0":  place at address 0x0 { ro section .intvec };
"P1":  place in [from 0x0 to 0x7'ffff] { ro };
define block CSTACK with size = 1K, alignment = 8 { };
define block HEAP with size = 1K, alignment = 8 { };
"P2":  place in [from 0x1fff'8000 to 0x1fff'ffff] |
                [from 0x2000'0000 to 0x2000'ffff repeat 2] |
                [from 0x2002'0000 to 0x2002'6fff] |
                [from 0x200f'0000 to 0x200f'0fff] {
          rw, block CSTACK, block HEAP };
initialize by copy { rw };

  Section            Kind         Address    Size  Object
  -------            ----         -------    ----  ------
"A0":                                       0x280
  .intvec            ro code          0x0   0x280  startup_hc32f46x.o [1]
                                  - 0x280   0x280

"P1", part 1 of 2:                          0x120
  .text              ro code        0x280    0x3c  hc32f46x_exint_nmi_swi.o [1]
  .text              ro code        0x2bc    0x10  cmsis_os.o [1]
  .text              ro code        0x2cc     0x2  User_PWC.o [1]
  .text              ro code        0x2ce    0x3a  zero_init3.o [4]
  .text              ro code        0x308    0x98  list.o [1]
                                  - 0x3a0   0x120

Absolute sections:                           0x20
  .rodata            const          0x400    0x20  hc32f46x_icg.o [1]
                                  - 0x420    0x20

"P1", part 2 of 2:                         0xb446
  .text              ro code        0x420  0x2658  hc32f46x_interrupts.o [1]
  .text              ro code       0x2a78   0x80c  tasks.o [1]
  .text              ro code       0x3284   0x204  port.o [1]
  .text              ro code       0x3488   0x260  heap_4.o [1]
  CODE               ro code       0x36e8    0xb0  portasm.o [1]
  .text              ro code       0x3798  0x10c6  xprintffull.o [2]
  .text              ro code       0x485e    0x1e  xencoding_8859_1.o [2]
  .text              ro code       0x487c    0x7c  xlocale_c.o [2]
  .text              ro code       0x48f8    0x16  strchr.o [4]
  .text              ro code       0x490e     0xa  xsprout.o [2]
  .text              ro code       0x4918    0x40  xfail_s.o [2]
  .text              ro code       0x4958    0x36  strlen.o [4]
  .rodata            const         0x498e     0x2  xlocale_c.o [2]
  .text              ro code       0x4990    0x58  memchr.o [4]
  .text              ro code       0x49e8    0xa6  ABImemcpy.o [4]
  .rodata            const         0x4a8e     0x2  xlocale_c.o [2]
  .text              ro code       0x4a90    0x70  frexp.o [3]
  .text              ro code       0x4b00    0x2e  DblCmpLe.o [3]
  .rodata            const         0x4b2e     0x1  xlocale_c.o [2]
  .text              ro code       0x4b30    0x2e  DblCmpGe.o [3]
  .text              ro code       0x4b60   0x13a  ldexp.o [3]
  .text              ro code       0x4c9c    0x3a  DblToS32.o [3]
  .text              ro code       0x4cd8    0x22  S32ToDbl.o [3]
  .text              ro code       0x4cfc    0xe2  DblSub.o [3]
  .text              ro code       0x4de0   0x246  DblDiv.o [3]
  .text              ro code       0x5028    0x28  DblToU32.o [3]
  .text              ro code       0x5050    0x1a  U32ToDbl.o [3]
  .text              ro code       0x506c   0x1a2  DblMul.o [3]
  .text              ro code       0x520e     0xa  xmbcurmax.o [2]
  .text              ro code       0x5218   0x230  I64DivMod.o [4]
  .text              ro code       0x5448     0x6  abort.o [2]
  .text              ro code       0x5450   0x16a  DblAdd.o [3]
  .text              ro code       0x55bc     0x2  I64DivZer.o [4]
  .text              ro code       0x55c0    0x14  exit.o [5]
  .text              ro code       0x55d4   0x9fa  usb_core.o [1]
  .text              ro code       0x5fd0   0x13e  usb_bsp_template.o [1]
  .text              ro code       0x6110   0x6cc  usb_dcd_int.o [1]
  .text              ro code       0x67dc    0x28  printf.o [2]
  .text              ro code       0x6804    0x66  ABImemset.o [4]
  .text              ro code       0x686c   0x1b0  hc32f46x_gpio.o [1]
  .text              ro code       0x6a1c    0x90  hc32f46x_pwc.o [1]
  .text              ro code       0x6aac   0x8ac  usbd_msc_scsi.o [1]
  .text              ro code       0x7358     0x8  User_SDIO.o [1]
  .text              ro code       0x7360   0x292  usb_dcd.o [1]
  .text              ro code       0x75f4   0x254  usbd_msc_bot.o [1]
  .text              ro code       0x7848    0xa0  usbd_ioreq.o [1]
  .text              ro code       0x78e8   0x864  hc32f46x_clk.o [1]
  .text              ro code       0x814c    0xc8  system_hc32f46x.o [1]
  .text              ro code       0x8214   0x6fa  usbd_req.o [1]
  .text              ro code       0x8910   0x32e  usbd_core.o [1]
  .text              ro code       0x8c40   0x59c  hc32f46x_dmac.o [1]
  .text              ro code       0x91dc   0x37a  w25qxx.o [1]
  .text              ro code       0x9558   0x16c  hc32f46x_qspi.o [1]
  .text              ro code       0x96c4   0x30c  OLED.o [1]
  .text              ro code       0x99d0   0x2c2  HW_I2C.o [1]
  .text              ro code       0x9c94   0x294  hc32f46x_utility.o [1]
  .text              ro code       0x9f28   0x1a4  hc32f46x_i2c.o [1]
  .text              ro code       0xa0cc   0x20c  User_Gpio.o [1]
  .text              ro code       0xa2d8   0x184  System_Clk.o [1]
  .text              ro code       0xa45c    0x4c  hc32f46x_efm.o [1]
  .text              ro code       0xa4a8    0x30  hc32f46x_sram.o [1]
  .text              ro code       0xa4d8   0x184  usbd_msc_core.o [1]
  .text              ro code       0xa65c   0x128  User_DMA.o [1]
  .text              ro code       0xa784    0xf8  User_ADC.o [1]
  .text              ro code       0xa87c    0xe0  hc32f46x_adc.o [1]
  .text              ro code       0xa95c   0x118  Hw_MPU.o [1]
  .text              ro code       0xaa74   0x104  usbd_storage_msd.o [1]
  .text              ro code       0xab78    0xfc  queue.o [1]
  .text              ro code       0xac74    0xd8  hc32f46x_dcu.o [1]
  .text              ro code       0xad4c    0xcc  usbd_desc.o [1]
  .text              ro code       0xae18    0xbc  main.o [1]
  .text              ro code       0xaed4    0x4c  User_Task.o [1]
  .text              ro code       0xaf20    0x3c  Task_LED.o [1]
  .text              ro code       0xaf5c    0x38  Task_display.o [1]
  .text              ro code       0xaf94    0x9c  Task_ADC.o [1]
  .text              ro code       0xb030    0xa8  Task_USB.o [1]
  .text              ro code       0xb0d8    0xac  User_DCU.o [1]
  .text              ro code       0xb184    0x40  sprintf.o [2]
  .text              ro code       0xb1c4    0x9c  packbits_init.o [4]
  .text              ro code       0xb260    0x98  usbd_usr.o [1]
  .rodata            const         0xb2f8    0x48  usbd_storage_msd.o [1]
  .text              ro code       0xb340    0x44  startup_hc32f46x.o [1]
  .text              ro code       0xb384    0x28  data_init.o [4]
  .rodata            const         0xb3ac    0x24  usbd_usr.o [1]
  .rodata            const         0xb3d0    0x24  usbd_usr.o [1]
  .rodata            const         0xb3f4    0x24  usbd_usr.o [1]
  .text              ro code       0xb418    0x22  fpinit_M.o [3]
  .iar.init_table    const         0xb43c    0x2c  - Linker created -
  .text              ro code       0xb468    0x1e  cmain.o [4]
  .text              ro code       0xb486     0x4  low_level_init.o [2]
  .text              ro code       0xb48a     0x4  exit.o [2]
  .text              ro code       0xb490     0xa  cexit.o [4]
  .rodata            const         0xb49c    0x1c  usbd_usr.o [1]
  .rodata            const         0xb4b8    0x1c  usbd_usr.o [1]
  .rodata            const         0xb4d4    0x1c  usbd_usr.o [1]
  .rodata            const         0xb4f0    0x18  usb_dcd_int.o [1]
  .rodata            const         0xb508    0x18  usbd_desc.o [1]
  .rodata            const         0xb520    0x18  usbd_desc.o [1]
  .rodata            const         0xb538    0x18  usbd_req.o [1]
  .rodata            const         0xb550    0x18  usbd_usr.o [1]
  .text              ro code       0xb568    0x16  xprout.o [2]
  .text              ro code       0xb580     0xc  putchar.o [2]
  .rodata            const         0xb58c    0x14  usb_dcd_int.o [1]
  .rodata            const         0xb5a0    0x14  usbd_usr.o [1]
  .rodata            const         0xb5b4    0x10  Task_ADC.o [1]
  .rodata            const         0xb5c4    0x10  Task_display.o [1]
  .rodata            const         0xb5d4    0x10  Task_USB.o [1]
  .rodata            const         0xb5e4    0x10  usb_bsp_template.o [1]
  .rodata            const         0xb5f4    0x10  usbd_desc.o [1]
  .rodata            const         0xb604    0x10  usbd_desc.o [1]
  .rodata            const         0xb614    0x10  usbd_desc.o [1]
  .rodata            const         0xb624    0x10  usbd_storage_msd.o [1]
  .rodata            const         0xb634    0x10  usbd_usr.o [1]
  .rodata            const         0xb644     0xc  Task_LED.o [1]
  .rodata            const         0xb650     0xc  usb_dcd_int.o [1]
  .rodata            const         0xb65c     0xc  usb_dcd_int.o [1]
  .rodata            const         0xb668     0xc  usbd_core.o [1]
  .rodata            const         0xb674     0xc  usbd_desc.o [1]
  .rodata            const         0xb680     0xc  usbd_desc.o [1]
  .rodata            const         0xb68c     0xc  usbd_req.o [1]
  .text              ro code       0xb698     0xc  cstartup_M.o [4]
  .rodata            const         0xb6a4     0x8  Task_ADC.o [1]
  .rodata            const         0xb6ac     0x8  tasks.o [1]
  .rodata            const         0xb6b4     0x8  usb_dcd_int.o [1]
  .rodata            const         0xb6bc     0x8  usb_dcd_int.o [1]
  .rodata            const         0xb6c4     0x8  usbd_msc_data.o [1]
  .rodata            const         0xb6cc     0x8  usbd_msc_data.o [1]
  .rodata            const         0xb6d4     0x8  usbd_msc_data.o [1]
  .rodata            const         0xb6dc     0x4  heap_4.o [1]
  .text              ro code       0xb6e0     0x4  startup_hc32f46x.o [1]
  .text              ro code       0xb6e4     0x4  startup_hc32f46x.o [1]
  .text              ro code       0xb6e8     0x4  startup_hc32f46x.o [1]
  .rodata            const         0xb6ec     0x0  zero_init3.o [4]
  .rodata            const         0xb6ec     0x0  packbits_init.o [4]
  Initializer bytes  const         0xb6ec   0x17a  <for P2 s0>
                                 - 0xb866  0xb446

"P2", part 1 of 3:                          0x246
  P2 s0                       0x2000'0000   0x246  <Init block>
    .data            inited   0x2000'0000    0x74  User_SDIO.o [1]
    .data            inited   0x2000'0074    0x48  xlocale_c.o [2]
    .data            inited   0x2000'00bc    0x48  xfiles.o [2]
    .data            inited   0x2000'0104    0x38  xlocale_c.o [2]
    .data            inited   0x2000'013c    0x2c  usbd_core.o [1]
    .data            inited   0x2000'0168    0x2c  usbd_msc_core.o [1]
    .data            inited   0x2000'0194    0x20  usbd_msc_core.o [1]
    .data            inited   0x2000'01b4    0x20  usbd_storage_msd.o [1]
    .data            inited   0x2000'01d4    0x1c  usbd_desc.o [1]
    .data            inited   0x2000'01f0    0x1c  usbd_usr.o [1]
    .data            inited   0x2000'020c    0x14  usbd_desc.o [1]
    .data            inited   0x2000'0220     0x8  hc32f46x_i2c.o [1]
    .data            inited   0x2000'0228     0x8  User_SDIO.o [1]
    .data            inited   0x2000'0230     0x4  port.o [1]
    .data            inited   0x2000'0234     0x4  system_hc32f46x.o [1]
    .data            inited   0x2000'0238     0x4  usbd_core.o [1]
    .data            inited   0x2000'023c     0x4  usbd_desc.o [1]
    .data            inited   0x2000'0240     0x4  usbd_storage_msd.o [1]
    .data            inited   0x2000'0244     0x2  w25qxx.o [1]
                            - 0x2000'0246   0x246

"P2", part 2 of 3:                         0x8854
  .bss               zero     0x2000'0248  0x3c00  heap_4.o [1]
  .bss               zero     0x2000'3e48  0x3000  usbd_msc_bot.o [1]
  .bss               zero     0x2000'6e48  0x1000  w25qxx.o [1]
  .bss               zero     0x2000'7e48   0x4e0  main.o [1]
  .bss               zero     0x2000'8328   0x200  hc32f46x_interrupts.o [1]
  .bss               zero     0x2000'8528   0x200  OLED.o [1]
  .bss               zero     0x2000'8728    0xc8  Task_ADC.o [1]
  .bss               zero     0x2000'87f0    0x8c  tasks.o [1]
  .bss               zero     0x2000'887c    0x50  xfiles.o [2]
  .bss               zero     0x2000'88cc    0x40  usbd_req.o [1]
  .bss               zero     0x2000'890c    0x20  main.o [1]
  .bss               zero     0x2000'892c    0x20  usbd_msc_bot.o [1]
  .bss               zero     0x2000'894c    0x20  usbd_msc_scsi.o [1]
  .bss               zero     0x2000'896c    0x14  tasks.o [1]
  .bss               zero     0x2000'8980    0x14  tasks.o [1]
  .bss               zero     0x2000'8994    0x14  tasks.o [1]
  .bss               zero     0x2000'89a8    0x14  tasks.o [1]
  .bss               zero     0x2000'89bc    0x14  tasks.o [1]
  .bss               zero     0x2000'89d0    0x10  usbd_msc_bot.o [1]
  .bss               zero     0x2000'89e0     0x8  heap_4.o [1]
  .bss               zero     0x2000'89e8     0x8  usbd_msc_scsi.o [1]
  .bss               zero     0x2000'89f0     0x4  hc32f46x_exint_nmi_swi.o [1]
  .bss               zero     0x2000'89f4     0x4  heap_4.o [1]
  .bss               zero     0x2000'89f8     0x4  heap_4.o [1]
  .bss               zero     0x2000'89fc     0x4  heap_4.o [1]
  .bss               zero     0x2000'8a00     0x4  heap_4.o [1]
  .bss               zero     0x2000'8a04     0x4  port.o [1]
  .bss               zero     0x2000'8a08     0x4  Task_ADC.o [1]
  .bss               zero     0x2000'8a0c     0x4  Task_ADC.o [1]
  .bss               zero     0x2000'8a10     0x4  Task_display.o [1]
  .bss               zero     0x2000'8a14     0x4  Task_LED.o [1]
  .bss               zero     0x2000'8a18     0x4  Task_USB.o [1]
  .bss               zero     0x2000'8a1c     0x4  Task_USB.o [1]
  .bss               zero     0x2000'8a20     0x4  tasks.o [1]
  .bss               zero     0x2000'8a24     0x4  tasks.o [1]
  .bss               zero     0x2000'8a28     0x4  tasks.o [1]
  .bss               zero     0x2000'8a2c     0x4  tasks.o [1]
  .bss               zero     0x2000'8a30     0x4  tasks.o [1]
  .bss               zero     0x2000'8a34     0x4  tasks.o [1]
  .bss               zero     0x2000'8a38     0x4  tasks.o [1]
  .bss               zero     0x2000'8a3c     0x4  tasks.o [1]
  .bss               zero     0x2000'8a40     0x4  tasks.o [1]
  .bss               zero     0x2000'8a44     0x4  tasks.o [1]
  .bss               zero     0x2000'8a48     0x4  tasks.o [1]
  .bss               zero     0x2000'8a4c     0x4  tasks.o [1]
  .bss               zero     0x2000'8a50     0x4  tasks.o [1]
  .bss               zero     0x2000'8a54     0x4  tasks.o [1]
  .bss               zero     0x2000'8a58     0x4  tasks.o [1]
  .bss               zero     0x2000'8a5c     0x4  usbd_core.o [1]
  .bss               zero     0x2000'8a60     0x4  usbd_msc_scsi.o [1]
  .bss               zero     0x2000'8a64     0x4  usbd_msc_scsi.o [1]
  .bss               zero     0x2000'8a68     0x4  usbd_msc_scsi.o [1]
  .bss               zero     0x2000'8a6c     0x4  usbd_msc_scsi.o [1]
  .bss               zero     0x2000'8a70     0x4  usbd_req.o [1]
  .bss               zero     0x2000'8a74     0x4  usbd_req.o [1]
  .bss               zero     0x2000'8a78     0x4  usbd_req.o [1]
  .bss               zero     0x2000'8a7c     0x4  User_Task.o [1]
  .bss               zero     0x2000'8a80     0x4  xfail_s.o [2]
  .bss               zero     0x2000'8a84     0x2  usbd_msc_bot.o [1]
  .bss               zero     0x2000'8a86     0x2  User_ADC.o [1]
  .bss               zero     0x2000'8a88     0x2  User_DMA.o [1]
  .bss               zero     0x2000'8a8a     0x1  hc32f46x_dmac.o [1]
  .bss               zero     0x2000'8a8b     0x1  port.o [1]
  .bss               zero     0x2000'8a8c     0x1  Task_ADC.o [1]
  .bss               zero     0x2000'8a8d     0x1  usbd_msc_bot.o [1]
  .bss               zero     0x2000'8a8e     0x1  usbd_msc_bot.o [1]
  .bss               zero     0x2000'8a8f     0x1  usbd_msc_core.o [1]
  .bss               zero     0x2000'8a90     0x1  usbd_msc_core.o [1]
  .bss               zero     0x2000'8a91     0x1  usbd_msc_scsi.o [1]
  .bss               zero     0x2000'8a92     0x1  usbd_msc_scsi.o [1]
  .bss               zero     0x2000'8a93     0x1  usbd_req.o [1]
  .bss               zero     0x2000'8a94     0x1  usbd_storage_msd.o [1]
  .bss               zero     0x2000'8a95     0x1  usbd_usr.o [1]
  .bss               zero     0x2000'8a96     0x1  User_DCU.o [1]
  .bss               zero     0x2000'8a97     0x1  User_Gpio.o [1]
  .bss               zero     0x2000'8a98     0x1  User_Gpio.o [1]
  .bss               zero     0x2000'8a99     0x1  User_Gpio.o [1]
                            - 0x2000'8a9a  0x8852

"P2", part 3 of 3:                          0x400
  CSTACK                      0x2000'8aa0   0x400  <Block>
    CSTACK           uninit   0x2000'8aa0   0x400  <Block tail>
                            - 0x2000'8ea0   0x400

Unused ranges:

         From           To      Size
         ----           --      ----
        0x3a0        0x3ff      0x60
       0xb866     0x7'ffff  0x7'479a
  0x1fff'8000  0x1fff'ffff    0x8000
  0x2000'0246  0x2000'0247       0x2
  0x2000'8a9c  0x2000'8a9f       0x4
  0x2000'8ea0  0x2000'ffff    0x7160
  0x2001'0000  0x2001'ffff  0x1'0000
  0x2002'0000  0x2002'6fff    0x7000
  0x200f'0000  0x200f'0fff    0x1000


*******************************************************************************
*** INIT TABLE
***

          Address      Size
          -------      ----
Zero (__iar_zero_init3)
    1 destination range, total size 0x8852:
          0x2000'0248  0x8852

Copy/packbits (__iar_packbits_init3)
    1 source range, total size 0x17a (64% of destination):
               0xb6ec   0x17a
    1 destination range, total size 0x246:
          0x2000'0000   0x246



*******************************************************************************
*** MODULE SUMMARY
***

    Module                    ro code  ro data  rw data  ro data
                                                          (abs)
    ------                    -------  -------  -------  -------
command line/config:
    ------------------------------------------------------------
    Total:

D:\00-githubFiles\HC32F460_FreeRTOS\HC32F460Temp_FreeRTOS\Debug\Obj: [1]
    HW_I2C.o                      706
    Hw_MPU.o                      280
    OLED.o                        780               512
    System_Clk.o                  388
    Task_ADC.o                    156       24      209
    Task_LED.o                     60       12        4
    Task_USB.o                    168       16        8
    Task_display.o                 56       16        4
    User_ADC.o                    248                 2
    User_DCU.o                    172                 1
    User_DMA.o                    296                 2
    User_Gpio.o                   524                 3
    User_PWC.o                      2
    User_SDIO.o                     8       80      124
    User_Task.o                    76                 4
    cmsis_os.o                     16
    hc32f46x_adc.o                224
    hc32f46x_clk.o              2'148
    hc32f46x_dcu.o                216
    hc32f46x_dmac.o             1'436                 1
    hc32f46x_efm.o                 76
    hc32f46x_exint_nmi_swi.o       60                 4
    hc32f46x_gpio.o               432
    hc32f46x_i2c.o                420        5        8
    hc32f46x_icg.o                                            32
    hc32f46x_interrupts.o       9'816               512
    hc32f46x_pwc.o                144
    hc32f46x_qspi.o               364
    hc32f46x_sram.o                48
    hc32f46x_utility.o            660
    heap_4.o                      608        4   15'384
    list.o                        152
    main.o                        188             1'280
    port.o                        516        3        9
    portasm.o                     176
    queue.o                       252
    startup_hc32f46x.o            720
    system_hc32f46x.o             200        2        4
    tasks.o                     2'060        8      300
    usb_bsp_template.o            318       16
    usb_core.o                  2'554
    usb_dcd.o                     658
    usb_dcd_int.o               1'740       84
    usbd_core.o                   814       43       52
    usbd_desc.o                   204      155       52
    usbd_ioreq.o                  160
    usbd_msc_bot.o                596            12'340
    usbd_msc_core.o               388       50       78
    usbd_msc_data.o                         24
    usbd_msc_scsi.o             2'220                58
    usbd_req.o                  1'786       36       77
    usbd_storage_msd.o            260      110       37
    usbd_usr.o                    152      270       29
    w25qxx.o                      890        2    4'098
    ------------------------------------------------------------
    Total:                     37'592      960   35'196       32

dl7M_tlf.a: [2]
    abort.o                         6
    exit.o                          4
    low_level_init.o                4
    printf.o                       40
    putchar.o                      12
    sprintf.o                      64
    xencoding_8859_1.o             30
    xfail_s.o                      64                 4
    xfiles.o                                46      152
    xlocale_c.o                   124       89      128
    xmbcurmax.o                    10
    xprintffull.o               4'294
    xprout.o                       22
    xsprout.o                      10
    ------------------------------------------------------------
    Total:                      4'684      135      284

m7M_tls.a: [3]
    DblAdd.o                      362
    DblCmpGe.o                     46
    DblCmpLe.o                     46
    DblDiv.o                      582
    DblMul.o                      418
    DblSub.o                      226
    DblToS32.o                     58
    DblToU32.o                     40
    S32ToDbl.o                     34
    U32ToDbl.o                     26
    fpinit_M.o                     34
    frexp.o                       112
    ldexp.o                       314
    ------------------------------------------------------------
    Total:                      2'298

rt7M_tl.a: [4]
    ABImemcpy.o                   166
    ABImemset.o                   102
    I64DivMod.o                   560
    I64DivZer.o                     2
    cexit.o                        10
    cmain.o                        30
    cstartup_M.o                   12
    data_init.o                    40
    memchr.o                       88
    packbits_init.o               156
    strchr.o                       22
    strlen.o                       54
    zero_init3.o                   58
    ------------------------------------------------------------
    Total:                      1'300

shb_l.a: [5]
    exit.o                         20
    ------------------------------------------------------------
    Total:                         20

    Gaps                           41        4
    Linker created                          44    1'024
----------------------------------------------------------------
    Grand Total:               45'935    1'143   36'504       32


*******************************************************************************
*** ENTRY LIST
***

Entry                       Address    Size  Type      Object
-----                       -------    ----  ----      ------
.iar.init_table$$Base        0xb43c           --   Gb  - Linker created -
.iar.init_table$$Limit       0xb468           --   Gb  - Linker created -
?main                        0xb469          Code  Gb  cmain.o [4]
ADC1_AIN10_Data         0x2000'8a86     0x2  Data  Gb  User_ADC.o [1]
ADC1_Start_convert           0xa79d     0x8  Code  Gb  User_ADC.o [1]
ADC_AddAdcChannel            0xa8cb    0x8e  Code  Gb  hc32f46x_adc.o [1]
ADC_EOCA_CallBack            0xa793     0xa  Code  Gb  User_ADC.o [1]
ADC_Init                     0xa87d    0x4e  Code  Gb  hc32f46x_adc.o [1]
BusFault_Handler              0x4b9     0x8  Code  Gb  hc32f46x_interrupts.o [1]
CLK_GetClockFreq             0x7ecf   0x10c  Code  Gb  hc32f46x_clk.o [1]
CLK_GetFlagStatus            0x80b5    0x46  Code  Gb  hc32f46x_clk.o [1]
CLK_HrcCmd                   0x7a49    0xa4  Code  Gb  hc32f46x_clk.o [1]
CLK_LrcCmd                   0x7aed    0x6c  Code  Gb  hc32f46x_clk.o [1]
CLK_MpllCmd                  0x7bef    0x78  Code  Gb  hc32f46x_clk.o [1]
CLK_MpllConfig               0x7b87    0x68  Code  Gb  hc32f46x_clk.o [1]
CLK_SetPllSource             0x7b59    0x2e  Code  Gb  hc32f46x_clk.o [1]
CLK_SetSysClkSource          0x7d3b    0xb8  Code  Gb  hc32f46x_clk.o [1]
CLK_SetUsbClkSource          0x7fdb    0xc4  Code  Gb  hc32f46x_clk.o [1]
CLK_SysClkConfig             0x7df3    0xdc  Code  Gb  hc32f46x_clk.o [1]
CLK_UpllCmd                  0x7ccf    0x6c  Code  Gb  hc32f46x_clk.o [1]
CLK_UpllConfig               0x7c67    0x68  Code  Gb  hc32f46x_clk.o [1]
CLK_Xtal32Cmd                0x79dd    0x6c  Code  Gb  hc32f46x_clk.o [1]
CLK_Xtal32Config             0x798f    0x4e  Code  Gb  hc32f46x_clk.o [1]
CLK_XtalCmd                  0x78e9    0xa6  Code  Gb  hc32f46x_clk.o [1]
CSTACK$$Base            0x2000'8aa0           --   Gb  - Linker created -
CSTACK$$Limit           0x2000'8ea0           --   Gb  - Linker created -
CacheMore                    0x4881    0x28  Code  Lc  xlocale_c.o [2]
Clkdata                 0x2000'890c    0x20  Data  Gb  main.o [1]
DCD_EP_Close                 0x7463    0x48  Code  Gb  usb_dcd.o [1]
DCD_EP_ClrStall              0x7579    0x48  Code  Gb  usb_dcd.o [1]
DCD_EP_Flush                 0x75c1    0x1e  Code  Gb  usb_dcd.o [1]
DCD_EP_Open                  0x7401    0x62  Code  Gb  usb_dcd.o [1]
DCD_EP_PrepareRx             0x74ab    0x48  Code  Gb  usb_dcd.o [1]
DCD_EP_SetAddress            0x75df    0x14  Code  Gb  usb_dcd.o [1]
DCD_EP_Stall                 0x7531    0x48  Code  Gb  usb_dcd.o [1]
DCD_EP_Tx                    0x74f3    0x3e  Code  Gb  usb_dcd.o [1]
DCD_HandleEnumDone_ISR       0x6719    0x4a  Code  Lc  usb_dcd_int.o [1]
DCD_HandleInEP_ISR           0x631b    0xde  Code  Lc  usb_dcd_int.o [1]
DCD_HandleOutEP_ISR          0x63f9   0x112  Code  Lc  usb_dcd_int.o [1]
DCD_HandleResume_ISR         0x6253    0x50  Code  Lc  usb_dcd_int.o [1]
DCD_HandleRxStatusQueueLevel_ISR
                             0x6527    0xa0  Code  Lc  usb_dcd_int.o [1]
DCD_HandleSof_ISR            0x650b    0x1c  Code  Lc  usb_dcd_int.o [1]
DCD_HandleUSBSuspend_ISR
                             0x62a3    0x78  Code  Lc  usb_dcd_int.o [1]
DCD_HandleUsbReset_ISR       0x6657    0xc2  Code  Lc  usb_dcd_int.o [1]
DCD_HandleUsbReset_ISR::__FUNCTION__
                             0xb4f0    0x18  Data  Lc  usb_dcd_int.o [1]
DCD_Init                     0x7361    0xa0  Code  Gb  usb_dcd.o [1]
DCD_IsoINIncomplete_ISR
                             0x6763    0x1c  Code  Lc  usb_dcd_int.o [1]
DCD_IsoOUTIncomplete_ISR
                             0x677f    0x1c  Code  Lc  usb_dcd_int.o [1]
DCD_ReadDevInEP              0x67bd    0x20  Code  Lc  usb_dcd_int.o [1]
DCD_SessionRequest_ISR       0x6215    0x3e  Code  Lc  usb_dcd_int.o [1]
DCD_WriteEmptyTxFifo         0x65c7    0x90  Code  Lc  usb_dcd_int.o [1]
DCU1_INT_Callback            0xb0f5     0x8  Code  Lc  User_DCU.o [1]
DCU_Init                     0xac75    0x70  Code  Gb  hc32f46x_dcu.o [1]
DCU_SetTriggerSrc            0xace5    0x1a  Code  Gb  hc32f46x_dcu.o [1]
DCU_TRGSELx                  0xacff    0x2e  Code  Lc  hc32f46x_dcu.o [1]
DMA1_CH0_Callback            0xa67f    0x1a  Code  Gb  User_DMA.o [1]
DMA_ChannelCfg               0x8e79   0x1a6  Code  Gb  hc32f46x_dmac.o [1]
DMA_ChannelCmd               0x8ccd   0x170  Code  Gb  hc32f46x_dmac.o [1]
DMA_ClearIrqFlag             0x8c4d    0x80  Code  Gb  hc32f46x_dmac.o [1]
DMA_Cmd                      0x8c41     0xc  Code  Gb  hc32f46x_dmac.o [1]
DMA_InitChannel              0x901f   0x1be  Code  Gb  hc32f46x_dmac.o [1]
DMA_SetTriggerSrc            0x8e3d    0x28  Code  Gb  hc32f46x_dmac.o [1]
Dcu1_result             0x2000'8a88     0x2  Data  Gb  User_DMA.o [1]
Ddl_Delay1ms                 0x9e7d    0x2e  Code  Gb  hc32f46x_utility.o [1]
Ddl_Delay1us                 0x9eab    0x3c  Code  Gb  hc32f46x_utility.o [1]
Ddl_UartInit                 0x9e01    0x7c  Code  Gb  hc32f46x_utility.o [1]
DebugMon_Handler              0x4c9     0x8  Code  Gb  hc32f46x_interrupts.o [1]
DebugOutput                  0x9c95    0x14  Code  Gb  hc32f46x_utility.o [1]
DmaChEnState            0x2000'8a8a     0x1  Data  Lc  hc32f46x_dmac.o [1]
EFM_InstructionCacheCmd
                             0xa491    0x10  Code  Gb  hc32f46x_efm.o [1]
EFM_Lock                     0xa46f    0x14  Code  Gb  hc32f46x_efm.o [1]
EFM_SetLatency               0xa483     0xe  Code  Gb  hc32f46x_efm.o [1]
EFM_Unlock                   0xa45d    0x12  Code  Gb  hc32f46x_efm.o [1]
EXINT_Init                    0x281    0x2a  Code  Gb  hc32f46x_exint_nmi_swi.o [1]
GetFreqReg                   0x9f29    0x34  Code  Lc  hc32f46x_i2c.o [1]
Get_ADC1_Data                0xa785     0x8  Code  Gb  User_ADC.o [1]
Get_DCU1_Result              0xa679     0x6  Code  Gb  User_DMA.o [1]
HAL_MPU_Disable              0xa95d    0x16  Code  Gb  Hw_MPU.o [1]
HW_I2C_Init                  0x99ed    0x78  Code  Gb  HW_I2C.o [1]
HW_I2C_Port_Init             0x99d1    0x1c  Code  Gb  HW_I2C.o [1]
H_Task_ADC              0x2000'8a08     0x4  Data  Gb  Task_ADC.o [1]
H_Task_Display          0x2000'8a10     0x4  Data  Gb  Task_display.o [1]
H_Task_LED              0x2000'8a14     0x4  Data  Gb  Task_LED.o [1]
H_Task_USB              0x2000'8a18     0x4  Data  Gb  Task_USB.o [1]
HardFault_Handler             0x4a9     0x8  Code  Gb  hc32f46x_interrupts.o [1]
Hd_Task_Start           0x2000'8a7c     0x4  Data  Gb  User_Task.o [1]
Hw_MPU_Init                  0xa973    0xe8  Code  Gb  Hw_MPU.o [1]
I2C_BaudrateConfig           0x9f5d    0xaa  Code  Gb  hc32f46x_i2c.o [1]
I2C_ClearStatus              0xa0ab     0xc  Code  Gb  hc32f46x_i2c.o [1]
I2C_Cmd                      0xa06f     0xc  Code  Gb  hc32f46x_i2c.o [1]
I2C_DeInit                   0xa007    0x14  Code  Gb  hc32f46x_i2c.o [1]
I2C_GenerateStart            0xa07b     0xc  Code  Gb  hc32f46x_i2c.o [1]
I2C_GenerateStop             0xa087     0xc  Code  Gb  hc32f46x_i2c.o [1]
I2C_GetStatus                0xa099    0x12  Code  Gb  hc32f46x_i2c.o [1]
I2C_Init                     0xa01b    0x54  Code  Gb  hc32f46x_i2c.o [1]
I2C_SendData                 0xa093     0x6  Code  Gb  hc32f46x_i2c.o [1]
I2C_Write_data               0x9a71   0x222  Code  Gb  HW_I2C.o [1]
IRQ000_Handler                0x4dd    0x12  Code  Gb  hc32f46x_interrupts.o [1]
IRQ001_Handler                0x4ef    0x12  Code  Gb  hc32f46x_interrupts.o [1]
IRQ002_Handler                0x501    0x12  Code  Gb  hc32f46x_interrupts.o [1]
IRQ003_Handler                0x513    0x12  Code  Gb  hc32f46x_interrupts.o [1]
IRQ004_Handler                0x525    0x12  Code  Gb  hc32f46x_interrupts.o [1]
IRQ005_Handler                0x537    0x12  Code  Gb  hc32f46x_interrupts.o [1]
IRQ006_Handler                0x549    0x12  Code  Gb  hc32f46x_interrupts.o [1]
IRQ007_Handler                0x55b    0x12  Code  Gb  hc32f46x_interrupts.o [1]
IRQ008_Handler                0x56d    0x12  Code  Gb  hc32f46x_interrupts.o [1]
IRQ009_Handler                0x57f    0x12  Code  Gb  hc32f46x_interrupts.o [1]
IRQ010_Handler                0x591    0x12  Code  Gb  hc32f46x_interrupts.o [1]
IRQ011_Handler                0x5a3    0x12  Code  Gb  hc32f46x_interrupts.o [1]
IRQ012_Handler                0x5b5    0x12  Code  Gb  hc32f46x_interrupts.o [1]
IRQ013_Handler                0x5c7    0x12  Code  Gb  hc32f46x_interrupts.o [1]
IRQ014_Handler                0x5d9    0x12  Code  Gb  hc32f46x_interrupts.o [1]
IRQ015_Handler                0x5eb    0x12  Code  Gb  hc32f46x_interrupts.o [1]
IRQ016_Handler                0x5fd    0x12  Code  Gb  hc32f46x_interrupts.o [1]
IRQ017_Handler                0x60f    0x12  Code  Gb  hc32f46x_interrupts.o [1]
IRQ018_Handler                0x621    0x12  Code  Gb  hc32f46x_interrupts.o [1]
IRQ019_Handler                0x633    0x12  Code  Gb  hc32f46x_interrupts.o [1]
IRQ020_Handler                0x645    0x12  Code  Gb  hc32f46x_interrupts.o [1]
IRQ021_Handler                0x657    0x12  Code  Gb  hc32f46x_interrupts.o [1]
IRQ022_Handler                0x669    0x12  Code  Gb  hc32f46x_interrupts.o [1]
IRQ023_Handler                0x67b    0x12  Code  Gb  hc32f46x_interrupts.o [1]
IRQ024_Handler                0x68d    0x12  Code  Gb  hc32f46x_interrupts.o [1]
IRQ025_Handler                0x69f    0x12  Code  Gb  hc32f46x_interrupts.o [1]
IRQ026_Handler                0x6b1    0x12  Code  Gb  hc32f46x_interrupts.o [1]
IRQ027_Handler                0x6c3    0x12  Code  Gb  hc32f46x_interrupts.o [1]
IRQ028_Handler                0x6d5    0x12  Code  Gb  hc32f46x_interrupts.o [1]
IRQ029_Handler                0x6e7    0x12  Code  Gb  hc32f46x_interrupts.o [1]
IRQ030_Handler                0x6f9    0x12  Code  Gb  hc32f46x_interrupts.o [1]
IRQ031_Handler                0x70b    0x12  Code  Gb  hc32f46x_interrupts.o [1]
IRQ032_Handler                0x71d    0x16  Code  Gb  hc32f46x_interrupts.o [1]
IRQ033_Handler                0x733    0x16  Code  Gb  hc32f46x_interrupts.o [1]
IRQ034_Handler                0x749    0x16  Code  Gb  hc32f46x_interrupts.o [1]
IRQ035_Handler                0x75f    0x16  Code  Gb  hc32f46x_interrupts.o [1]
IRQ036_Handler                0x775    0x16  Code  Gb  hc32f46x_interrupts.o [1]
IRQ037_Handler                0x78b    0x16  Code  Gb  hc32f46x_interrupts.o [1]
IRQ038_Handler                0x7a1    0x16  Code  Gb  hc32f46x_interrupts.o [1]
IRQ039_Handler                0x7b7    0x16  Code  Gb  hc32f46x_interrupts.o [1]
IRQ040_Handler                0x7cd    0x16  Code  Gb  hc32f46x_interrupts.o [1]
IRQ041_Handler                0x7e3    0x16  Code  Gb  hc32f46x_interrupts.o [1]
IRQ042_Handler                0x7f9    0x16  Code  Gb  hc32f46x_interrupts.o [1]
IRQ043_Handler                0x80f    0x16  Code  Gb  hc32f46x_interrupts.o [1]
IRQ044_Handler                0x825    0x16  Code  Gb  hc32f46x_interrupts.o [1]
IRQ045_Handler                0x83b    0x16  Code  Gb  hc32f46x_interrupts.o [1]
IRQ046_Handler                0x851    0x16  Code  Gb  hc32f46x_interrupts.o [1]
IRQ047_Handler                0x867    0x16  Code  Gb  hc32f46x_interrupts.o [1]
IRQ048_Handler                0x87d    0x16  Code  Gb  hc32f46x_interrupts.o [1]
IRQ049_Handler                0x893    0x16  Code  Gb  hc32f46x_interrupts.o [1]
IRQ050_Handler                0x8a9    0x16  Code  Gb  hc32f46x_interrupts.o [1]
IRQ051_Handler                0x8bf    0x16  Code  Gb  hc32f46x_interrupts.o [1]
IRQ052_Handler                0x8d5    0x16  Code  Gb  hc32f46x_interrupts.o [1]
IRQ053_Handler                0x8eb    0x16  Code  Gb  hc32f46x_interrupts.o [1]
IRQ054_Handler                0x901    0x16  Code  Gb  hc32f46x_interrupts.o [1]
IRQ055_Handler                0x917    0x16  Code  Gb  hc32f46x_interrupts.o [1]
IRQ056_Handler                0x92d    0x16  Code  Gb  hc32f46x_interrupts.o [1]
IRQ057_Handler                0x943    0x16  Code  Gb  hc32f46x_interrupts.o [1]
IRQ058_Handler                0x959    0x16  Code  Gb  hc32f46x_interrupts.o [1]
IRQ059_Handler                0x96f    0x16  Code  Gb  hc32f46x_interrupts.o [1]
IRQ060_Handler                0x985    0x16  Code  Gb  hc32f46x_interrupts.o [1]
IRQ061_Handler                0x99b    0x16  Code  Gb  hc32f46x_interrupts.o [1]
IRQ062_Handler                0x9b1    0x16  Code  Gb  hc32f46x_interrupts.o [1]
IRQ063_Handler                0x9c7    0x16  Code  Gb  hc32f46x_interrupts.o [1]
IRQ064_Handler                0x9dd    0x16  Code  Gb  hc32f46x_interrupts.o [1]
IRQ065_Handler                0x9f3    0x16  Code  Gb  hc32f46x_interrupts.o [1]
IRQ066_Handler                0xa09    0x16  Code  Gb  hc32f46x_interrupts.o [1]
IRQ067_Handler                0xa1f    0x16  Code  Gb  hc32f46x_interrupts.o [1]
IRQ068_Handler                0xa35    0x16  Code  Gb  hc32f46x_interrupts.o [1]
IRQ069_Handler                0xa4b    0x16  Code  Gb  hc32f46x_interrupts.o [1]
IRQ070_Handler                0xa61    0x16  Code  Gb  hc32f46x_interrupts.o [1]
IRQ071_Handler                0xa77    0x16  Code  Gb  hc32f46x_interrupts.o [1]
IRQ072_Handler                0xa8d    0x16  Code  Gb  hc32f46x_interrupts.o [1]
IRQ073_Handler                0xaa3    0x16  Code  Gb  hc32f46x_interrupts.o [1]
IRQ074_Handler                0xab9    0x16  Code  Gb  hc32f46x_interrupts.o [1]
IRQ075_Handler                0xacf    0x16  Code  Gb  hc32f46x_interrupts.o [1]
IRQ076_Handler                0xae5    0x16  Code  Gb  hc32f46x_interrupts.o [1]
IRQ077_Handler                0xafb    0x16  Code  Gb  hc32f46x_interrupts.o [1]
IRQ078_Handler                0xb11    0x16  Code  Gb  hc32f46x_interrupts.o [1]
IRQ079_Handler                0xb27    0x16  Code  Gb  hc32f46x_interrupts.o [1]
IRQ080_Handler                0xb3d    0x14  Code  Gb  hc32f46x_interrupts.o [1]
IRQ081_Handler                0xb51    0x14  Code  Gb  hc32f46x_interrupts.o [1]
IRQ082_Handler                0xb65    0x14  Code  Gb  hc32f46x_interrupts.o [1]
IRQ083_Handler                0xb79    0x14  Code  Gb  hc32f46x_interrupts.o [1]
IRQ084_Handler                0xb8d    0x14  Code  Gb  hc32f46x_interrupts.o [1]
IRQ085_Handler                0xba1    0x14  Code  Gb  hc32f46x_interrupts.o [1]
IRQ086_Handler                0xbb5    0x14  Code  Gb  hc32f46x_interrupts.o [1]
IRQ087_Handler                0xbc9    0x14  Code  Gb  hc32f46x_interrupts.o [1]
IRQ088_Handler                0xbdd    0x14  Code  Gb  hc32f46x_interrupts.o [1]
IRQ089_Handler                0xbf1    0x14  Code  Gb  hc32f46x_interrupts.o [1]
IRQ090_Handler                0xc05    0x14  Code  Gb  hc32f46x_interrupts.o [1]
IRQ091_Handler                0xc19    0x14  Code  Gb  hc32f46x_interrupts.o [1]
IRQ092_Handler                0xc2d    0x14  Code  Gb  hc32f46x_interrupts.o [1]
IRQ093_Handler                0xc41    0x14  Code  Gb  hc32f46x_interrupts.o [1]
IRQ094_Handler                0xc55    0x14  Code  Gb  hc32f46x_interrupts.o [1]
IRQ095_Handler                0xc69    0x14  Code  Gb  hc32f46x_interrupts.o [1]
IRQ096_Handler                0xc7d    0x14  Code  Gb  hc32f46x_interrupts.o [1]
IRQ097_Handler                0xc91    0x14  Code  Gb  hc32f46x_interrupts.o [1]
IRQ098_Handler                0xca5    0x14  Code  Gb  hc32f46x_interrupts.o [1]
IRQ099_Handler                0xcb9    0x14  Code  Gb  hc32f46x_interrupts.o [1]
IRQ100_Handler                0xccd    0x14  Code  Gb  hc32f46x_interrupts.o [1]
IRQ101_Handler                0xce1    0x14  Code  Gb  hc32f46x_interrupts.o [1]
IRQ102_Handler                0xcf5    0x14  Code  Gb  hc32f46x_interrupts.o [1]
IRQ103_Handler                0xd09    0x14  Code  Gb  hc32f46x_interrupts.o [1]
IRQ104_Handler                0xd1d    0x14  Code  Gb  hc32f46x_interrupts.o [1]
IRQ105_Handler                0xd31    0x14  Code  Gb  hc32f46x_interrupts.o [1]
IRQ106_Handler                0xd45    0x14  Code  Gb  hc32f46x_interrupts.o [1]
IRQ107_Handler                0xd59    0x14  Code  Gb  hc32f46x_interrupts.o [1]
IRQ108_Handler                0xd6d    0x14  Code  Gb  hc32f46x_interrupts.o [1]
IRQ109_Handler                0xd81    0x14  Code  Gb  hc32f46x_interrupts.o [1]
IRQ110_Handler                0xd95    0x14  Code  Gb  hc32f46x_interrupts.o [1]
IRQ111_Handler                0xda9    0x14  Code  Gb  hc32f46x_interrupts.o [1]
IRQ112_Handler                0xdbd    0x14  Code  Gb  hc32f46x_interrupts.o [1]
IRQ113_Handler                0xdd5    0x14  Code  Gb  hc32f46x_interrupts.o [1]
IRQ114_Handler                0xde9    0x14  Code  Gb  hc32f46x_interrupts.o [1]
IRQ115_Handler                0xe01    0x16  Code  Gb  hc32f46x_interrupts.o [1]
IRQ116_Handler                0xe17    0x16  Code  Gb  hc32f46x_interrupts.o [1]
IRQ117_Handler                0xe2d    0x16  Code  Gb  hc32f46x_interrupts.o [1]
IRQ118_Handler                0xe45    0x16  Code  Gb  hc32f46x_interrupts.o [1]
IRQ119_Handler                0xe5b    0x16  Code  Gb  hc32f46x_interrupts.o [1]
IRQ120_Handler                0xe71    0x16  Code  Gb  hc32f46x_interrupts.o [1]
IRQ121_Handler                0xe89    0x16  Code  Gb  hc32f46x_interrupts.o [1]
IRQ122_Handler                0xe9f    0x16  Code  Gb  hc32f46x_interrupts.o [1]
IRQ123_Handler                0xeb5    0x16  Code  Gb  hc32f46x_interrupts.o [1]
IRQ124_Handler                0xecd    0x16  Code  Gb  hc32f46x_interrupts.o [1]
IRQ125_Handler                0xee3    0x16  Code  Gb  hc32f46x_interrupts.o [1]
IRQ126_Handler                0xef9    0x16  Code  Gb  hc32f46x_interrupts.o [1]
IRQ127_Handler                0xf0f    0x16  Code  Gb  hc32f46x_interrupts.o [1]
IRQ128_Handler                0xf25   0x12a  Code  Gb  hc32f46x_interrupts.o [1]
IRQ129_Handler               0x104f   0x40a  Code  Gb  hc32f46x_interrupts.o [1]
IRQ130_Handler               0x1459    0xbc  Code  Gb  hc32f46x_interrupts.o [1]
IRQ131_Handler               0x1539   0x27e  Code  Gb  hc32f46x_interrupts.o [1]
IRQ132_Handler               0x1811   0x146  Code  Gb  hc32f46x_interrupts.o [1]
IRQ136_Handler               0x19e9   0x28c  Code  Gb  hc32f46x_interrupts.o [1]
IRQ137_Handler               0x1cfd   0x21a  Code  Gb  hc32f46x_interrupts.o [1]
IRQ138_Handler               0x1f85   0x1ac  Code  Gb  hc32f46x_interrupts.o [1]
IRQ139_Handler               0x2159    0xdc  Code  Gb  hc32f46x_interrupts.o [1]
IRQ140_Handler               0x229d   0x1e6  Code  Gb  hc32f46x_interrupts.o [1]
IRQ141_Handler               0x24d1   0x202  Code  Gb  hc32f46x_interrupts.o [1]
IRQ142_Handler               0x26ed    0xdc  Code  Gb  hc32f46x_interrupts.o [1]
IRQ143_Handler               0x27e1    0xdc  Code  Gb  hc32f46x_interrupts.o [1]
IrqHandler              0x2000'8328   0x200  Data  Gb  hc32f46x_interrupts.o [1]
LED0_Toggle                  0xa207    0xb8  Code  Gb  User_Gpio.o [1]
LED_Status              0x2000'8a99     0x1  Data  Gb  User_Gpio.o [1]
Lvd1_IrqHandler               0x2cd     0x2  Code  Gb  User_PWC.o [1]
MSC_BOT_Abort                0x77bb    0x40  Code  Lc  usbd_msc_bot.o [1]
MSC_BOT_CBW_Decode           0x76c3    0x98  Code  Lc  usbd_msc_bot.o [1]
MSC_BOT_CplClrFeature        0x77fb    0x2a  Code  Gb  usbd_msc_bot.o [1]
MSC_BOT_Data            0x2000'3e48  0x3000  Data  Gb  usbd_msc_bot.o [1]
MSC_BOT_DataIn               0x764f    0x3c  Code  Gb  usbd_msc_bot.o [1]
MSC_BOT_DataLen         0x2000'8a84     0x2  Data  Gb  usbd_msc_bot.o [1]
MSC_BOT_DataOut              0x768b    0x38  Code  Gb  usbd_msc_bot.o [1]
MSC_BOT_DeInit               0x7647     0x8  Code  Gb  usbd_msc_bot.o [1]
MSC_BOT_Init                 0x75f5    0x38  Code  Gb  usbd_msc_bot.o [1]
MSC_BOT_Reset                0x762d    0x1a  Code  Gb  usbd_msc_bot.o [1]
MSC_BOT_SendCSW              0x7791    0x2a  Code  Gb  usbd_msc_bot.o [1]
MSC_BOT_SendData             0x775b    0x36  Code  Lc  usbd_msc_bot.o [1]
MSC_BOT_State           0x2000'8a8d     0x1  Data  Gb  usbd_msc_bot.o [1]
MSC_BOT_Status          0x2000'8a8e     0x1  Data  Gb  usbd_msc_bot.o [1]
MSC_BOT_cbw             0x2000'892c    0x20  Data  Gb  usbd_msc_bot.o [1]
MSC_BOT_csw             0x2000'89d0    0x10  Data  Gb  usbd_msc_bot.o [1]
MSC_Mode_Sense10_data        0xb6d4     0x8  Data  Gb  usbd_msc_data.o [1]
MSC_Mode_Sense6_data         0xb6cc     0x8  Data  Gb  usbd_msc_data.o [1]
MSC_Page00_Inquiry_Data
                             0xb6c4     0x8  Data  Gb  usbd_msc_data.o [1]
MemManage_Handler             0x4b1     0x8  Code  Gb  hc32f46x_interrupts.o [1]
NMI_Handler                   0x4a1     0x8  Code  Gb  hc32f46x_interrupts.o [1]
NMI_IrqHandler                0x2ab     0xa  Code  Gb  hc32f46x_exint_nmi_swi.o [1]
OLED_Clear                   0x97e1    0x5c  Code  Gb  OLED.o [1]
OLED_Display_On              0x976d    0x1c  Code  Gb  OLED.o [1]
OLED_I2C3_init               0x9745    0x28  Code  Gb  OLED.o [1]
OLED_Init                    0x983d    0xce  Code  Gb  OLED.o [1]
OLED_Refresh                 0x9789    0x58  Code  Gb  OLED.o [1]
OLED_Set_Point               0x990b    0x64  Code  Gb  OLED.o [1]
OLED_WR_Byte                 0x972d    0x18  Code  Gb  OLED.o [1]
PORT_GetBit                  0x695d    0x1a  Code  Gb  hc32f46x_gpio.o [1]
PORT_Init                    0x686d    0xdc  Code  Gb  hc32f46x_gpio.o [1]
PORT_Lock                    0x6953     0xa  Code  Gb  hc32f46x_gpio.o [1]
PORT_ResetBits               0x6989    0x12  Code  Gb  hc32f46x_gpio.o [1]
PORT_SetBits                 0x6977    0x12  Code  Gb  hc32f46x_gpio.o [1]
PORT_SetFunc                 0x699b    0x68  Code  Gb  hc32f46x_gpio.o [1]
PORT_Unlock                  0x6949     0xa  Code  Gb  hc32f46x_gpio.o [1]
PWC_Fcg0PeriphClockCmd       0x6a1d    0x38  Code  Gb  hc32f46x_pwc.o [1]
PWC_Fcg1PeriphClockCmd       0x6a55    0x20  Code  Gb  hc32f46x_pwc.o [1]
PWC_Fcg3PeriphClockCmd       0x6a75    0x20  Code  Gb  hc32f46x_pwc.o [1]
PendSV_Handler               0x36e9          Code  Gb  portasm.o [1]
QSPI_EnterDirectCommMode
                             0x968f    0x12  Code  Gb  hc32f46x_qspi.o [1]
QSPI_ExitDirectCommMode
                             0x96a1    0x12  Code  Gb  hc32f46x_qspi.o [1]
QSPI_Init                    0x9559   0x120  Code  Gb  hc32f46x_qspi.o [1]
QSPI_ReadDirectCommValue
                             0x9687     0x8  Code  Gb  hc32f46x_qspi.o [1]
QSPI_WriteDirectCommValue
                             0x9679     0xe  Code  Gb  hc32f46x_qspi.o [1]
Region$$Table$$Base          0xb43c           --   Gb  - Linker created -
Region$$Table$$Limit         0xb468           --   Gb  - Linker created -
SCSI_CheckAddressRange       0x716b    0x24  Code  Lc  usbd_msc_scsi.o [1]
SCSI_Inquiry                 0x6c0b    0x5c  Code  Lc  usbd_msc_scsi.o [1]
SCSI_ModeSense10             0x6d9f    0x2c  Code  Lc  usbd_msc_scsi.o [1]
SCSI_ModeSense6              0x6d73    0x2c  Code  Lc  usbd_msc_scsi.o [1]
SCSI_ProcessCmd              0x6aad   0x10c  Code  Gb  usbd_msc_scsi.o [1]
SCSI_ProcessRead             0x718f    0xb2  Code  Lc  usbd_msc_scsi.o [1]
SCSI_ProcessWrite            0x7241    0xd2  Code  Lc  usbd_msc_scsi.o [1]
SCSI_Read10                  0x6e87   0x13c  Code  Lc  usbd_msc_scsi.o [1]
SCSI_ReadCapacity10          0x6c67    0x7c  Code  Lc  usbd_msc_scsi.o [1]
SCSI_ReadFormatCapacity
                             0x6ce3    0x90  Code  Lc  usbd_msc_scsi.o [1]
SCSI_RequestSense            0x6dcb    0x80  Code  Lc  usbd_msc_scsi.o [1]
SCSI_Sense              0x2000'894c    0x20  Data  Gb  usbd_msc_scsi.o [1]
SCSI_SenseCode               0x6e4b    0x30  Code  Gb  usbd_msc_scsi.o [1]
SCSI_Sense_Head         0x2000'8a91     0x1  Data  Gb  usbd_msc_scsi.o [1]
SCSI_Sense_Tail         0x2000'8a92     0x1  Data  Gb  usbd_msc_scsi.o [1]
SCSI_StartStopUnit           0x6e7b     0xc  Code  Lc  usbd_msc_scsi.o [1]
SCSI_TestUnitReady           0x6bb9    0x52  Code  Lc  usbd_msc_scsi.o [1]
SCSI_Verify10                0x7127    0x44  Code  Lc  usbd_msc_scsi.o [1]
SCSI_Write10                 0x6fc3   0x164  Code  Lc  usbd_msc_scsi.o [1]
SCSI_blk_addr           0x2000'89e8     0x8  Data  Gb  usbd_msc_scsi.o [1]
SCSI_blk_len            0x2000'8a68     0x4  Data  Gb  usbd_msc_scsi.o [1]
SCSI_blk_nbr            0x2000'8a64     0x4  Data  Gb  usbd_msc_scsi.o [1]
SCSI_blk_size           0x2000'8a60     0x4  Data  Gb  usbd_msc_scsi.o [1]
SD_ReadDisk                  0x735d     0x2  Code  Gb  User_SDIO.o [1]
SD_WriteDisk                 0x735f     0x2  Code  Gb  User_SDIO.o [1]
SET_TEST_MODE           0x2000'8a5c     0x4  Data  Gb  usbd_core.o [1]
SRAM_CK_Disable              0xa4bd     0xa  Code  Gb  hc32f46x_sram.o [1]
SRAM_CK_Enable               0xa4c7     0xa  Code  Gb  hc32f46x_sram.o [1]
SRAM_WT_Disable              0xa4a9     0xa  Code  Gb  hc32f46x_sram.o [1]
SRAM_WT_Enable               0xa4b3     0xa  Code  Gb  hc32f46x_sram.o [1]
STORAGE_GetCapacity          0xaa93    0x24  Code  Gb  usbd_storage_msd.o [1]
STORAGE_GetMaxLun            0xab75     0x4  Code  Gb  usbd_storage_msd.o [1]
STORAGE_Init                 0xaa75    0x1e  Code  Gb  usbd_storage_msd.o [1]
STORAGE_Inquirydata          0xb2f8    0x48  Data  Gb  usbd_storage_msd.o [1]
STORAGE_IsReady              0xaab7     0xe  Code  Gb  usbd_storage_msd.o [1]
STORAGE_IsWriteProtected
                             0xaac5     0x4  Code  Gb  usbd_storage_msd.o [1]
STORAGE_Read                 0xaac9    0x50  Code  Gb  usbd_storage_msd.o [1]
STORAGE_Write                0xab19    0x50  Code  Gb  usbd_storage_msd.o [1]
SVC_Handler                  0x3741          Code  Gb  portasm.o [1]
SetUartBaudrate              0x9cb9   0x148  Code  Lc  hc32f46x_utility.o [1]
Set_ADC_Data                 0xa78d     0x6  Code  Gb  User_ADC.o [1]
SysTick_Config               0xae59    0x2e  Code  Lc  main.o [1]
SysTick_Handler               0x4d1     0xc  Code  Gb  hc32f46x_interrupts.o [1]
SystemCoreClock         0x2000'0234     0x4  Data  Gb  system_hc32f46x.o [1]
SystemCoreClockUpdate        0x8155    0xaa  Code  Gb  system_hc32f46x.o [1]
SystemInit                   0x814d     0x8  Code  Gb  system_hc32f46x.o [1]
Task_ADC                     0xaf95    0x62  Code  Lc  Task_ADC.o [1]
Task_ADC_Start               0xaff7    0x1a  Code  Gb  Task_ADC.o [1]
Task_Display                 0xaf5d    0x12  Code  Lc  Task_display.o [1]
Task_Display_Start           0xaf6f    0x1a  Code  Gb  Task_display.o [1]
Task_LED                     0xaf21    0x14  Code  Lc  Task_LED.o [1]
Task_LED_Start               0xaf35    0x1a  Code  Gb  Task_LED.o [1]
Task_START                   0xaed5    0x24  Code  Gb  User_Task.o [1]
Task_USB                     0xb031    0x6c  Code  Lc  Task_USB.o [1]
Task_USB::HID_Buffer    0x2000'8a1c     0x4  Data  Lc  Task_USB.o [1]
Task_USB_Start               0xb09d    0x1c  Code  Gb  Task_USB.o [1]
USBD_ClrCfg                  0x8bdb    0x10  Code  Gb  usbd_core.o [1]
USBD_ClrFeature              0x87f5    0x34  Code  Lc  usbd_req.o [1]
USBD_CtlContinueRx           0x788b    0x16  Code  Gb  usbd_ioreq.o [1]
USBD_CtlContinueSendData
                             0x7875    0x16  Code  Gb  usbd_ioreq.o [1]
USBD_CtlError                0x886d    0x22  Code  Gb  usbd_req.o [1]
USBD_CtlReceiveStatus        0x78bd    0x1c  Code  Gb  usbd_ioreq.o [1]
USBD_CtlSendData             0x7849    0x2c  Code  Gb  usbd_ioreq.o [1]
USBD_CtlSendStatus           0x78a1    0x1c  Code  Gb  usbd_ioreq.o [1]
USBD_DCD_INT_cb         0x2000'013c    0x2c  Data  Gb  usbd_core.o [1]
USBD_DCD_INT_fops       0x2000'0238     0x4  Data  Gb  usbd_core.o [1]
USBD_DataInStage             0x8a59    0xce  Code  Lc  usbd_core.o [1]
USBD_DataOutStage            0x89ad    0xac  Code  Lc  usbd_core.o [1]
USBD_DeInit                  0x8959     0x4  Code  Gb  usbd_core.o [1]
USBD_DevConnected            0x8c07    0x16  Code  Lc  usbd_core.o [1]
USBD_DevDisconnected         0x8c1d    0x22  Code  Lc  usbd_core.o [1]
USBD_DeviceDesc         0x2000'020c    0x14  Data  Gb  usbd_desc.o [1]
USBD_GetConfig               0x86f9    0x38  Code  Lc  usbd_req.o [1]
USBD_GetDescriptor           0x84af   0x13a  Code  Lc  usbd_req.o [1]
USBD_GetIntf                 0x8761    0x10  Code  Lc  usbd_req.o [1]
USBD_GetLen                  0x88fb    0x14  Code  Lc  usbd_req.o [1]
USBD_GetRxCount              0x78d9    0x10  Code  Gb  usbd_ioreq.o [1]
USBD_GetStatus               0x8731    0x30  Code  Lc  usbd_req.o [1]
USBD_GetString               0x88ad    0x4e  Code  Gb  usbd_req.o [1]
USBD_Init                    0x8911    0x48  Code  Gb  usbd_core.o [1]
USBD_IsoINIncomplete         0x8beb     0xe  Code  Lc  usbd_core.o [1]
USBD_IsoOUTIncomplete        0x8bf9     0xe  Code  Lc  usbd_core.o [1]
USBD_LangIDDesc         0x2000'023c     0x4  Data  Gb  usbd_desc.o [1]
USBD_MICRO_SDIO_fops    0x2000'01b4    0x20  Data  Gb  usbd_storage_msd.o [1]
USBD_MSC_AltSet         0x2000'8a90     0x1  Data  Lc  usbd_msc_core.o [1]
USBD_MSC_CfgDesc        0x2000'0194    0x20  Data  Gb  usbd_msc_core.o [1]
USBD_MSC_DataIn              0xa62b     0xc  Code  Gb  usbd_msc_core.o [1]
USBD_MSC_DataOut             0xa637     0xc  Code  Gb  usbd_msc_core.o [1]
USBD_MSC_DeInit              0xa507    0x1e  Code  Gb  usbd_msc_core.o [1]
USBD_MSC_GetCfgDesc          0xa643     0x8  Code  Gb  usbd_msc_core.o [1]
USBD_MSC_Init                0xa4d9    0x2e  Code  Gb  usbd_msc_core.o [1]
USBD_MSC_MaxLun         0x2000'8a8f     0x1  Data  Lc  usbd_msc_core.o [1]
USBD_MSC_Setup               0xa525   0x106  Code  Gb  usbd_msc_core.o [1]
USBD_MSC_cb             0x2000'0168    0x2c  Data  Gb  usbd_msc_core.o [1]
USBD_OTG_ISR_Handler         0x6111   0x104  Code  Gb  usb_dcd_int.o [1]
USBD_ParseSetupRequest       0x8829    0x44  Code  Gb  usbd_req.o [1]
USBD_Reset                   0x8b3d    0x30  Code  Lc  usbd_core.o [1]
USBD_Resume                  0x8b6d    0x1e  Code  Lc  usbd_core.o [1]
USBD_RunTestMode             0x8b27     0xc  Code  Lc  usbd_core.o [1]
USBD_SOF                     0x8ba7    0x18  Code  Lc  usbd_core.o [1]
USBD_STORAGE_fops       0x2000'0240     0x4  Data  Gb  usbd_storage_msd.o [1]
USBD_SetAddress              0x85e9    0x58  Code  Lc  usbd_req.o [1]
USBD_SetCfg                  0x8bbf    0x1c  Code  Gb  usbd_core.o [1]
USBD_SetConfig               0x8641    0xb8  Code  Lc  usbd_req.o [1]
USBD_SetConfig::cfgidx  0x2000'8a93     0x1  Data  Lc  usbd_req.o [1]
USBD_SetFeature              0x8771    0x84  Code  Lc  usbd_req.o [1]
USBD_SetupStage              0x895d    0x50  Code  Lc  usbd_core.o [1]
USBD_StdDevReq               0x8215    0x8c  Code  Gb  usbd_req.o [1]
USBD_StdEPReq                0x8323   0x18c  Code  Gb  usbd_req.o [1]
USBD_StdItfReq               0x82a1    0x82  Code  Gb  usbd_req.o [1]
USBD_StrDesc            0x2000'88cc    0x40  Data  Gb  usbd_req.o [1]
USBD_Suspend                 0x8b8b    0x1c  Code  Lc  usbd_core.o [1]
USBD_USR_ConfigStrDescriptor
                             0xadaf    0x20  Code  Gb  usbd_desc.o [1]
USBD_USR_DeviceConfigured
                             0xb291     0xa  Code  Gb  usbd_usr.o [1]
USBD_USR_DeviceConnected
                             0xb2af    0x10  Code  Gb  usbd_usr.o [1]
USBD_USR_DeviceDescriptor
                             0xad4d     0x8  Code  Gb  usbd_desc.o [1]
USBD_USR_DeviceDisconnected
                             0xb2bf    0x10  Code  Gb  usbd_usr.o [1]
USBD_USR_DeviceReset         0xb26b    0x26  Code  Gb  usbd_usr.o [1]
USBD_USR_DeviceResumed       0xb2a5     0xa  Code  Gb  usbd_usr.o [1]
USBD_USR_DeviceSuspended
                             0xb29b     0xa  Code  Gb  usbd_usr.o [1]
USBD_USR_Init                0xb261     0xa  Code  Gb  usbd_usr.o [1]
USBD_USR_InterfaceStrDescriptor
                             0xadcf    0x20  Code  Gb  usbd_desc.o [1]
USBD_USR_LangIDStrDescriptor
                             0xad55     0x8  Code  Gb  usbd_desc.o [1]
USBD_USR_ManufacturerStrDescriptor
                             0xad7d    0x12  Code  Gb  usbd_desc.o [1]
USBD_USR_ProductStrDescriptor
                             0xad5d    0x20  Code  Gb  usbd_desc.o [1]
USBD_USR_SerialStrDescriptor
                             0xad8f    0x20  Code  Gb  usbd_desc.o [1]
USBD_cfg_status         0x2000'8a78     0x4  Data  Gb  usbd_req.o [1]
USBD_default_cfg        0x2000'8a74     0x4  Data  Gb  usbd_req.o [1]
USBD_ep_status          0x2000'8a70     0x4  Data  Gb  usbd_req.o [1]
USB_IRQ_Handler              0x602d     0xa  Code  Gb  usb_bsp_template.o [1]
USB_OTG_BSP_EnableInterrupt
                             0x609f    0x36  Code  Gb  usb_bsp_template.o [1]
USB_OTG_BSP_Init             0x6037    0x68  Code  Gb  usb_bsp_template.o [1]
USB_OTG_BSP_mDelay           0x6101     0xe  Code  Gb  usb_bsp_template.o [1]
USB_OTG_BSP_uDelay           0x60f1    0x10  Code  Gb  usb_bsp_template.o [1]
USB_OTG_CoreInit             0x5801    0x7a  Code  Gb  usb_core.o [1]
USB_OTG_CoreInitDev          0x5961   0x158  Code  Gb  usb_core.o [1]
USB_OTG_CoreReset            0x55f5    0x68  Code  Lc  usb_core.o [1]
USB_OTG_DisableGlobalInt
                             0x5893    0x1a  Code  Gb  usb_core.o [1]
USB_OTG_EP0Activate          0x5b15    0x4a  Code  Gb  usb_core.o [1]
USB_OTG_EP0StartXfer         0x5d8f   0x12c  Code  Gb  usb_core.o [1]
USB_OTG_EP0_OutStart         0x5f6b    0x64  Code  Gb  usb_core.o [1]
USB_OTG_EPActivate           0x5b5f    0x70  Code  Gb  usb_core.o [1]
USB_OTG_EPClearStall         0x5ef9    0x3e  Code  Gb  usb_core.o [1]
USB_OTG_EPDeactivate         0x5bcf    0x52  Code  Gb  usb_core.o [1]
USB_OTG_EPSetStall           0x5ebb    0x3e  Code  Gb  usb_core.o [1]
USB_OTG_EPStartXfer          0x5c21   0x16e  Code  Gb  usb_core.o [1]
USB_OTG_EnableCommonInt
                             0x55d5    0x20  Code  Lc  usb_core.o [1]
USB_OTG_EnableDevInt         0x5ab9    0x5c  Code  Gb  usb_core.o [1]
USB_OTG_EnableGlobalInt
                             0x587b    0x18  Code  Gb  usb_core.o [1]
USB_OTG_FlushRxFifo          0x58f3    0x3e  Code  Gb  usb_core.o [1]
USB_OTG_FlushTxFifo          0x58ad    0x46  Code  Gb  usb_core.o [1]
USB_OTG_GetDeviceSpeed       0x56b9    0x2c  Code  Gb  usb_core.o [1]
USB_OTG_GetMode              0x56e5     0xa  Code  Gb  usb_core.o [1]
USB_OTG_InitDevSpeed         0x57f1    0x10  Code  Gb  usb_core.o [1]
USB_OTG_IsDeviceMode         0x56ef    0x14  Code  Gb  usb_core.o [1]
USB_OTG_ReadCoreItr          0x5703    0x10  Code  Gb  usb_core.o [1]
USB_OTG_ReadDevAllInEPItr
                             0x5f5b    0x10  Code  Gb  usb_core.o [1]
USB_OTG_ReadDevAllOutEp_itr
                             0x5f37    0x10  Code  Gb  usb_core.o [1]
USB_OTG_ReadDevOutEP_itr
                             0x5f47    0x14  Code  Gb  usb_core.o [1]
USB_OTG_ReadPacket           0x5693    0x26  Code  Gb  usb_core.o [1]
USB_OTG_SelectCore           0x5713    0xd2  Code  Gb  usb_core.o [1]
USB_OTG_SetCurrentMode       0x5931    0x30  Code  Gb  usb_core.o [1]
USB_OTG_WritePacket          0x565d    0x36  Code  Gb  usb_core.o [1]
USB_OTG_dev             0x2000'7e48   0x4e0  Data  Gb  main.o [1]
USB_STATUS_REG          0x2000'8a94     0x1  Data  Gb  usbd_storage_msd.o [1]
USR_cb                  0x2000'01f0    0x1c  Data  Gb  usbd_usr.o [1]
USR_desc                0x2000'01d4    0x1c  Data  Gb  usbd_desc.o [1]
UsageFault_Handler            0x4c1     0x8  Code  Gb  hc32f46x_interrupts.o [1]
User_ADC_Init                0xa7a5    0xbc  Code  Gb  User_ADC.o [1]
User_DCU_Init                0xb0fd    0x78  Code  Gb  User_DCU.o [1]
User_DMA_Init                0xa699    0xd0  Code  Gb  User_DMA.o [1]
User_Gpio_Init               0xa0f9   0x10e  Code  Gb  User_Gpio.o [1]
User_Task_Create             0xaef9    0x1c  Code  Gb  User_Task.o [1]
W25QXX_BUFFER           0x2000'6e48  0x1000  Data  Gb  w25qxx.o [1]
W25QXX_Erase_Sector          0x9509    0x42  Code  Gb  w25qxx.o [1]
W25QXX_Init                  0x91dd    0xd0  Code  Gb  w25qxx.o [1]
W25QXX_Read                  0x9315    0x50  Code  Gb  w25qxx.o [1]
W25QXX_ReadID                0x92dd    0x38  Code  Gb  w25qxx.o [1]
W25QXX_ReadSR                0x92ad    0x1e  Code  Gb  w25qxx.o [1]
W25QXX_TYPE             0x2000'0244     0x2  Data  Gb  w25qxx.o [1]
W25QXX_Wait_Busy             0x954b     0xc  Code  Gb  w25qxx.o [1]
W25QXX_Write                 0x940f    0xee  Code  Gb  w25qxx.o [1]
W25QXX_Write_Enable          0x92cb    0x12  Code  Gb  w25qxx.o [1]
W25QXX_Write_NoCheck         0x93b5    0x5a  Code  Gb  w25qxx.o [1]
W25QXX_Write_Page            0x9365    0x50  Code  Gb  w25qxx.o [1]
Write_IIC_Command            0x96c5    0x34  Code  Gb  OLED.o [1]
Write_IIC_Data               0x96f9    0x34  Code  Gb  OLED.o [1]
_Encoding_8859_1_Mbrlen
                             0x4871     0x2  Code  Gb  xencoding_8859_1.o [2]
_Encoding_8859_1_Wctomb
                             0x485f    0x12  Code  Gb  xencoding_8859_1.o [2]
_LitobFull                   0x46ab   0x10a  Code  Lc  xprintffull.o [2]
_Locale_lconv           0x2000'0104    0x38  Data  Lc  xlocale_c.o [2]
_PrintfFull                  0x3799   0xcc4  Code  Gb  xprintffull.o [2]
_Prout                       0xb569    0x16  Code  Gb  xprout.o [2]
_PutcharsFull                0x481d    0x2e  Code  Lc  xprintffull.o [2]
_PutstrFull                  0x45eb    0xc0  Code  Lc  xprintffull.o [2]
_PuttxtFull                  0x44df   0x10c  Code  Lc  xprintffull.o [2]
_SProut                      0x490f     0xa  Code  Gb  xsprout.o [2]
__NVIC_ClearPendingIRQ       0x5fed    0x1c  Code  Lc  usb_bsp_template.o [1]
__NVIC_EnableIRQ             0xae19    0x1c  Code  Lc  main.o [1]
__NVIC_EnableIRQ             0x5fd1    0x1c  Code  Lc  usb_bsp_template.o [1]
__NVIC_EnableIRQ             0xb0d9    0x1c  Code  Lc  User_DCU.o [1]
__NVIC_EnableIRQ             0xa65d    0x1c  Code  Lc  User_DMA.o [1]
__NVIC_EnableIRQ             0xa0cd    0x1c  Code  Lc  User_Gpio.o [1]
__NVIC_SetPriority           0xae35    0x24  Code  Lc  main.o [1]
__NVIC_SetPriority           0x6009    0x24  Code  Lc  usb_bsp_template.o [1]
__aeabi_cdcmple              0x4b01          Code  Gb  DblCmpLe.o [3]
__aeabi_cdrcmple             0x4b31          Code  Gb  DblCmpGe.o [3]
__aeabi_d2iz                 0x4c9d          Code  Gb  DblToS32.o [3]
__aeabi_d2uiz                0x5029          Code  Gb  DblToU32.o [3]
__aeabi_ddiv                 0x4de1          Code  Gb  DblDiv.o [3]
__aeabi_dmul                 0x506d          Code  Gb  DblMul.o [3]
__aeabi_dsub                 0x4cfd          Code  Gb  DblSub.o [3]
__aeabi_i2d                  0x4cd9          Code  Gb  S32ToDbl.o [3]
__aeabi_ldiv0                0x55bd          Code  Gb  I64DivZer.o [4]
__aeabi_memcpy               0x49e9          Code  Gb  ABImemcpy.o [4]
__aeabi_memcpy4              0x4a09          Code  Gb  ABImemcpy.o [4]
__aeabi_memcpy8              0x4a09          Code  Gb  ABImemcpy.o [4]
__aeabi_memset               0x6805          Code  Gb  ABImemset.o [4]
__aeabi_ui2d                 0x5051          Code  Gb  U32ToDbl.o [3]
__aeabi_uldivmod             0x5219          Code  Gb  I64DivMod.o [4]
__cmain                      0xb469          Code  Gb  cmain.o [4]
__exit                       0x55c1    0x14  Code  Gb  exit.o [5]
__iar_Fail_s                 0x4919    0x1c  Code  Gb  xfail_s.o [2]
__iar_Mbcurmax               0x520f     0xa  Code  Gb  xmbcurmax.o [2]
__iar_Memchr                 0x4991          Code  Gb  memchr.o [4]
__iar_Memset                 0x6805          Code  Gb  ABImemset.o [4]
__iar_Memset_word            0x680d          Code  Gb  ABImemset.o [4]
__iar_Stdout            0x2000'00bc    0x48  Data  Gb  xfiles.o [2]
__iar_Strchr                 0x48f9          Code  Gb  strchr.o [4]
__iar_dadd                   0x4d0d          Code  Gb  DblSub.o [3]
__iar_data_init3             0xb385    0x28  Code  Gb  data_init.o [4]
__iar_dsub                   0x5451          Code  Gb  DblAdd.o [3]
__iar_dsubStart              0x5463          Code  Gb  DblAdd.o [3]
__iar_frexp                  0x4a9d          Code  Gb  frexp.o [3]
__iar_frexpl                 0x4a9d          Code  Gb  frexp.o [3]
__iar_globLocale        0x2000'0074    0x48  Data  Lc  xlocale_c.o [2]
__iar_global_Locale          0x487d     0x4  Code  Gb  xlocale_c.o [2]
__iar_init_vfp               0xb419          Code  Gb  fpinit_M.o [3]
__iar_ldexp64                0x4b61          Code  Gb  ldexp.o [3]
__iar_packbits_init3         0xb1c5    0x9c  Code  Gb  packbits_init.o [4]
__iar_program_start          0xb699          Code  Gb  cstartup_M.o [4]
__iar_scalbln64              0x4b61          Code  Gb  ldexp.o [3]
__iar_scalbn64               0x4b61          Code  Gb  ldexp.o [3]
__iar_softfp___iar_frexp64
                             0x4a91          Code  Gb  frexp.o [3]
__iar_softfp_frexp           0x4a91          Code  Gb  frexp.o [3]
__iar_softfp_frexpl          0x4a91          Code  Gb  frexp.o [3]
__iar_zero_init3              0x2cf    0x3a  Code  Gb  zero_init3.o [4]
__low_level_init             0xb487     0x4  Code  Gb  low_level_init.o [2]
__vector_table                  0x0          Data  Gb  startup_hc32f46x.o [1]
_call_main                   0xb475          Code  Gb  cmain.o [4]
_exit                        0xb491          Code  Gb  cexit.o [4]
_gLocale_mblen               0x48e5     0x4  Code  Gb  xlocale_c.o [2]
_gLocale_mblenInt            0x48a9    0x2c  Code  Gb  xlocale_c.o [2]
_gLocale_wctomb              0x48e9     0x4  Code  Gb  xlocale_c.o [2]
_gLocale_wctombInt           0x48e1     0x4  Code  Gb  xlocale_c.o [2]
_main                        0xb483          Code  Gb  cmain.o [4]
abort                        0x5449     0x6  Code  Gb  abort.o [2]
bDeviceState            0x2000'8a95     0x1  Data  Gb  usbd_usr.o [1]
buffer                  0x2000'8728    0xc8  Data  Gb  Task_ADC.o [1]
cdev                    0x2000'8a6c     0x4  Data  Gb  usbd_msc_scsi.o [1]
display_data            0x2000'8528   0x200  Data  Gb  OLED.o [1]
enIrqRegistration             0x421    0x80  Code  Gb  hc32f46x_interrupts.o [1]
enable_sdio_hw               0x735b     0x2  Code  Gb  User_SDIO.o [1]
exit                         0xb48b     0x4  Code  Gb  exit.o [2]
flag_DCU1_INT           0x2000'8a96     0x1  Data  Gb  User_DCU.o [1]
flag_key0               0x2000'8a97     0x1  Data  Gb  User_Gpio.o [1]
flag_key1               0x2000'8a98     0x1  Data  Gb  User_Gpio.o [1]
fputc                        0x9ca9    0x10  Code  Gb  hc32f46x_utility.o [1]
hd_sdio_hw_init              0x7359     0x2  Code  Gb  User_SDIO.o [1]
insertdisplaydata            0x996f    0x54  Code  Gb  OLED.o [1]
key0_int_callback            0xa0e9     0x8  Code  Gb  User_Gpio.o [1]
key1_int_callback            0xa0f1     0x8  Code  Gb  User_Gpio.o [1]
ldexp                        0x4b61          Code  Gb  ldexp.o [3]
ldexpl                       0x4b61          Code  Gb  ldexp.o [3]
localeconv                   0x48ed     0x4  Code  Gb  xlocale_c.o [2]
m_stcDmaInitCfg         0x2000'0228     0x8  Data  Lc  User_SDIO.o [1]
m_stcSdhandle           0x2000'0000    0x74  Data  Gb  User_SDIO.o [1]
main                         0xae87    0x32  Code  Gb  main.o [1]
memchr                       0x4991          Code  Gb  memchr.o [4]
num                     0x2000'8a8c     0x1  Data  Gb  Task_ADC.o [1]
obuf                    0x2000'887c    0x50  Data  Lc  xfiles.o [2]
osSystickHandler              0x2bd    0x10  Code  Gb  cmsis_os.o [1]
pfnNmiCallback          0x2000'89f0     0x4  Data  Lc  hc32f46x_exint_nmi_swi.o [1]
printf                       0x67dd    0x28  Code  Gb  printf.o [2]
prvAddCurrentTaskToDelayedList
                             0x31dd    0x6e  Code  Lc  tasks.o [1]
prvAddNewTaskToReadyList
                             0x2b8f    0x9a  Code  Lc  tasks.o [1]
prvCheckTasksWaitingTermination
                             0x30fd    0x50  Code  Lc  tasks.o [1]
prvDeleteTCB                 0x3151    0x12  Code  Lc  tasks.o [1]
prvHeapInit                  0x360f    0x5e  Code  Lc  heap_4.o [1]
prvIdleTask                  0x3075    0x22  Code  Lc  tasks.o [1]
prvInitialiseNewQueue        0xac55    0x1c  Code  Lc  queue.o [1]
prvInitialiseNewTask         0x2ae5    0xaa  Code  Lc  tasks.o [1]
prvInitialiseTaskLists       0x30ad    0x50  Code  Lc  tasks.o [1]
prvInsertBlockIntoFreeList
                             0x366d    0x5e  Code  Lc  heap_4.o [1]
prvResetNextTaskUnblockTime
                             0x3163    0x28  Code  Lc  tasks.o [1]
prvTaskExitError             0x32ad    0x2a  Code  Lc  port.o [1]
putchar                      0xb581     0xc  Code  Gb  putchar.o [2]
pvPortMalloc                 0x3489   0x114  Code  Gb  heap_4.o [1]
pxCurrentTCB            0x2000'8a20     0x4  Data  Gb  tasks.o [1]
pxDelayedTaskList       0x2000'8a24     0x4  Data  Lc  tasks.o [1]
pxEnd                   0x2000'89f4     0x4  Data  Lc  heap_4.o [1]
pxOverflowDelayedTaskList
                        0x2000'8a28     0x4  Data  Lc  tasks.o [1]
pxPortInitialiseStack        0x3285    0x28  Code  Gb  port.o [1]
pxReadyTasksLists       0x2000'87f0    0x8c  Data  Lc  tasks.o [1]
scalbln                      0x4b61          Code  Gb  ldexp.o [3]
scalblnl                     0x4b61          Code  Gb  ldexp.o [3]
scalbn                       0x4b61          Code  Gb  ldexp.o [3]
scalbnl                      0x4b61          Code  Gb  ldexp.o [3]
scale                        0x47b5    0x46  Code  Lc  xprintffull.o [2]
sec_hand                0x2000'8a80     0x4  Data  Lc  xfail_s.o [2]
sprintf                      0xb185    0x40  Code  Gb  sprintf.o [2]
strchr                       0x48f9          Code  Gb  strchr.o [4]
strlen                       0x4959          Code  Gb  strlen.o [4]
system_clk_init              0xa2d9   0x184  Code  Gb  System_Clk.o [1]
u32ICG                        0x400    0x20  Data  Gb  hc32f46x_icg.o [1]
u8FreqDiv               0x2000'0220     0x8  Data  Lc  hc32f46x_i2c.o [1]
ucHeap                  0x2000'0248  0x3c00  Data  Lc  heap_4.o [1]
ucMaxSysCallPriority    0x2000'8a8b     0x1  Data  Lc  port.o [1]
ulMaxPRIGROUPValue      0x2000'8a04     0x4  Data  Lc  port.o [1]
uxCriticalNesting       0x2000'0230     0x4  Data  Lc  port.o [1]
uxCurrentNumberOfTasks  0x2000'8a30     0x4  Data  Lc  tasks.o [1]
uxDeletedTasksWaitingCleanUp
                        0x2000'8a2c     0x4  Data  Lc  tasks.o [1]
uxListRemove                  0x37b    0x26  Code  Gb  list.o [1]
uxPendedTicks           0x2000'8a40     0x4  Data  Lc  tasks.o [1]
uxSchedulerSuspended    0x2000'8a58     0x4  Data  Lc  tasks.o [1]
uxTaskNumber            0x2000'8a4c     0x4  Data  Lc  tasks.o [1]
uxTopReadyPriority      0x2000'8a38     0x4  Data  Lc  tasks.o [1]
vListInitialise               0x309    0x1e  Code  Gb  list.o [1]
vListInitialiseItem           0x327     0x6  Code  Gb  list.o [1]
vListInsert                   0x345    0x36  Code  Gb  list.o [1]
vListInsertEnd                0x32d    0x18  Code  Gb  list.o [1]
vPortEnableVFP               0x377d          Code  Gb  portasm.o [1]
vPortEnterCritical           0x33a5    0x34  Code  Gb  port.o [1]
vPortExitCritical            0x33d9    0x2c  Code  Gb  port.o [1]
vPortFree                    0x359d    0x72  Code  Gb  heap_4.o [1]
vPortStartFirstTask          0x375d          Code  Gb  portasm.o [1]
vTaskDelay                   0x2cf5    0x4c  Code  Gb  tasks.o [1]
vTaskDelete                  0x2c29    0xcc  Code  Gb  tasks.o [1]
vTaskStartScheduler          0x2d41    0x64  Code  Gb  tasks.o [1]
vTaskSuspendAll              0x2da5     0xc  Code  Gb  tasks.o [1]
vTaskSwitchContext           0x2f8d    0x6c  Code  Gb  tasks.o [1]
xBlockAllocatedBit      0x2000'8a00     0x4  Data  Lc  heap_4.o [1]
xDelayedTaskList1       0x2000'896c    0x14  Data  Lc  tasks.o [1]
xDelayedTaskList2       0x2000'8980    0x14  Data  Lc  tasks.o [1]
xFreeBytesRemaining     0x2000'89f8     0x4  Data  Lc  heap_4.o [1]
xHeapStructSize              0xb6dc     0x4  Data  Lc  heap_4.o [1]
xIdleTaskHandle         0x2000'8a54     0x4  Data  Lc  tasks.o [1]
xMinimumEverFreeBytesRemaining
                        0x2000'89fc     0x4  Data  Lc  heap_4.o [1]
xNextTaskUnblockTime    0x2000'8a50     0x4  Data  Lc  tasks.o [1]
xNumOfOverflows         0x2000'8a48     0x4  Data  Lc  tasks.o [1]
xPendingReadyList       0x2000'8994    0x14  Data  Lc  tasks.o [1]
xPortStartScheduler          0x32d7    0xce  Code  Gb  port.o [1]
xPortSysTickHandler          0x3405    0x28  Code  Gb  port.o [1]
xQueueGenericCreate          0xac0b    0x4a  Code  Gb  queue.o [1]
xQueueGenericReset           0xab79    0x92  Code  Gb  queue.o [1]
xQueue_ADC              0x2000'8a0c     0x4  Data  Gb  Task_ADC.o [1]
xSchedulerRunning       0x2000'8a3c     0x4  Data  Lc  tasks.o [1]
xStart                  0x2000'89e0     0x8  Data  Lc  heap_4.o [1]
xSuspendedTaskList      0x2000'89bc    0x14  Data  Lc  tasks.o [1]
xTaskCreate                  0x2a79    0x6c  Code  Gb  tasks.o [1]
xTaskGetSchedulerState       0x3195    0x20  Code  Gb  tasks.o [1]
xTaskIncrementTick           0x2e95    0xf8  Code  Gb  tasks.o [1]
xTaskRemoveFromEventList
                             0x2ff9    0x7a  Code  Gb  tasks.o [1]
xTaskResumeAll               0x2db1    0xe4  Code  Gb  tasks.o [1]
xTasksWaitingTermination
                        0x2000'89a8    0x14  Data  Lc  tasks.o [1]
xTickCount              0x2000'8a34     0x4  Data  Lc  tasks.o [1]
xYieldPending           0x2000'8a44     0x4  Data  Lc  tasks.o [1]


[1] = D:\00-githubFiles\HC32F460_FreeRTOS\HC32F460Temp_FreeRTOS\Debug\Obj
[2] = dl7M_tlf.a
[3] = m7M_tls.a
[4] = rt7M_tl.a
[5] = shb_l.a

  45'935 bytes of readonly  code memory
   1'143 bytes of readonly  data memory (+ 32 absolute)
  36'504 bytes of readwrite data memory

Errors: none
Warnings: none
