###############################################################################
#
# IAR ELF Linker V8.40.1.212/W32 for ARM                  10/Jun/2020  10:55:36
# Copyright 2007-2019 IAR Systems AB.
#
#    Output file  =
#        D:\00-githubFiles\HC32F460_FreeRTOS\HC32F460Temp_FreeRTOS\Debug\Exe\HC32F460_Temp_IAR.out
#    Map file     =
#        D:\00-githubFiles\HC32F460_FreeRTOS\HC32F460Temp_FreeRTOS\Debug\List\HC32F460_Temp_IAR.map
#    Command line =
#        -f C:\Users\Michael\AppData\Local\Temp\EW9083.tmp
#        (D:\00-githubFiles\HC32F460_FreeRTOS\HC32F460Temp_FreeRTOS\Debug\Obj\cmsis_os.o
#        D:\00-githubFiles\HC32F460_FreeRTOS\HC32F460Temp_FreeRTOS\Debug\Obj\croutine.o
#        D:\00-githubFiles\HC32F460_FreeRTOS\HC32F460Temp_FreeRTOS\Debug\Obj\data_sound_441_i2s.o
#        D:\00-githubFiles\HC32F460_FreeRTOS\HC32F460Temp_FreeRTOS\Debug\Obj\data_sound_8k_i2s.o
#        D:\00-githubFiles\HC32F460_FreeRTOS\HC32F460Temp_FreeRTOS\Debug\Obj\diskio.o
#        D:\00-githubFiles\HC32F460_FreeRTOS\HC32F460Temp_FreeRTOS\Debug\Obj\event_groups.o
#        D:\00-githubFiles\HC32F460_FreeRTOS\HC32F460Temp_FreeRTOS\Debug\Obj\fattime.o
#        D:\00-githubFiles\HC32F460_FreeRTOS\HC32F460Temp_FreeRTOS\Debug\Obj\ff.o
#        D:\00-githubFiles\HC32F460_FreeRTOS\HC32F460Temp_FreeRTOS\Debug\Obj\hc32f46x_adc.o
#        D:\00-githubFiles\HC32F460_FreeRTOS\HC32F460Temp_FreeRTOS\Debug\Obj\hc32f46x_aes.o
#        D:\00-githubFiles\HC32F460_FreeRTOS\HC32F460Temp_FreeRTOS\Debug\Obj\hc32f46x_can.o
#        D:\00-githubFiles\HC32F460_FreeRTOS\HC32F460Temp_FreeRTOS\Debug\Obj\hc32f46x_clk.o
#        D:\00-githubFiles\HC32F460_FreeRTOS\HC32F460Temp_FreeRTOS\Debug\Obj\hc32f46x_cmp.o
#        D:\00-githubFiles\HC32F460_FreeRTOS\HC32F460Temp_FreeRTOS\Debug\Obj\hc32f46x_dcu.o
#        D:\00-githubFiles\HC32F460_FreeRTOS\HC32F460Temp_FreeRTOS\Debug\Obj\hc32f46x_dmac.o
#        D:\00-githubFiles\HC32F460_FreeRTOS\HC32F460Temp_FreeRTOS\Debug\Obj\hc32f46x_efm.o
#        D:\00-githubFiles\HC32F460_FreeRTOS\HC32F460Temp_FreeRTOS\Debug\Obj\hc32f46x_emb.o
#        D:\00-githubFiles\HC32F460_FreeRTOS\HC32F460Temp_FreeRTOS\Debug\Obj\hc32f46x_event_port.o
#        D:\00-githubFiles\HC32F460_FreeRTOS\HC32F460Temp_FreeRTOS\Debug\Obj\hc32f46x_exint_nmi_swi.o
#        D:\00-githubFiles\HC32F460_FreeRTOS\HC32F460Temp_FreeRTOS\Debug\Obj\hc32f46x_gpio.o
#        D:\00-githubFiles\HC32F460_FreeRTOS\HC32F460Temp_FreeRTOS\Debug\Obj\hc32f46x_hash.o
#        D:\00-githubFiles\HC32F460_FreeRTOS\HC32F460Temp_FreeRTOS\Debug\Obj\hc32f46x_i2c.o
#        D:\00-githubFiles\HC32F460_FreeRTOS\HC32F460Temp_FreeRTOS\Debug\Obj\hc32f46x_i2s.o
#        D:\00-githubFiles\HC32F460_FreeRTOS\HC32F460Temp_FreeRTOS\Debug\Obj\hc32f46x_icg.o
#        D:\00-githubFiles\HC32F460_FreeRTOS\HC32F460Temp_FreeRTOS\Debug\Obj\hc32f46x_interrupts.o
#        D:\00-githubFiles\HC32F460_FreeRTOS\HC32F460Temp_FreeRTOS\Debug\Obj\hc32f46x_keyscan.o
#        D:\00-githubFiles\HC32F460_FreeRTOS\HC32F460Temp_FreeRTOS\Debug\Obj\hc32f46x_mpu.o
#        D:\00-githubFiles\HC32F460_FreeRTOS\HC32F460Temp_FreeRTOS\Debug\Obj\hc32f46x_ots.o
#        D:\00-githubFiles\HC32F460_FreeRTOS\HC32F460Temp_FreeRTOS\Debug\Obj\hc32f46x_pwc.o
#        D:\00-githubFiles\HC32F460_FreeRTOS\HC32F460Temp_FreeRTOS\Debug\Obj\hc32f46x_qspi.o
#        D:\00-githubFiles\HC32F460_FreeRTOS\HC32F460Temp_FreeRTOS\Debug\Obj\hc32f46x_rmu.o
#        D:\00-githubFiles\HC32F460_FreeRTOS\HC32F460Temp_FreeRTOS\Debug\Obj\hc32f46x_rtc.o
#        D:\00-githubFiles\HC32F460_FreeRTOS\HC32F460Temp_FreeRTOS\Debug\Obj\hc32f46x_sdioc.o
#        D:\00-githubFiles\HC32F460_FreeRTOS\HC32F460Temp_FreeRTOS\Debug\Obj\hc32f46x_spi.o
#        D:\00-githubFiles\HC32F460_FreeRTOS\HC32F460Temp_FreeRTOS\Debug\Obj\hc32f46x_sram.o
#        D:\00-githubFiles\HC32F460_FreeRTOS\HC32F460Temp_FreeRTOS\Debug\Obj\hc32f46x_swdt.o
#        D:\00-githubFiles\HC32F460_FreeRTOS\HC32F460Temp_FreeRTOS\Debug\Obj\hc32f46x_timer0.o
#        D:\00-githubFiles\HC32F460_FreeRTOS\HC32F460Temp_FreeRTOS\Debug\Obj\hc32f46x_timer4_cnt.o
#        D:\00-githubFiles\HC32F460_FreeRTOS\HC32F460Temp_FreeRTOS\Debug\Obj\hc32f46x_timer4_emb.o
#        D:\00-githubFiles\HC32F460_FreeRTOS\HC32F460Temp_FreeRTOS\Debug\Obj\hc32f46x_timer4_oco.o
#        D:\00-githubFiles\HC32F460_FreeRTOS\HC32F460Temp_FreeRTOS\Debug\Obj\hc32f46x_timer4_pwm.o
#        D:\00-githubFiles\HC32F460_FreeRTOS\HC32F460Temp_FreeRTOS\Debug\Obj\hc32f46x_timer4_sevt.o
#        D:\00-githubFiles\HC32F460_FreeRTOS\HC32F460Temp_FreeRTOS\Debug\Obj\hc32f46x_timer6.o
#        D:\00-githubFiles\HC32F460_FreeRTOS\HC32F460Temp_FreeRTOS\Debug\Obj\hc32f46x_timera.o
#        D:\00-githubFiles\HC32F460_FreeRTOS\HC32F460Temp_FreeRTOS\Debug\Obj\hc32f46x_trng.o
#        D:\00-githubFiles\HC32F460_FreeRTOS\HC32F460Temp_FreeRTOS\Debug\Obj\hc32f46x_usart.o
#        D:\00-githubFiles\HC32F460_FreeRTOS\HC32F460Temp_FreeRTOS\Debug\Obj\hc32f46x_utility.o
#        D:\00-githubFiles\HC32F460_FreeRTOS\HC32F460Temp_FreeRTOS\Debug\Obj\hc32f46x_wdt.o
#        D:\00-githubFiles\HC32F460_FreeRTOS\HC32F460Temp_FreeRTOS\Debug\Obj\heap_4.o
#        D:\00-githubFiles\HC32F460_FreeRTOS\HC32F460Temp_FreeRTOS\Debug\Obj\HW_I2C.o
#        D:\00-githubFiles\HC32F460_FreeRTOS\HC32F460Temp_FreeRTOS\Debug\Obj\Hw_MPU.o
#        D:\00-githubFiles\HC32F460_FreeRTOS\HC32F460Temp_FreeRTOS\Debug\Obj\list.o
#        D:\00-githubFiles\HC32F460_FreeRTOS\HC32F460Temp_FreeRTOS\Debug\Obj\main.o
#        D:\00-githubFiles\HC32F460_FreeRTOS\HC32F460Temp_FreeRTOS\Debug\Obj\OLED.o
#        D:\00-githubFiles\HC32F460_FreeRTOS\HC32F460Temp_FreeRTOS\Debug\Obj\OLED_port.o
#        D:\00-githubFiles\HC32F460_FreeRTOS\HC32F460Temp_FreeRTOS\Debug\Obj\port.o
#        D:\00-githubFiles\HC32F460_FreeRTOS\HC32F460Temp_FreeRTOS\Debug\Obj\portasm.o
#        D:\00-githubFiles\HC32F460_FreeRTOS\HC32F460Temp_FreeRTOS\Debug\Obj\queue.o
#        D:\00-githubFiles\HC32F460_FreeRTOS\HC32F460Temp_FreeRTOS\Debug\Obj\sd_card.o
#        D:\00-githubFiles\HC32F460_FreeRTOS\HC32F460Temp_FreeRTOS\Debug\Obj\sdmmc_cmd.o
#        D:\00-githubFiles\HC32F460_FreeRTOS\HC32F460Temp_FreeRTOS\Debug\Obj\SEGGER_RTT.o
#        D:\00-githubFiles\HC32F460_FreeRTOS\HC32F460Temp_FreeRTOS\Debug\Obj\SEGGER_RTT_printf.o
#        D:\00-githubFiles\HC32F460_FreeRTOS\HC32F460Temp_FreeRTOS\Debug\Obj\startup_hc32f46x.o
#        D:\00-githubFiles\HC32F460_FreeRTOS\HC32F460Temp_FreeRTOS\Debug\Obj\System_Clk.o
#        D:\00-githubFiles\HC32F460_FreeRTOS\HC32F460Temp_FreeRTOS\Debug\Obj\system_hc32f46x.o
#        D:\00-githubFiles\HC32F460_FreeRTOS\HC32F460Temp_FreeRTOS\Debug\Obj\Task_ADC.o
#        D:\00-githubFiles\HC32F460_FreeRTOS\HC32F460Temp_FreeRTOS\Debug\Obj\Task_display.o
#        D:\00-githubFiles\HC32F460_FreeRTOS\HC32F460Temp_FreeRTOS\Debug\Obj\Task_FileSystem.o
#        D:\00-githubFiles\HC32F460_FreeRTOS\HC32F460Temp_FreeRTOS\Debug\Obj\Task_Key.o
#        D:\00-githubFiles\HC32F460_FreeRTOS\HC32F460Temp_FreeRTOS\Debug\Obj\Task_LED.o
#        D:\00-githubFiles\HC32F460_FreeRTOS\HC32F460Temp_FreeRTOS\Debug\Obj\Task_USB.o
#        D:\00-githubFiles\HC32F460_FreeRTOS\HC32F460Temp_FreeRTOS\Debug\Obj\tasks.o
#        D:\00-githubFiles\HC32F460_FreeRTOS\HC32F460Temp_FreeRTOS\Debug\Obj\timers.o
#        D:\00-githubFiles\HC32F460_FreeRTOS\HC32F460Temp_FreeRTOS\Debug\Obj\usb_bsp_template.o
#        D:\00-githubFiles\HC32F460_FreeRTOS\HC32F460Temp_FreeRTOS\Debug\Obj\usb_core.o
#        D:\00-githubFiles\HC32F460_FreeRTOS\HC32F460Temp_FreeRTOS\Debug\Obj\usb_dcd.o
#        D:\00-githubFiles\HC32F460_FreeRTOS\HC32F460Temp_FreeRTOS\Debug\Obj\usb_dcd_int.o
#        D:\00-githubFiles\HC32F460_FreeRTOS\HC32F460Temp_FreeRTOS\Debug\Obj\usb_otg.o
#        D:\00-githubFiles\HC32F460_FreeRTOS\HC32F460Temp_FreeRTOS\Debug\Obj\usbd_core.o
#        D:\00-githubFiles\HC32F460_FreeRTOS\HC32F460Temp_FreeRTOS\Debug\Obj\usbd_desc.o
#        D:\00-githubFiles\HC32F460_FreeRTOS\HC32F460Temp_FreeRTOS\Debug\Obj\usbd_ioreq.o
#        D:\00-githubFiles\HC32F460_FreeRTOS\HC32F460Temp_FreeRTOS\Debug\Obj\usbd_msc_bot.o
#        D:\00-githubFiles\HC32F460_FreeRTOS\HC32F460Temp_FreeRTOS\Debug\Obj\usbd_msc_core.o
#        D:\00-githubFiles\HC32F460_FreeRTOS\HC32F460Temp_FreeRTOS\Debug\Obj\usbd_msc_data.o
#        D:\00-githubFiles\HC32F460_FreeRTOS\HC32F460Temp_FreeRTOS\Debug\Obj\usbd_msc_scsi.o
#        D:\00-githubFiles\HC32F460_FreeRTOS\HC32F460Temp_FreeRTOS\Debug\Obj\usbd_req.o
#        D:\00-githubFiles\HC32F460_FreeRTOS\HC32F460Temp_FreeRTOS\Debug\Obj\usbd_storage_msd.o
#        D:\00-githubFiles\HC32F460_FreeRTOS\HC32F460Temp_FreeRTOS\Debug\Obj\usbd_usr.o
#        D:\00-githubFiles\HC32F460_FreeRTOS\HC32F460Temp_FreeRTOS\Debug\Obj\User_ADC.o
#        D:\00-githubFiles\HC32F460_FreeRTOS\HC32F460Temp_FreeRTOS\Debug\Obj\User_CAN.o
#        D:\00-githubFiles\HC32F460_FreeRTOS\HC32F460Temp_FreeRTOS\Debug\Obj\User_Crypto.o
#        D:\00-githubFiles\HC32F460_FreeRTOS\HC32F460Temp_FreeRTOS\Debug\Obj\User_DCU.o
#        D:\00-githubFiles\HC32F460_FreeRTOS\HC32F460Temp_FreeRTOS\Debug\Obj\User_DMA.o
#        D:\00-githubFiles\HC32F460_FreeRTOS\HC32F460Temp_FreeRTOS\Debug\Obj\User_Gpio.o
#        D:\00-githubFiles\HC32F460_FreeRTOS\HC32F460Temp_FreeRTOS\Debug\Obj\User_I2C.o
#        D:\00-githubFiles\HC32F460_FreeRTOS\HC32F460Temp_FreeRTOS\Debug\Obj\User_I2S.o
#        D:\00-githubFiles\HC32F460_FreeRTOS\HC32F460Temp_FreeRTOS\Debug\Obj\User_OTS.o
#        D:\00-githubFiles\HC32F460_FreeRTOS\HC32F460Temp_FreeRTOS\Debug\Obj\User_PWC.o
#        D:\00-githubFiles\HC32F460_FreeRTOS\HC32F460Temp_FreeRTOS\Debug\Obj\User_QSPI.o
#        D:\00-githubFiles\HC32F460_FreeRTOS\HC32F460Temp_FreeRTOS\Debug\Obj\User_RTC.o
#        D:\00-githubFiles\HC32F460_FreeRTOS\HC32F460Temp_FreeRTOS\Debug\Obj\User_SDIO.o
#        D:\00-githubFiles\HC32F460_FreeRTOS\HC32F460Temp_FreeRTOS\Debug\Obj\User_SPI.o
#        D:\00-githubFiles\HC32F460_FreeRTOS\HC32F460Temp_FreeRTOS\Debug\Obj\User_Task.o
#        D:\00-githubFiles\HC32F460_FreeRTOS\HC32F460Temp_FreeRTOS\Debug\Obj\User_Timer.o
#        D:\00-githubFiles\HC32F460_FreeRTOS\HC32F460Temp_FreeRTOS\Debug\Obj\User_Timer4.o
#        D:\00-githubFiles\HC32F460_FreeRTOS\HC32F460Temp_FreeRTOS\Debug\Obj\User_Timer6.o
#        D:\00-githubFiles\HC32F460_FreeRTOS\HC32F460Temp_FreeRTOS\Debug\Obj\User_TimerA.o
#        D:\00-githubFiles\HC32F460_FreeRTOS\HC32F460Temp_FreeRTOS\Debug\Obj\User_TRNG.o
#        D:\00-githubFiles\HC32F460_FreeRTOS\HC32F460Temp_FreeRTOS\Debug\Obj\User_Uart.o
#        D:\00-githubFiles\HC32F460_FreeRTOS\HC32F460Temp_FreeRTOS\Debug\Obj\w25qxx.o
#        D:\00-githubFiles\HC32F460_FreeRTOS\HC32F460Temp_FreeRTOS\Debug\Obj\wm8731.o
#        --no_out_extension -o
#        D:\00-githubFiles\HC32F460_FreeRTOS\HC32F460Temp_FreeRTOS\Debug\Exe\HC32F460_Temp_IAR.out
#        --redirect _Printf=_PrintfFull --redirect _Scanf=_ScanfFull --map
#        D:\00-githubFiles\HC32F460_FreeRTOS\HC32F460Temp_FreeRTOS\Debug\List\HC32F460_Temp_IAR.map
#        --config
#        D:\00-githubFiles\HC32F460_FreeRTOS\HC32F460Temp_FreeRTOS\HC32F46x.icf
#        --semihosting --entry __iar_program_start --vfe --text_out locale)
#
###############################################################################

*******************************************************************************
*** RUNTIME MODEL ATTRIBUTES
***

CppFlavor       = *
__SystemLibrary = DLib
__dlib_version  = 6


*******************************************************************************
*** HEAP SELECTION
***

The basic heap was selected because no calls to memory allocation
functions were found in the application outside of system library
functions, and there are calls to deallocation functions in the
application.


*******************************************************************************
*** PLACEMENT SUMMARY
***

"A0":  place at address 0x0 { ro section .intvec };
"P1":  place in [from 0x0 to 0x7'ffff] { ro };
define block CSTACK with size = 1K, alignment = 8 { };
define block HEAP with size = 1K, alignment = 8 { };
"P2":  place in [from 0x1fff'8000 to 0x1fff'ffff] |
                [from 0x2000'0000 to 0x2000'ffff repeat 2] |
                [from 0x2002'0000 to 0x2002'6fff] |
                [from 0x200f'0000 to 0x200f'0fff] {
          rw, block CSTACK, block HEAP };
initialize by copy { rw };

  Section            Kind         Address    Size  Object
  -------            ----         -------    ----  ------
"A0":                                       0x280
  .intvec            ro code          0x0   0x280  startup_hc32f46x.o [1]
                                  - 0x280   0x280

"P1", part 1 of 2:                          0x11c
  .text              ro code        0x280    0x38  hc32f46x_exint_nmi_swi.o [1]
  .text              ro code        0x2b8    0x14  cmsis_os.o [1]
  .text              ro code        0x2cc     0x2  User_PWC.o [1]
  .text              ro code        0x2ce    0x3a  zero_init3.o [4]
  .text              ro code        0x308    0x94  list.o [1]
                                  - 0x39c   0x11c

Absolute sections:                           0x20
  .rodata            const          0x400    0x20  hc32f46x_icg.o [1]
                                  - 0x420    0x20

"P1", part 2 of 2:                         0xbe25
  .text              ro code        0x420  0x1c60  hc32f46x_interrupts.o [1]
  .text              ro code       0x2080   0x5c8  tasks.o [1]
  .text              ro code       0x2648   0x1c8  port.o [1]
  .text              ro code       0x2810   0x1c4  heap_4.o [1]
  CODE               ro code       0x29d4    0xb0  portasm.o [1]
  .text              ro code       0x2a84  0x10c6  xprintffull.o [2]
  .text              ro code       0x3b4a    0x1e  xencoding_8859_1.o [2]
  .text              ro code       0x3b68    0x7c  xlocale_c.o [2]
  .text              ro code       0x3be4    0x16  strchr.o [4]
  .text              ro code       0x3bfa     0xa  xsprout.o [2]
  .text              ro code       0x3c04    0x40  xfail_s.o [2]
  .text              ro code       0x3c44    0x36  strlen.o [4]
  .rodata            const         0x3c7a     0x2  xlocale_c.o [2]
  .text              ro code       0x3c7c    0x58  memchr.o [4]
  .text              ro code       0x3cd4    0xa6  ABImemcpy.o [4]
  .rodata            const         0x3d7a     0x2  xlocale_c.o [2]
  .text              ro code       0x3d7c    0x70  frexp.o [3]
  .text              ro code       0x3dec    0x2e  DblCmpLe.o [3]
  .rodata            const         0x3e1a     0x1  xlocale_c.o [2]
  .text              ro code       0x3e1c    0x2e  DblCmpGe.o [3]
  .text              ro code       0x3e4c   0x13a  ldexp.o [3]
  .text              ro code       0x3f88    0x3a  DblToS32.o [3]
  .text              ro code       0x3fc4    0x22  S32ToDbl.o [3]
  .text              ro code       0x3fe8    0xe2  DblSub.o [3]
  .text              ro code       0x40cc   0x246  DblDiv.o [3]
  .text              ro code       0x4314    0x28  DblToU32.o [3]
  .text              ro code       0x433c    0x1a  U32ToDbl.o [3]
  .text              ro code       0x4358   0x1a2  DblMul.o [3]
  .text              ro code       0x44fa     0xa  xmbcurmax.o [2]
  .text              ro code       0x4504   0x230  I64DivMod.o [4]
  .text              ro code       0x4734     0x6  abort.o [2]
  .text              ro code       0x473c   0x16a  DblAdd.o [3]
  .text              ro code       0x48a8     0x2  I64DivZer.o [4]
  .text              ro code       0x48ac    0x14  exit.o [5]
  .text              ro code       0x48c0  0x10ae  ff.o [1]
  .text              ro code       0x5970   0x1cc  diskio.o [1]
  .text              ro code       0x5b3c     0x6  ABImemclr.o [4]
  .text              ro code       0x5b44    0x66  ABImemset.o [4]
  .text              ro code       0x5bac    0x28  printf.o [2]
  .text              ro code       0x5bd4     0x8  User_SDIO.o [1]
  .text              ro code       0x5bdc   0x4d4  sd_card.o [1]
  .text              ro code       0x60b0   0x380  sdmmc_cmd.o [1]
  .text              ro code       0x6430   0x208  hc32f46x_sdioc.o [1]
  .text              ro code       0x6638    0x6c  hc32f46x_pwc.o [1]
  .text              ro code       0x66a4   0x330  hc32f46x_dmac.o [1]
  .text              ro code       0x69d4     0x6  ABImemclr4.o [4]
  .text              ro code       0x69dc    0x32  ABImemset48.o [4]
  .text              ro code       0x6a10   0x75c  usb_core.o [1]
  .text              ro code       0x716c   0x104  usb_bsp_template.o [1]
  .text              ro code       0x7270   0x4fc  usb_dcd_int.o [1]
  .text              ro code       0x776c   0x17c  hc32f46x_gpio.o [1]
  .text              ro code       0x78e8   0x6e4  hc32f46x_clk.o [1]
  .text              ro code       0x7fcc    0x98  system_hc32f46x.o [1]
  .rodata            const         0x8064   0x5f0  OLED_port.o [1]
  .text              ro code       0x8654   0x5dc  usbd_msc_scsi.o [1]
  .text              ro code       0x8c30   0x208  usb_dcd.o [1]
  .text              ro code       0x8e38   0x1dc  usbd_msc_bot.o [1]
  .text              ro code       0x9014    0x64  usbd_ioreq.o [1]
  .text              ro code       0x9078   0x4a0  usbd_req.o [1]
  .text              ro code       0x9518   0x2b4  usbd_core.o [1]
  .text              ro code       0x97cc   0x428  OLED.o [1]
  .text              ro code       0x9bf4    0xda  OLED_port.o [1]
  .text              ro code       0x9cd0   0x20c  hc32f46x_utility.o [1]
  .text              ro code       0x9edc   0x228  HW_I2C.o [1]
  .text              ro code       0xa104   0x1d0  hc32f46x_i2c.o [1]
  .text              ro code       0xa2d4   0x41c  SEGGER_RTT_printf.o [1]
  .text              ro code       0xa6f0   0x1a4  SEGGER_RTT.o [1]
  .text              ro code       0xa894   0x304  w25qxx.o [1]
  .text              ro code       0xab98   0x138  hc32f46x_qspi.o [1]
  .text              ro code       0xacd0   0x1d0  User_Gpio.o [1]
  .text              ro code       0xaea0   0x14c  System_Clk.o [1]
  .text              ro code       0xafec    0x4c  hc32f46x_efm.o [1]
  .text              ro code       0xb038    0x24  hc32f46x_sram.o [1]
  .text              ro code       0xb05c   0x12c  usbd_msc_core.o [1]
  .text              ro code       0xb188   0x100  User_DMA.o [1]
  .text              ro code       0xb288    0xd0  User_ADC.o [1]
  .text              ro code       0xb358    0xd8  hc32f46x_adc.o [1]
  .text              ro code       0xb430    0xf4  usbd_usr.o [1]
  .text              ro code       0xb524    0xf0  usbd_desc.o [1]
  .text              ro code       0xb614    0xe0  Task_ADC.o [1]
  .text              ro code       0xb6f4    0x94  User_DCU.o [1]
  .text              ro code       0xb788    0x86  queue.o [1]
  .text              ro code       0xb810    0x40  sprintf.o [2]
  .text              ro code       0xb850    0xb8  hc32f46x_dcu.o [1]
  .text              ro code       0xb908    0xd4  usbd_storage_msd.o [1]
  .text              ro code       0xb9dc    0xbc  Hw_MPU.o [1]
  .text              ro code       0xba98    0xac  Task_FileSystem.o [1]
  .text              ro code       0xbb44    0x9c  packbits_init.o [4]
  .text              ro code       0xbbe0    0x88  main.o [1]
  .text              ro code       0xbc68    0x54  User_Task.o [1]
  .text              ro code       0xbcbc    0x48  Task_LED.o [1]
  .text              ro code       0xbd04    0x68  Task_display.o [1]
  .text              ro code       0xbd6c    0x84  Task_USB.o [1]
  .rodata            const         0xbdf0    0x80  ff.o [1]
  .rodata            const         0xbe70    0x6c  usbd_usr.o [1]
  .rodata            const         0xbedc    0x48  usbd_storage_msd.o [1]
  .text              ro code       0xbf30    0x44  startup_hc32f46x.o [1]
  .text              ro code       0xbf74    0x28  data_init.o [4]
  .text              ro code       0xbf9c    0x22  fpinit_M.o [3]
  .iar.init_table    const         0xbfc0    0x2c  - Linker created -
  .text              ro code       0xbfec    0x1e  cmain.o [4]
  .text              ro code       0xc00a     0x4  low_level_init.o [2]
  .text              ro code       0xc00e     0x4  exit.o [2]
  .text              ro code       0xc014     0xa  cexit.o [4]
  .text              ro code       0xc01e    0x16  xprout.o [2]
  .text              ro code       0xc034     0xc  putchar.o [2]
  .text              ro code       0xc040     0xc  cstartup_M.o [4]
  .rodata            const         0xc04c     0x8  usbd_msc_data.o [1]
  .rodata            const         0xc054     0x8  usbd_msc_data.o [1]
  .rodata            const         0xc05c     0x8  usbd_msc_data.o [1]
  .text              ro code       0xc064     0x4  startup_hc32f46x.o [1]
  .text              ro code       0xc068     0x4  startup_hc32f46x.o [1]
  .text              ro code       0xc06c     0x4  startup_hc32f46x.o [1]
  .rodata            const         0xc070     0x0  zero_init3.o [4]
  .rodata            const         0xc070     0x0  packbits_init.o [4]
  Initializer bytes  const         0xc070   0x1c5  <for P2 s0>
                                 - 0xc235  0xbe15

"P2", part 1 of 3:                         0x125e
  P2 s0                       0x2000'0000  0x125e  <Init block>
    .data            inited   0x2000'0000  0x1084  User_SDIO.o [1]
    .data            inited   0x2000'1084    0x48  xlocale_c.o [2]
    .data            inited   0x2000'10cc    0x48  xfiles.o [2]
    .data            inited   0x2000'1114    0x38  xlocale_c.o [2]
    .data            inited   0x2000'114c    0x2c  usbd_core.o [1]
    .data            inited   0x2000'1178    0x2c  usbd_msc_core.o [1]
    .data            inited   0x2000'11a4    0x20  usbd_msc_core.o [1]
    .data            inited   0x2000'11c4    0x20  usbd_storage_msd.o [1]
    .data            inited   0x2000'11e4    0x1c  usbd_desc.o [1]
    .data            inited   0x2000'1200    0x1c  usbd_usr.o [1]
    .data            inited   0x2000'121c    0x14  usbd_desc.o [1]
    .data            inited   0x2000'1230     0xc  port.o [1]
    .data            inited   0x2000'123c     0x8  hc32f46x_i2c.o [1]
    .data            inited   0x2000'1244     0x8  User_SDIO.o [1]
    .data            inited   0x2000'124c     0x4  system_hc32f46x.o [1]
    .data            inited   0x2000'1250     0x4  usbd_core.o [1]
    .data            inited   0x2000'1254     0x4  usbd_desc.o [1]
    .data            inited   0x2000'1258     0x4  usbd_storage_msd.o [1]
    .data            inited   0x2000'125c     0x2  w25qxx.o [1]
                            - 0x2000'125e  0x125e

"P2", part 2 of 3:                         0x9514
  .bss               zero     0x2000'1260  0x3c18  heap_4.o [1]
  .bss               zero     0x2000'4e78  0x3014  usbd_msc_bot.o [1]
  .bss               zero     0x2000'7e8c  0x1000  w25qxx.o [1]
  .bss               zero     0x2000'8e8c   0x4e0  main.o [1]
  .bss               zero     0x2000'936c   0x4b8  SEGGER_RTT.o [1]
  .bss               zero     0x2000'9824   0x4b0  Task_FileSystem.o [1]
  .bss               zero     0x2000'9cd4   0x400  OLED.o [1]
  .bss               zero     0x2000'a0d4   0x200  hc32f46x_interrupts.o [1]
  .bss               zero     0x2000'a2d4   0x200  OLED.o [1]
  .bss               zero     0x2000'a4d4    0xa0  tasks.o [1]
  .bss               zero     0x2000'a574    0x8c  tasks.o [1]
  .bss               zero     0x2000'a600    0x50  xfiles.o [2]
  .bss               zero     0x2000'a650    0x40  usbd_req.o [1]
  .bss               zero     0x2000'a690    0x20  main.o [1]
  .bss               zero     0x2000'a6b0    0x20  usbd_msc_bot.o [1]
  .bss               zero     0x2000'a6d0    0x20  usbd_msc_scsi.o [1]
  .bss               zero     0x2000'a6f0    0x20  usbd_msc_scsi.o [1]
  .bss               zero     0x2000'a710    0x18  Task_ADC.o [1]
  .bss               zero     0x2000'a728     0xc  ff.o [1]
  .bss               zero     0x2000'a734     0x8  usbd_req.o [1]
  .bss               zero     0x2000'a73c     0x4  hc32f46x_exint_nmi_swi.o [1]
  .bss               zero     0x2000'a740     0x4  Task_ADC.o [1]
  .bss               zero     0x2000'a744     0x4  Task_display.o [1]
  .bss               zero     0x2000'a748     0x4  Task_LED.o [1]
  .bss               zero     0x2000'a74c     0x4  Task_USB.o [1]
  .bss               zero     0x2000'a750     0x4  usbd_core.o [1]
  .bss               zero     0x2000'a754     0x4  usbd_req.o [1]
  .bss               zero     0x2000'a758     0x4  usbd_req.o [1]
  .bss               zero     0x2000'a75c     0x4  User_Task.o [1]
  .bss               zero     0x2000'a760     0x4  xfail_s.o [2]
  .bss               zero     0x2000'a764     0x2  usbd_msc_core.o [1]
  .bss               zero     0x2000'a766     0x2  User_ADC.o [1]
  .bss               zero     0x2000'a768     0x2  User_DMA.o [1]
  .bss               zero     0x2000'a76a     0x1  hc32f46x_dmac.o [1]
  .bss               zero     0x2000'a76b     0x1  usbd_storage_msd.o [1]
  .bss               zero     0x2000'a76c     0x1  usbd_usr.o [1]
  .bss               zero     0x2000'a76d     0x1  User_DCU.o [1]
  .bss               zero     0x2000'a76e     0x1  User_Gpio.o [1]
  .bss               zero     0x2000'a76f     0x1  User_Gpio.o [1]
  .bss               zero     0x2000'a770     0x1  User_Gpio.o [1]
                            - 0x2000'a771  0x9511

"P2", part 3 of 3:                          0x400
  CSTACK                      0x2000'a778   0x400  <Block>
    CSTACK           uninit   0x2000'a778   0x400  <Block tail>
                            - 0x2000'ab78   0x400

Unused ranges:

         From           To      Size
         ----           --      ----
        0x39c        0x3ff      0x64
       0xc245     0x7'ffff  0x7'3dbb
  0x1fff'8000  0x1fff'ffff    0x8000
  0x2000'125e  0x2000'125f       0x2
  0x2000'a774  0x2000'a777       0x4
  0x2000'ab78  0x2000'ffff    0x5488
  0x2001'0000  0x2001'ffff  0x1'0000
  0x2002'0000  0x2002'6fff    0x7000
  0x200f'0000  0x200f'0fff    0x1000


*******************************************************************************
*** INIT TABLE
***

          Address      Size
          -------      ----
Zero (__iar_zero_init3)
    1 destination range, total size 0x9511:
          0x2000'1260  0x9511

Copy/packbits (__iar_packbits_init3)
    1 source range, total size 0x1c5 (9% of destination):
               0xc070   0x1c5
    1 destination range, total size 0x125e:
          0x2000'0000  0x125e



*******************************************************************************
*** MODULE SUMMARY
***

    Module                    ro code  ro data  rw data  ro data
                                                          (abs)
    ------                    -------  -------  -------  -------
command line/config:
    ------------------------------------------------------------
    Total:

D:\00-githubFiles\HC32F460_FreeRTOS\HC32F460Temp_FreeRTOS\Debug\Obj: [1]
    HW_I2C.o                      552
    Hw_MPU.o                      188
    OLED.o                      1'064             1'536
    OLED_port.o                   218    1'520
    SEGGER_RTT.o                  420             1'208
    SEGGER_RTT_printf.o         1'052
    System_Clk.o                  332
    Task_ADC.o                    224                28
    Task_FileSystem.o             172             1'200
    Task_LED.o                     72                 4
    Task_USB.o                    132                 4
    Task_display.o                104                 4
    User_ADC.o                    208                 2
    User_DCU.o                    148                 1
    User_DMA.o                    256                 2
    User_Gpio.o                   464                 3
    User_PWC.o                      2
    User_SDIO.o                     8      408    4'236
    User_Task.o                    84                 4
    cmsis_os.o                     20
    diskio.o                      460
    ff.o                        4'270      128       12
    hc32f46x_adc.o                216
    hc32f46x_clk.o              1'764
    hc32f46x_dcu.o                184
    hc32f46x_dmac.o               816                 1
    hc32f46x_efm.o                 76
    hc32f46x_exint_nmi_swi.o       56                 4
    hc32f46x_gpio.o               380
    hc32f46x_i2c.o                464        1        8
    hc32f46x_icg.o                                            32
    hc32f46x_interrupts.o       7'264               512
    hc32f46x_pwc.o                108
    hc32f46x_qspi.o               312
    hc32f46x_sdioc.o              520
    hc32f46x_sram.o                36
    hc32f46x_utility.o            524
    heap_4.o                      452            15'384
    list.o                        148
    main.o                        136             1'280
    port.o                        456        1       12
    portasm.o                     176
    queue.o                       134
    sd_card.o                   1'236
    sdmmc_cmd.o                   896
    startup_hc32f46x.o            720
    system_hc32f46x.o             152                 4
    tasks.o                     1'480               300
    usb_bsp_template.o            260
    usb_core.o                  1'884
    usb_dcd.o                     520
    usb_dcd_int.o               1'276
    usbd_core.o                   692        5       52
    usbd_desc.o                   240        4       52
    usbd_ioreq.o                  100
    usbd_msc_bot.o                476            12'340
    usbd_msc_core.o               300        8       78
    usbd_msc_data.o                         24
    usbd_msc_scsi.o             1'500                64
    usbd_req.o                  1'184                80
    usbd_storage_msd.o            212       75       37
    usbd_usr.o                    244      111       29
    w25qxx.o                      772        1    4'098
    ------------------------------------------------------------
    Total:                     38'816    2'286   42'579       32

dl7M_tlf.a: [2]
    abort.o                         6
    exit.o                          4
    low_level_init.o                4
    printf.o                       40
    putchar.o                      12
    sprintf.o                      64
    xencoding_8859_1.o             30
    xfail_s.o                      64                 4
    xfiles.o                                 7      152
    xlocale_c.o                   124       17      128
    xmbcurmax.o                    10
    xprintffull.o               4'294
    xprout.o                       22
    xsprout.o                      10
    ------------------------------------------------------------
    Total:                      4'684       24      284

m7M_tls.a: [3]
    DblAdd.o                      362
    DblCmpGe.o                     46
    DblCmpLe.o                     46
    DblDiv.o                      582
    DblMul.o                      418
    DblSub.o                      226
    DblToS32.o                     58
    DblToU32.o                     40
    S32ToDbl.o                     34
    U32ToDbl.o                     26
    fpinit_M.o                     34
    frexp.o                       112
    ldexp.o                       314
    ------------------------------------------------------------
    Total:                      2'298

rt7M_tl.a: [4]
    ABImemclr.o                     6
    ABImemclr4.o                    6
    ABImemcpy.o                   166
    ABImemset.o                   102
    ABImemset48.o                  50
    I64DivMod.o                   560
    I64DivZer.o                     2
    cexit.o                        10
    cmain.o                        30
    cstartup_M.o                   12
    data_init.o                    40
    memchr.o                       88
    packbits_init.o               156
    strchr.o                       22
    strlen.o                       54
    zero_init3.o                   58
    ------------------------------------------------------------
    Total:                      1'362

shb_l.a: [5]
    exit.o                         20
    ------------------------------------------------------------
    Total:                         20

    Gaps                           49        2
    Linker created                          44    1'024
----------------------------------------------------------------
    Grand Total:               47'229    2'356   43'887       32


*******************************************************************************
*** ENTRY LIST
***

Entry                       Address    Size  Type      Object
-----                       -------    ----  ----      ------
.iar.init_table$$Base        0xbfc0           --   Gb  - Linker created -
.iar.init_table$$Limit       0xbfec           --   Gb  - Linker created -
?main                        0xbfed          Code  Gb  cmain.o [4]
ADC1_AIN10_Data         0x2000'a766     0x2  Data  Gb  User_ADC.o [1]
ADC1_Start_convert           0xb299     0x8  Code  Gb  User_ADC.o [1]
ADC_AddAdcChannel            0xb3a5    0x84  Code  Gb  hc32f46x_adc.o [1]
ADC_EOCA_CallBack            0xb28f     0xa  Code  Gb  User_ADC.o [1]
ADC_Init                     0xb359    0x4c  Code  Gb  hc32f46x_adc.o [1]
BusFault_Handler              0x49b     0x8  Code  Gb  hc32f46x_interrupts.o [1]
CLK_GetClockFreq             0x7d89    0xd0  Code  Gb  hc32f46x_clk.o [1]
CLK_GetFlagStatus            0x7f45    0x36  Code  Gb  hc32f46x_clk.o [1]
CLK_HrcCmd                   0x79f3    0x62  Code  Gb  hc32f46x_clk.o [1]
CLK_LrcCmd                   0x7a79    0x54  Code  Gb  hc32f46x_clk.o [1]
CLK_MpllCmd                  0x7afd    0x56  Code  Gb  hc32f46x_clk.o [1]
CLK_MpllConfig               0x7aeb    0x12  Code  Gb  hc32f46x_clk.o [1]
CLK_SetPeriClkSource         0x7f11    0x20  Code  Gb  hc32f46x_clk.o [1]
CLK_SetPllSource             0x7acd    0x1e  Code  Gb  hc32f46x_clk.o [1]
CLK_SetSysClkSource          0x7c1b    0xa6  Code  Gb  hc32f46x_clk.o [1]
CLK_SetUsbClkSource          0x7e59    0xb8  Code  Gb  hc32f46x_clk.o [1]
CLK_SysClkConfig             0x7cc1    0xc8  Code  Gb  hc32f46x_clk.o [1]
CLK_UpllCmd                  0x7bbd    0x5e  Code  Gb  hc32f46x_clk.o [1]
CLK_UpllConfig               0x7b53    0x10  Code  Gb  hc32f46x_clk.o [1]
CLK_Xtal32Cmd                0x799f    0x54  Code  Gb  hc32f46x_clk.o [1]
CLK_Xtal32Config             0x7953    0x4c  Code  Gb  hc32f46x_clk.o [1]
CLK_XtalCmd                  0x78e9    0x6a  Code  Gb  hc32f46x_clk.o [1]
CSTACK$$Base            0x2000'a778           --   Gb  - Linker created -
CSTACK$$Limit           0x2000'ab78           --   Gb  - Linker created -
CacheMore                    0x3b6d    0x28  Code  Lc  xlocale_c.o [2]
Clkdata                 0x2000'a690    0x20  Data  Gb  main.o [1]
DCD_EP_Close                 0x8cf1    0x2c  Code  Gb  usb_dcd.o [1]
DCD_EP_ClrStall              0x8dd3    0x3e  Code  Gb  usb_dcd.o [1]
DCD_EP_Flush                 0x8e11    0x18  Code  Gb  usb_dcd.o [1]
DCD_EP_Open                  0x8cb1    0x40  Code  Gb  usb_dcd.o [1]
DCD_EP_PrepareRx             0x8d1d    0x40  Code  Gb  usb_dcd.o [1]
DCD_EP_SetAddress            0x8e29    0x10  Code  Gb  usb_dcd.o [1]
DCD_EP_Stall                 0x8d95    0x3e  Code  Gb  usb_dcd.o [1]
DCD_EP_Tx                    0x8d5d    0x38  Code  Gb  usb_dcd.o [1]
DCD_HandleUsbReset_ISR::__FUNCTION__
                             0x774c    0x18  Data  Lc  usb_dcd_int.o [1]
DCD_Init                     0x8c31    0x80  Code  Gb  usb_dcd.o [1]
DCU1_INT_Callback            0xb6f5     0x8  Code  Lc  User_DCU.o [1]
DCU_Init                     0xb851    0x6e  Code  Gb  hc32f46x_dcu.o [1]
DCU_SetTriggerSrc            0xb8bf    0x36  Code  Gb  hc32f46x_dcu.o [1]
DMA1_CH0_Callback            0xb18f    0x1a  Code  Gb  User_DMA.o [1]
DMA_ChannelCfg               0x6861    0x98  Code  Gb  hc32f46x_dmac.o [1]
DMA_ChannelCmd               0x6709   0x13e  Code  Gb  hc32f46x_dmac.o [1]
DMA_ClearIrqFlag             0x66b9    0x50  Code  Gb  hc32f46x_dmac.o [1]
DMA_Cmd                      0x66a5     0xa  Code  Gb  hc32f46x_dmac.o [1]
DMA_InitChannel              0x68f9    0xc8  Code  Gb  hc32f46x_dmac.o [1]
DMA_SetTriggerSrc            0x6847    0x1a  Code  Gb  hc32f46x_dmac.o [1]
Dcu1_result             0x2000'a768     0x2  Data  Gb  User_DMA.o [1]
Ddl_Delay1ms                 0x9e4b    0x2c  Code  Gb  hc32f46x_utility.o [1]
Ddl_Delay1us                 0x9e77    0x32  Code  Gb  hc32f46x_utility.o [1]
Ddl_UartInit                 0x9ce5   0x166  Code  Gb  hc32f46x_utility.o [1]
DebugMon_Handler              0x4ab     0x8  Code  Gb  hc32f46x_interrupts.o [1]
DmaChEnState            0x2000'a76a     0x1  Data  Lc  hc32f46x_dmac.o [1]
EFM_InstructionCacheCmd
                             0xb021     0xe  Code  Gb  hc32f46x_efm.o [1]
EFM_Lock                     0xafff    0x14  Code  Gb  hc32f46x_efm.o [1]
EFM_SetLatency               0xb013     0xe  Code  Gb  hc32f46x_efm.o [1]
EFM_Unlock                   0xafed    0x12  Code  Gb  hc32f46x_efm.o [1]
EXINT_Init                    0x281    0x2a  Code  Gb  hc32f46x_exint_nmi_swi.o [1]
F8X16                        0x8064   0x5f0  Data  Gb  OLED_port.o [1]
FatFs                   0x2000'a72c     0x8  Data  Lc  ff.o [1]
FatFs                   0x2000'982c   0x230  Data  Gb  Task_FileSystem.o [1]
Fs_Task_Start                0xbaf1    0x1e  Code  Gb  Task_FileSystem.o [1]
Fsid                    0x2000'a728     0x2  Data  Lc  ff.o [1]
Get_DCU1_Result              0xb189     0x6  Code  Gb  User_DMA.o [1]
HW_I2C_Init                  0x9efb    0x70  Code  Gb  HW_I2C.o [1]
HW_I2C_Port_Init             0x9edd    0x1e  Code  Gb  HW_I2C.o [1]
H_Task_ADC              0x2000'a740     0x4  Data  Gb  Task_ADC.o [1]
H_Task_Display          0x2000'a744     0x4  Data  Gb  Task_display.o [1]
H_Task_Fs               0x2000'9828     0x4  Data  Gb  Task_FileSystem.o [1]
H_Task_LED              0x2000'a748     0x4  Data  Gb  Task_LED.o [1]
H_Task_USB              0x2000'a74c     0x4  Data  Gb  Task_USB.o [1]
HardFault_Handler             0x48b     0x8  Code  Gb  hc32f46x_interrupts.o [1]
Hd_Task_Start           0x2000'a75c     0x4  Data  Gb  User_Task.o [1]
Hw_MPU_Init                  0xb9dd    0xb6  Code  Gb  Hw_MPU.o [1]
I2C_BaudrateConfig           0xa105   0x124  Code  Gb  hc32f46x_i2c.o [1]
I2C_ClearStatus              0xa2bd     0xc  Code  Gb  hc32f46x_i2c.o [1]
I2C_Cmd                      0xa28d     0xa  Code  Gb  hc32f46x_i2c.o [1]
I2C_DeInit                   0xa229    0x14  Code  Gb  hc32f46x_i2c.o [1]
I2C_GenerateStart            0xa297     0xa  Code  Gb  hc32f46x_i2c.o [1]
I2C_GenerateStop             0xa2a1     0xa  Code  Gb  hc32f46x_i2c.o [1]
I2C_GetStatus                0xa2af     0xe  Code  Gb  hc32f46x_i2c.o [1]
I2C_Init                     0xa23d    0x50  Code  Gb  hc32f46x_i2c.o [1]
I2C_SendData                 0xa2ab     0x4  Code  Gb  hc32f46x_i2c.o [1]
I2C_Write_data               0x9f79   0x140  Code  Gb  HW_I2C.o [1]
IRQ000_Handler                0x4c1     0xe  Code  Gb  hc32f46x_interrupts.o [1]
IRQ001_Handler                0x4cf     0xe  Code  Gb  hc32f46x_interrupts.o [1]
IRQ002_Handler                0x4dd     0xe  Code  Gb  hc32f46x_interrupts.o [1]
IRQ003_Handler                0x4eb     0xe  Code  Gb  hc32f46x_interrupts.o [1]
IRQ004_Handler                0x4f9     0xe  Code  Gb  hc32f46x_interrupts.o [1]
IRQ005_Handler                0x507     0xe  Code  Gb  hc32f46x_interrupts.o [1]
IRQ006_Handler                0x515     0xe  Code  Gb  hc32f46x_interrupts.o [1]
IRQ007_Handler                0x523     0xe  Code  Gb  hc32f46x_interrupts.o [1]
IRQ008_Handler                0x531     0xe  Code  Gb  hc32f46x_interrupts.o [1]
IRQ009_Handler                0x53f     0xe  Code  Gb  hc32f46x_interrupts.o [1]
IRQ010_Handler                0x54d     0xe  Code  Gb  hc32f46x_interrupts.o [1]
IRQ011_Handler                0x55b     0xe  Code  Gb  hc32f46x_interrupts.o [1]
IRQ012_Handler                0x569     0xe  Code  Gb  hc32f46x_interrupts.o [1]
IRQ013_Handler                0x577     0xe  Code  Gb  hc32f46x_interrupts.o [1]
IRQ014_Handler                0x585     0xe  Code  Gb  hc32f46x_interrupts.o [1]
IRQ015_Handler                0x593     0xe  Code  Gb  hc32f46x_interrupts.o [1]
IRQ016_Handler                0x5a1     0xe  Code  Gb  hc32f46x_interrupts.o [1]
IRQ017_Handler                0x5af     0xe  Code  Gb  hc32f46x_interrupts.o [1]
IRQ018_Handler                0x5bd     0xe  Code  Gb  hc32f46x_interrupts.o [1]
IRQ019_Handler                0x5cb     0xe  Code  Gb  hc32f46x_interrupts.o [1]
IRQ020_Handler                0x5d9     0xe  Code  Gb  hc32f46x_interrupts.o [1]
IRQ021_Handler                0x5e7     0xe  Code  Gb  hc32f46x_interrupts.o [1]
IRQ022_Handler                0x5f5     0xe  Code  Gb  hc32f46x_interrupts.o [1]
IRQ023_Handler                0x603     0xe  Code  Gb  hc32f46x_interrupts.o [1]
IRQ024_Handler                0x611     0xe  Code  Gb  hc32f46x_interrupts.o [1]
IRQ025_Handler                0x61f     0xe  Code  Gb  hc32f46x_interrupts.o [1]
IRQ026_Handler                0x62d     0xe  Code  Gb  hc32f46x_interrupts.o [1]
IRQ027_Handler                0x63b     0xe  Code  Gb  hc32f46x_interrupts.o [1]
IRQ028_Handler                0x649     0xe  Code  Gb  hc32f46x_interrupts.o [1]
IRQ029_Handler                0x657     0xe  Code  Gb  hc32f46x_interrupts.o [1]
IRQ030_Handler                0x665     0xe  Code  Gb  hc32f46x_interrupts.o [1]
IRQ031_Handler                0x673     0xe  Code  Gb  hc32f46x_interrupts.o [1]
IRQ032_Handler                0x681    0x10  Code  Gb  hc32f46x_interrupts.o [1]
IRQ033_Handler                0x691    0x10  Code  Gb  hc32f46x_interrupts.o [1]
IRQ034_Handler                0x6a1    0x10  Code  Gb  hc32f46x_interrupts.o [1]
IRQ035_Handler                0x6b1    0x10  Code  Gb  hc32f46x_interrupts.o [1]
IRQ036_Handler                0x6c1    0x10  Code  Gb  hc32f46x_interrupts.o [1]
IRQ037_Handler                0x6d1    0x10  Code  Gb  hc32f46x_interrupts.o [1]
IRQ038_Handler                0x6e1    0x10  Code  Gb  hc32f46x_interrupts.o [1]
IRQ039_Handler                0x6f1    0x10  Code  Gb  hc32f46x_interrupts.o [1]
IRQ040_Handler                0x701    0x10  Code  Gb  hc32f46x_interrupts.o [1]
IRQ041_Handler                0x711    0x10  Code  Gb  hc32f46x_interrupts.o [1]
IRQ042_Handler                0x721    0x10  Code  Gb  hc32f46x_interrupts.o [1]
IRQ043_Handler                0x731    0x10  Code  Gb  hc32f46x_interrupts.o [1]
IRQ044_Handler                0x741    0x10  Code  Gb  hc32f46x_interrupts.o [1]
IRQ045_Handler                0x751    0x10  Code  Gb  hc32f46x_interrupts.o [1]
IRQ046_Handler                0x761    0x10  Code  Gb  hc32f46x_interrupts.o [1]
IRQ047_Handler                0x771    0x10  Code  Gb  hc32f46x_interrupts.o [1]
IRQ048_Handler                0x781    0x10  Code  Gb  hc32f46x_interrupts.o [1]
IRQ049_Handler                0x791    0x10  Code  Gb  hc32f46x_interrupts.o [1]
IRQ050_Handler                0x7a1    0x10  Code  Gb  hc32f46x_interrupts.o [1]
IRQ051_Handler                0x7b1    0x10  Code  Gb  hc32f46x_interrupts.o [1]
IRQ052_Handler                0x7c1    0x10  Code  Gb  hc32f46x_interrupts.o [1]
IRQ053_Handler                0x7d1    0x10  Code  Gb  hc32f46x_interrupts.o [1]
IRQ054_Handler                0x7e1    0x10  Code  Gb  hc32f46x_interrupts.o [1]
IRQ055_Handler                0x7f1    0x10  Code  Gb  hc32f46x_interrupts.o [1]
IRQ056_Handler                0x801    0x10  Code  Gb  hc32f46x_interrupts.o [1]
IRQ057_Handler                0x811    0x10  Code  Gb  hc32f46x_interrupts.o [1]
IRQ058_Handler                0x821    0x10  Code  Gb  hc32f46x_interrupts.o [1]
IRQ059_Handler                0x831    0x10  Code  Gb  hc32f46x_interrupts.o [1]
IRQ060_Handler                0x841    0x10  Code  Gb  hc32f46x_interrupts.o [1]
IRQ061_Handler                0x851    0x10  Code  Gb  hc32f46x_interrupts.o [1]
IRQ062_Handler                0x861    0x10  Code  Gb  hc32f46x_interrupts.o [1]
IRQ063_Handler                0x871    0x10  Code  Gb  hc32f46x_interrupts.o [1]
IRQ064_Handler                0x881    0x10  Code  Gb  hc32f46x_interrupts.o [1]
IRQ065_Handler                0x891    0x10  Code  Gb  hc32f46x_interrupts.o [1]
IRQ066_Handler                0x8a1    0x10  Code  Gb  hc32f46x_interrupts.o [1]
IRQ067_Handler                0x8b1    0x10  Code  Gb  hc32f46x_interrupts.o [1]
IRQ068_Handler                0x8c1    0x10  Code  Gb  hc32f46x_interrupts.o [1]
IRQ069_Handler                0x8d1    0x10  Code  Gb  hc32f46x_interrupts.o [1]
IRQ070_Handler                0x8e1    0x10  Code  Gb  hc32f46x_interrupts.o [1]
IRQ071_Handler                0x8f1    0x10  Code  Gb  hc32f46x_interrupts.o [1]
IRQ072_Handler                0x901    0x10  Code  Gb  hc32f46x_interrupts.o [1]
IRQ073_Handler                0x911    0x10  Code  Gb  hc32f46x_interrupts.o [1]
IRQ074_Handler                0x921    0x10  Code  Gb  hc32f46x_interrupts.o [1]
IRQ075_Handler                0x931    0x10  Code  Gb  hc32f46x_interrupts.o [1]
IRQ076_Handler                0x941    0x10  Code  Gb  hc32f46x_interrupts.o [1]
IRQ077_Handler                0x951    0x10  Code  Gb  hc32f46x_interrupts.o [1]
IRQ078_Handler                0x961    0x10  Code  Gb  hc32f46x_interrupts.o [1]
IRQ079_Handler                0x971    0x10  Code  Gb  hc32f46x_interrupts.o [1]
IRQ080_Handler                0x981    0x10  Code  Gb  hc32f46x_interrupts.o [1]
IRQ081_Handler                0x991    0x10  Code  Gb  hc32f46x_interrupts.o [1]
IRQ082_Handler                0x9a1    0x10  Code  Gb  hc32f46x_interrupts.o [1]
IRQ083_Handler                0x9b1    0x10  Code  Gb  hc32f46x_interrupts.o [1]
IRQ084_Handler                0x9c1    0x10  Code  Gb  hc32f46x_interrupts.o [1]
IRQ085_Handler                0x9d1     0xe  Code  Gb  hc32f46x_interrupts.o [1]
IRQ086_Handler                0x9df     0xe  Code  Gb  hc32f46x_interrupts.o [1]
IRQ087_Handler                0x9ed     0xe  Code  Gb  hc32f46x_interrupts.o [1]
IRQ088_Handler                0x9fb     0xe  Code  Gb  hc32f46x_interrupts.o [1]
IRQ089_Handler                0xa09     0xe  Code  Gb  hc32f46x_interrupts.o [1]
IRQ090_Handler                0xa17     0xe  Code  Gb  hc32f46x_interrupts.o [1]
IRQ091_Handler                0xa25     0xe  Code  Gb  hc32f46x_interrupts.o [1]
IRQ092_Handler                0xa33     0xe  Code  Gb  hc32f46x_interrupts.o [1]
IRQ093_Handler                0xa41     0xe  Code  Gb  hc32f46x_interrupts.o [1]
IRQ094_Handler                0xa4f     0xe  Code  Gb  hc32f46x_interrupts.o [1]
IRQ095_Handler                0xa5d     0xe  Code  Gb  hc32f46x_interrupts.o [1]
IRQ096_Handler                0xa6b     0xe  Code  Gb  hc32f46x_interrupts.o [1]
IRQ097_Handler                0xa79     0xe  Code  Gb  hc32f46x_interrupts.o [1]
IRQ098_Handler                0xa87     0xe  Code  Gb  hc32f46x_interrupts.o [1]
IRQ099_Handler                0xa95     0xe  Code  Gb  hc32f46x_interrupts.o [1]
IRQ100_Handler                0xaa3     0xe  Code  Gb  hc32f46x_interrupts.o [1]
IRQ101_Handler                0xab1     0xe  Code  Gb  hc32f46x_interrupts.o [1]
IRQ102_Handler                0xabf     0xe  Code  Gb  hc32f46x_interrupts.o [1]
IRQ103_Handler                0xacd     0xe  Code  Gb  hc32f46x_interrupts.o [1]
IRQ104_Handler                0xadb     0xe  Code  Gb  hc32f46x_interrupts.o [1]
IRQ105_Handler                0xae9     0xe  Code  Gb  hc32f46x_interrupts.o [1]
IRQ106_Handler                0xaf7     0xe  Code  Gb  hc32f46x_interrupts.o [1]
IRQ107_Handler                0xb05     0xe  Code  Gb  hc32f46x_interrupts.o [1]
IRQ108_Handler                0xb13     0xe  Code  Gb  hc32f46x_interrupts.o [1]
IRQ109_Handler                0xb21     0xe  Code  Gb  hc32f46x_interrupts.o [1]
IRQ110_Handler                0xb2f     0xe  Code  Gb  hc32f46x_interrupts.o [1]
IRQ111_Handler                0xb3d     0xe  Code  Gb  hc32f46x_interrupts.o [1]
IRQ112_Handler                0xb4b     0xe  Code  Gb  hc32f46x_interrupts.o [1]
IRQ113_Handler                0xb59     0xe  Code  Gb  hc32f46x_interrupts.o [1]
IRQ114_Handler                0xb67     0xe  Code  Gb  hc32f46x_interrupts.o [1]
IRQ115_Handler                0xb75     0xe  Code  Gb  hc32f46x_interrupts.o [1]
IRQ116_Handler                0xb83     0xe  Code  Gb  hc32f46x_interrupts.o [1]
IRQ117_Handler                0xb91     0xe  Code  Gb  hc32f46x_interrupts.o [1]
IRQ118_Handler                0xb9f     0xe  Code  Gb  hc32f46x_interrupts.o [1]
IRQ119_Handler                0xbad     0xe  Code  Gb  hc32f46x_interrupts.o [1]
IRQ120_Handler                0xbbb     0xe  Code  Gb  hc32f46x_interrupts.o [1]
IRQ121_Handler                0xbc9     0xe  Code  Gb  hc32f46x_interrupts.o [1]
IRQ122_Handler                0xbd7     0xe  Code  Gb  hc32f46x_interrupts.o [1]
IRQ123_Handler                0xbe5     0xe  Code  Gb  hc32f46x_interrupts.o [1]
IRQ124_Handler                0xbf3     0xe  Code  Gb  hc32f46x_interrupts.o [1]
IRQ125_Handler                0xc01     0xe  Code  Gb  hc32f46x_interrupts.o [1]
IRQ126_Handler                0xc0f     0xe  Code  Gb  hc32f46x_interrupts.o [1]
IRQ127_Handler                0xc1d     0xe  Code  Gb  hc32f46x_interrupts.o [1]
IRQ128_Handler                0xc2b    0xec  Code  Gb  hc32f46x_interrupts.o [1]
IRQ129_Handler                0xd25   0x33a  Code  Gb  hc32f46x_interrupts.o [1]
IRQ130_Handler               0x105f    0xa8  Code  Gb  hc32f46x_interrupts.o [1]
IRQ131_Handler               0x1107   0x1e2  Code  Gb  hc32f46x_interrupts.o [1]
IRQ132_Handler               0x12e9    0xf6  Code  Gb  hc32f46x_interrupts.o [1]
IRQ136_Handler               0x13df   0x238  Code  Gb  hc32f46x_interrupts.o [1]
IRQ137_Handler               0x1617   0x1d6  Code  Gb  hc32f46x_interrupts.o [1]
IRQ138_Handler               0x181d   0x17e  Code  Gb  hc32f46x_interrupts.o [1]
IRQ139_Handler               0x19ad    0xc4  Code  Gb  hc32f46x_interrupts.o [1]
IRQ140_Handler               0x1ab1   0x186  Code  Gb  hc32f46x_interrupts.o [1]
IRQ141_Handler               0x1c5d   0x1aa  Code  Gb  hc32f46x_interrupts.o [1]
IRQ142_Handler               0x1e15    0xc0  Code  Gb  hc32f46x_interrupts.o [1]
IRQ143_Handler               0x1ee9    0x9c  Code  Gb  hc32f46x_interrupts.o [1]
IrqHandler              0x2000'a0d4   0x200  Data  Gb  hc32f46x_interrupts.o [1]
LED0_Toggle                  0xadf1    0x96  Code  Gb  User_Gpio.o [1]
LED_Status              0x2000'a770     0x1  Data  Gb  User_Gpio.o [1]
Lvd1_IrqHandler               0x2cd     0x2  Code  Gb  User_PWC.o [1]
MSC_BOT_Abort                0x8f9d    0x3c  Code  Lc  usbd_msc_bot.o [1]
MSC_BOT_CplClrFeature        0x8fd9    0x28  Code  Gb  usbd_msc_bot.o [1]
MSC_BOT_Data            0x2000'4e8c  0x3000  Data  Gb  usbd_msc_bot.o [1]
MSC_BOT_DataIn               0x8e81    0x36  Code  Gb  usbd_msc_bot.o [1]
MSC_BOT_DataLen         0x2000'4e8a     0x2  Data  Gb  usbd_msc_bot.o [1]
MSC_BOT_DataOut              0x8eb7    0xba  Code  Gb  usbd_msc_bot.o [1]
MSC_BOT_DeInit               0x8e79     0x8  Code  Gb  usbd_msc_bot.o [1]
MSC_BOT_Init                 0x8e39    0x2c  Code  Gb  usbd_msc_bot.o [1]
MSC_BOT_Reset                0x8e65    0x14  Code  Gb  usbd_msc_bot.o [1]
MSC_BOT_SendCSW              0x8f71    0x22  Code  Gb  usbd_msc_bot.o [1]
MSC_BOT_State           0x2000'4e88     0x1  Data  Gb  usbd_msc_bot.o [1]
MSC_BOT_Status          0x2000'4e89     0x1  Data  Gb  usbd_msc_bot.o [1]
MSC_BOT_cbw             0x2000'a6b0    0x20  Data  Gb  usbd_msc_bot.o [1]
MSC_BOT_csw             0x2000'4e78    0x10  Data  Gb  usbd_msc_bot.o [1]
MSC_Mode_Sense10_data        0xc05c     0x8  Data  Gb  usbd_msc_data.o [1]
MSC_Mode_Sense6_data         0xc054     0x8  Data  Gb  usbd_msc_data.o [1]
MSC_Page00_Inquiry_Data
                             0xc04c     0x8  Data  Gb  usbd_msc_data.o [1]
MemManage_Handler             0x493     0x8  Code  Gb  hc32f46x_interrupts.o [1]
Myfile                  0x2000'9a5c   0x224  Data  Gb  Task_FileSystem.o [1]
NMI_Handler                   0x483     0x8  Code  Gb  hc32f46x_interrupts.o [1]
NMI_IrqHandler                0x2ab     0x6  Code  Gb  hc32f46x_exint_nmi_swi.o [1]
OLED_Clear                   0x9961    0x44  Code  Gb  OLED.o [1]
OLED_Display_On              0x97cd    0x1e  Code  Gb  OLED.o [1]
OLED_Init                    0x97eb    0xce  Code  Gb  OLED.o [1]
OLED_Port_init               0x9bf5    0x26  Code  Gb  OLED_port.o [1]
OLED_Refresh                 0x98b9    0xa8  Code  Gb  OLED.o [1]
OLED_ShowChar2               0x9a25   0x192  Code  Gb  OLED.o [1]
OLED_ShowString2             0x9bb7    0x2c  Code  Gb  OLED.o [1]
OLED_WR_Byte                 0x9cc5     0xa  Code  Gb  OLED_port.o [1]
PORT_DebugPortSetting        0x781d    0x26  Code  Gb  hc32f46x_gpio.o [1]
PORT_GetBit                  0x7843    0x14  Code  Gb  hc32f46x_gpio.o [1]
PORT_Init                    0x776d    0xb0  Code  Gb  hc32f46x_gpio.o [1]
PORT_ResetBits               0x7867     0x4  Code  Gb  hc32f46x_gpio.o [1]
PORT_SetBits                 0x7857     0x2  Code  Gb  hc32f46x_gpio.o [1]
PORT_SetFunc                 0x786b    0x60  Code  Gb  hc32f46x_gpio.o [1]
PWC_Fcg0PeriphClockCmd       0x6639    0x2c  Code  Gb  hc32f46x_pwc.o [1]
PWC_Fcg1PeriphClockCmd       0x6665    0x16  Code  Gb  hc32f46x_pwc.o [1]
PWC_Fcg3PeriphClockCmd       0x667b    0x16  Code  Gb  hc32f46x_pwc.o [1]
PendSV_Handler               0x29d5          Code  Gb  portasm.o [1]
QSPI_EnterDirectCommMode
                             0xacaf     0xc  Code  Gb  hc32f46x_qspi.o [1]
QSPI_ExitDirectCommMode
                             0xacbb     0xa  Code  Gb  hc32f46x_qspi.o [1]
QSPI_Init                    0xab99   0x106  Code  Gb  hc32f46x_qspi.o [1]
QSPI_ReadDirectCommValue
                             0xaca7     0x8  Code  Gb  hc32f46x_qspi.o [1]
QSPI_WriteDirectCommValue
                             0xac9f     0x2  Code  Gb  hc32f46x_qspi.o [1]
Region$$Table$$Base          0xbfc0           --   Gb  - Linker created -
Region$$Table$$Limit         0xbfec           --   Gb  - Linker created -
SCSI_CheckAddressRange       0x8bcb    0x38  Code  Lc  usbd_msc_scsi.o [1]
SCSI_ProcessCmd              0x8655   0x550  Code  Gb  usbd_msc_scsi.o [1]
SCSI_Sense              0x2000'a6d0    0x20  Data  Gb  usbd_msc_scsi.o [1]
SCSI_SenseCode               0x8ba5    0x26  Code  Gb  usbd_msc_scsi.o [1]
SCSI_Sense_Head         0x2000'a6f0     0x1  Data  Gb  usbd_msc_scsi.o [1]
SCSI_Sense_Tail         0x2000'a6f1     0x1  Data  Gb  usbd_msc_scsi.o [1]
SCSI_blk_addr           0x2000'a6f8     0x8  Data  Gb  usbd_msc_scsi.o [1]
SCSI_blk_len            0x2000'a708     0x4  Data  Gb  usbd_msc_scsi.o [1]
SCSI_blk_nbr            0x2000'a704     0x4  Data  Gb  usbd_msc_scsi.o [1]
SCSI_blk_size           0x2000'a700     0x4  Data  Gb  usbd_msc_scsi.o [1]
SDCARD_ReadBlocks            0x5bdd   0x23a  Code  Gb  sd_card.o [1]
SDCARD_WriteBlocks           0x5e1d   0x248  Code  Gb  sd_card.o [1]
SDIOC_ClearNormalIrqFlag
                             0x661b    0x16  Code  Gb  hc32f46x_sdioc.o [1]
SDIOC_ConfigData             0x6555    0xb4  Code  Gb  hc32f46x_sdioc.o [1]
SDIOC_GetNormalIrqFlag       0x660d     0x2  Code  Gb  hc32f46x_sdioc.o [1]
SDIOC_GetResponse            0x64c5     0x6  Code  Gb  hc32f46x_sdioc.o [1]
SDIOC_GetStatus              0x6609     0x4  Code  Gb  hc32f46x_sdioc.o [1]
SDIOC_ReadBuffer             0x64cb    0x42  Code  Gb  hc32f46x_sdioc.o [1]
SDIOC_SendCommand            0x6431    0x94  Code  Gb  hc32f46x_sdioc.o [1]
SDIOC_WriteBuffer            0x650d    0x48  Code  Gb  hc32f46x_sdioc.o [1]
SDMMC_Cmd13_SendStatus       0x60b1    0x66  Code  Gb  sdmmc_cmd.o [1]
SDMMC_Cmd16_SetBlockLength
                             0x6117    0x64  Code  Gb  sdmmc_cmd.o [1]
SDMMC_Cmd17_ReadSingleBlock
                             0x617b    0x64  Code  Gb  sdmmc_cmd.o [1]
SDMMC_Cmd18_ReadMultipleBlock
                             0x61df    0x64  Code  Gb  sdmmc_cmd.o [1]
SDMMC_Cmd24_WriteSingleBlock
                             0x6243    0x64  Code  Gb  sdmmc_cmd.o [1]
SDMMC_Cmd25_WriteMultipleBlock
                             0x62a7    0x64  Code  Gb  sdmmc_cmd.o [1]
SDMMC_GetCmdResp1            0x630b    0x38  Code  Lc  sdmmc_cmd.o [1]
SDMMC_WaitBusIdle            0x6343    0x38  Code  Lc  sdmmc_cmd.o [1]
SDMMC_WaitResponse           0x637b    0x9c  Code  Lc  sdmmc_cmd.o [1]
SD_ReadDisk                  0x5bd9     0x2  Code  Gb  User_SDIO.o [1]
SD_WriteDisk                 0x5bdb     0x2  Code  Gb  User_SDIO.o [1]
SEGGER_RTT_Write             0xa847    0x2e  Code  Gb  SEGGER_RTT.o [1]
SEGGER_RTT_WriteNoLock       0xa7ed    0x5a  Code  Gb  SEGGER_RTT.o [1]
SEGGER_RTT_printf            0xa6cd    0x14  Code  Gb  SEGGER_RTT_printf.o [1]
SEGGER_RTT_vprintf           0xa3df   0x2ea  Code  Gb  SEGGER_RTT_printf.o [1]
SET_TEST_MODE           0x2000'a750     0x4  Data  Gb  usbd_core.o [1]
SRAM_CK_Disable              0xb043     0x2  Code  Gb  hc32f46x_sram.o [1]
SRAM_CK_Enable               0xb04d     0x6  Code  Gb  hc32f46x_sram.o [1]
SRAM_WT_Disable              0xb039     0x4  Code  Gb  hc32f46x_sram.o [1]
SRAM_WT_Enable               0xb03d     0x6  Code  Gb  hc32f46x_sram.o [1]
STORAGE_GetCapacity          0xb923    0x18  Code  Gb  usbd_storage_msd.o [1]
STORAGE_GetMaxLun            0xb9c9     0x4  Code  Gb  usbd_storage_msd.o [1]
STORAGE_Init                 0xb909    0x1a  Code  Gb  usbd_storage_msd.o [1]
STORAGE_Inquirydata          0xbedc    0x48  Data  Gb  usbd_storage_msd.o [1]
STORAGE_IsReady              0xb93b     0xe  Code  Gb  usbd_storage_msd.o [1]
STORAGE_IsWriteProtected
                             0xb949     0x4  Code  Gb  usbd_storage_msd.o [1]
STORAGE_Read                 0xb94d    0x3a  Code  Gb  usbd_storage_msd.o [1]
STORAGE_Write                0xb987    0x3a  Code  Gb  usbd_storage_msd.o [1]
SVC_Handler                  0x2a2d          Code  Gb  portasm.o [1]
SdCardCheckReayForData       0x6081    0x30  Code  Lc  sd_card.o [1]
Set_ADC_Data                 0xb289     0x6  Code  Gb  User_ADC.o [1]
SysTick_Handler               0x4b3     0xe  Code  Gb  hc32f46x_interrupts.o [1]
SystemCoreClock         0x2000'124c     0x4  Data  Gb  system_hc32f46x.o [1]
SystemCoreClockUpdate        0x7fd1    0x80  Code  Gb  system_hc32f46x.o [1]
SystemInit                   0x7fcd     0x2  Code  Gb  system_hc32f46x.o [1]
Task_ADC                     0xb615    0x8e  Code  Lc  Task_ADC.o [1]
Task_ADC_Start               0xb6a5    0x1e  Code  Gb  Task_ADC.o [1]
Task_Display                 0xbd05    0x1e  Code  Lc  Task_display.o [1]
Task_Display_Start           0xbd25    0x1e  Code  Gb  Task_display.o [1]
Task_FS_Operation            0xba99    0x56  Code  Lc  Task_FileSystem.o [1]
Task_LED                     0xbcbd    0x14  Code  Lc  Task_LED.o [1]
Task_LED_Start               0xbcd1    0x1e  Code  Gb  Task_LED.o [1]
Task_START                   0xbc69    0x26  Code  Gb  User_Task.o [1]
Task_USB                     0xbd6d    0x3a  Code  Lc  Task_USB.o [1]
Task_USB_Start               0xbda9    0x1e  Code  Gb  Task_USB.o [1]
USBD_ClrCfg                  0x975f     0xe  Code  Gb  usbd_core.o [1]
USBD_CtlContinueRx           0x9039     0x4  Code  Gb  usbd_ioreq.o [1]
USBD_CtlContinueSendData
                             0x9029     0x4  Code  Gb  usbd_ioreq.o [1]
USBD_CtlError                0x9489    0x24  Code  Gb  usbd_req.o [1]
USBD_CtlReceiveStatus        0x9059    0x10  Code  Gb  usbd_ioreq.o [1]
USBD_CtlSendData             0x9015    0x14  Code  Gb  usbd_ioreq.o [1]
USBD_CtlSendStatus           0x9049    0x10  Code  Gb  usbd_ioreq.o [1]
USBD_DCD_INT_cb         0x2000'114c    0x2c  Data  Gb  usbd_core.o [1]
USBD_DCD_INT_fops       0x2000'1250     0x4  Data  Gb  usbd_core.o [1]
USBD_DataInStage             0x9627    0xaa  Code  Lc  usbd_core.o [1]
USBD_DataOutStage            0x959d    0x8a  Code  Lc  usbd_core.o [1]
USBD_DevConnected            0x9789    0x16  Code  Lc  usbd_core.o [1]
USBD_DevDisconnected         0x979f    0x20  Code  Lc  usbd_core.o [1]
USBD_DeviceDesc         0x2000'121c    0x14  Data  Gb  usbd_desc.o [1]
USBD_GetRxCount              0x9069    0x10  Code  Gb  usbd_ioreq.o [1]
USBD_GetStatus               0x9413    0x22  Code  Lc  usbd_req.o [1]
USBD_GetString               0x94ad    0x48  Code  Gb  usbd_req.o [1]
USBD_Init                    0x9519    0x38  Code  Gb  usbd_core.o [1]
USBD_IsoINIncomplete         0x976d     0xe  Code  Lc  usbd_core.o [1]
USBD_IsoOUTIncomplete        0x977b     0xe  Code  Lc  usbd_core.o [1]
USBD_LangIDDesc         0x2000'1254     0x4  Data  Gb  usbd_desc.o [1]
USBD_MICRO_SDIO_fops    0x2000'11c4    0x20  Data  Gb  usbd_storage_msd.o [1]
USBD_MSC_AltSet         0x2000'a765     0x1  Data  Lc  usbd_msc_core.o [1]
USBD_MSC_CfgDesc        0x2000'11a4    0x20  Data  Gb  usbd_msc_core.o [1]
USBD_MSC_DataIn              0xb15d     0xa  Code  Gb  usbd_msc_core.o [1]
USBD_MSC_DataOut             0xb167     0xa  Code  Gb  usbd_msc_core.o [1]
USBD_MSC_DeInit              0xb087    0x1c  Code  Gb  usbd_msc_core.o [1]
USBD_MSC_GetCfgDesc          0xb171     0x8  Code  Gb  usbd_msc_core.o [1]
USBD_MSC_Init                0xb05d    0x2a  Code  Gb  usbd_msc_core.o [1]
USBD_MSC_MaxLun         0x2000'a764     0x1  Data  Lc  usbd_msc_core.o [1]
USBD_MSC_Setup               0xb0a3    0xba  Code  Gb  usbd_msc_core.o [1]
USBD_MSC_cb             0x2000'1178    0x2c  Data  Gb  usbd_msc_core.o [1]
USBD_OTG_ISR_Handler         0x7271   0x4a0  Code  Gb  usb_dcd_int.o [1]
USBD_ParseSetupRequest       0x944d    0x3c  Code  Gb  usbd_req.o [1]
USBD_Reset                   0x96d5    0x2e  Code  Lc  usbd_core.o [1]
USBD_Resume                  0x9703    0x1c  Code  Lc  usbd_core.o [1]
USBD_SOF                     0x9739    0x10  Code  Lc  usbd_core.o [1]
USBD_STORAGE_fops       0x2000'1258     0x4  Data  Gb  usbd_storage_msd.o [1]
USBD_SetCfg                  0x9749    0x16  Code  Gb  usbd_core.o [1]
USBD_SetConfig::cfgidx  0x2000'a734     0x1  Data  Lc  usbd_req.o [1]
USBD_SetupStage              0x9551    0x4c  Code  Lc  usbd_core.o [1]
USBD_StdDevReq               0x9079   0x244  Code  Gb  usbd_req.o [1]
USBD_StdEPReq                0x931b    0xf8  Code  Gb  usbd_req.o [1]
USBD_StdItfReq               0x92bd    0x5e  Code  Gb  usbd_req.o [1]
USBD_StrDesc            0x2000'a650    0x40  Data  Gb  usbd_req.o [1]
USBD_Suspend                 0x971f    0x1a  Code  Lc  usbd_core.o [1]
USBD_USR_ConfigStrDescriptor
                             0xb571     0xa  Code  Gb  usbd_desc.o [1]
USBD_USR_DeviceConfigured
                             0xb44d     0x6  Code  Gb  usbd_usr.o [1]
USBD_USR_DeviceConnected
                             0xb465     0xe  Code  Gb  usbd_usr.o [1]
USBD_USR_DeviceDescriptor
                             0xb525     0x8  Code  Gb  usbd_desc.o [1]
USBD_USR_DeviceDisconnected
                             0xb475     0xe  Code  Gb  usbd_usr.o [1]
USBD_USR_DeviceReset         0xb437    0x16  Code  Gb  usbd_usr.o [1]
USBD_USR_DeviceResumed       0xb45d     0x6  Code  Gb  usbd_usr.o [1]
USBD_USR_DeviceSuspended
                             0xb455     0x6  Code  Gb  usbd_usr.o [1]
USBD_USR_Init                0xb431     0x6  Code  Gb  usbd_usr.o [1]
USBD_USR_InterfaceStrDescriptor
                             0xb585     0xc  Code  Gb  usbd_desc.o [1]
USBD_USR_LangIDStrDescriptor
                             0xb52d     0x8  Code  Gb  usbd_desc.o [1]
USBD_USR_ManufacturerStrDescriptor
                             0xb54d     0xc  Code  Gb  usbd_desc.o [1]
USBD_USR_ProductStrDescriptor
                             0xb535    0x16  Code  Gb  usbd_desc.o [1]
USBD_USR_SerialStrDescriptor
                             0xb559    0x16  Code  Gb  usbd_desc.o [1]
USBD_cfg_status         0x2000'a758     0x4  Data  Gb  usbd_req.o [1]
USBD_default_cfg        0x2000'a738     0x4  Data  Gb  usbd_req.o [1]
USBD_ep_status          0x2000'a754     0x4  Data  Gb  usbd_req.o [1]
USB_IRQ_Handler              0x716d     0x6  Code  Gb  usb_bsp_template.o [1]
USB_OTG_BSP_EnableInterrupt
                             0x71db    0x68  Code  Gb  usb_bsp_template.o [1]
USB_OTG_BSP_Init             0x7175    0x66  Code  Gb  usb_bsp_template.o [1]
USB_OTG_BSP_mDelay           0x725f     0x2  Code  Gb  usb_bsp_template.o [1]
USB_OTG_BSP_uDelay           0x725d     0x2  Code  Gb  usb_bsp_template.o [1]
USB_OTG_CoreInit             0x6b99    0x5a  Code  Gb  usb_core.o [1]
USB_OTG_CoreInitDev          0x6c99    0xb2  Code  Gb  usb_core.o [1]
USB_OTG_CoreReset            0x6a11    0x58  Code  Lc  usb_core.o [1]
USB_OTG_DisableGlobalInt
                             0x6bfd     0x8  Code  Gb  usb_core.o [1]
USB_OTG_EP0Activate          0x6d81    0x34  Code  Gb  usb_core.o [1]
USB_OTG_EP0StartXfer         0x6f95    0xe8  Code  Gb  usb_core.o [1]
USB_OTG_EP0_OutStart         0x7105    0x32  Code  Gb  usb_core.o [1]
USB_OTG_EPActivate           0x6db5    0x5a  Code  Gb  usb_core.o [1]
USB_OTG_EPClearStall         0x70ab    0x30  Code  Gb  usb_core.o [1]
USB_OTG_EPDeactivate         0x6e15    0x2e  Code  Gb  usb_core.o [1]
USB_OTG_EPSetStall           0x707d    0x2e  Code  Gb  usb_core.o [1]
USB_OTG_EPStartXfer          0x6e43   0x152  Code  Gb  usb_core.o [1]
USB_OTG_EnableDevInt         0x6d4b    0x34  Code  Gb  usb_core.o [1]
USB_OTG_EnableGlobalInt
                             0x6bf3     0xa  Code  Gb  usb_core.o [1]
USB_OTG_FlushRxFifo          0x6c41    0x2c  Code  Gb  usb_core.o [1]
USB_OTG_FlushTxFifo          0x6c0b    0x36  Code  Gb  usb_core.o [1]
USB_OTG_GetDeviceSpeed       0x6aa9    0x26  Code  Gb  usb_core.o [1]
USB_OTG_IsDeviceMode         0x6acf     0xe  Code  Gb  usb_core.o [1]
USB_OTG_ReadCoreItr          0x6add     0xa  Code  Gb  usb_core.o [1]
USB_OTG_ReadDevAllInEPItr
                             0x70f9     0xc  Code  Gb  usb_core.o [1]
USB_OTG_ReadDevAllOutEp_itr
                             0x70db     0xc  Code  Gb  usb_core.o [1]
USB_OTG_ReadDevOutEP_itr
                             0x70e7    0x12  Code  Gb  usb_core.o [1]
USB_OTG_ReadPacket           0x6a8f    0x18  Code  Gb  usb_core.o [1]
USB_OTG_SelectCore           0x6ae7    0xb2  Code  Gb  usb_core.o [1]
USB_OTG_SetCurrentMode       0x6c77    0x22  Code  Gb  usb_core.o [1]
USB_OTG_WritePacket          0x6a69    0x26  Code  Gb  usb_core.o [1]
USB_OTG_dev             0x2000'8e8c   0x4e0  Data  Gb  main.o [1]
USB_STATUS_REG          0x2000'a76b     0x1  Data  Gb  usbd_storage_msd.o [1]
USR_cb                  0x2000'1200    0x1c  Data  Gb  usbd_usr.o [1]
USR_desc                0x2000'11e4    0x1c  Data  Gb  usbd_desc.o [1]
UsageFault_Handler            0x4a3     0x8  Code  Gb  hc32f46x_interrupts.o [1]
User_ADC_Init                0xb2a1    0xa0  Code  Gb  User_ADC.o [1]
User_DCU_Init                0xb6fd    0x7c  Code  Gb  User_DCU.o [1]
User_DMA_Init                0xb1a9    0xc2  Code  Gb  User_DMA.o [1]
User_Gpio_Init               0xacdd   0x112  Code  Gb  User_Gpio.o [1]
User_Task_Create             0xbc8f    0x20  Code  Gb  User_Task.o [1]
W25QXX_BUFFER           0x2000'7e8c  0x1000  Data  Gb  w25qxx.o [1]
W25QXX_Erase_Sector          0xab31    0x68  Code  Gb  w25qxx.o [1]
W25QXX_Init                  0xa895    0x9a  Code  Gb  w25qxx.o [1]
W25QXX_Read                  0xa963    0x40  Code  Gb  w25qxx.o [1]
W25QXX_ReadID                0xa92f    0x34  Code  Gb  w25qxx.o [1]
W25QXX_TYPE             0x2000'125c     0x2  Data  Gb  w25qxx.o [1]
W25QXX_Write                 0xaa49    0xde  Code  Gb  w25qxx.o [1]
W25QXX_Write_NoCheck         0xaa07    0x42  Code  Gb  w25qxx.o [1]
W25QXX_Write_Page            0xa9a3    0x64  Code  Gb  w25qxx.o [1]
Write_IIC_Command            0x9c1b    0x50  Code  Gb  OLED_port.o [1]
Write_IIC_Data               0x9c6b    0x50  Code  Gb  OLED_port.o [1]
_DoInit                      0xa6f1    0x54  Code  Lc  SEGGER_RTT.o [1]
_Encoding_8859_1_Mbrlen
                             0x3b5d     0x2  Code  Gb  xencoding_8859_1.o [2]
_Encoding_8859_1_Wctomb
                             0x3b4b    0x12  Code  Gb  xencoding_8859_1.o [2]
_GetAvailWriteSpace          0xa7d3    0x1a  Code  Lc  SEGGER_RTT.o [1]
_LitobFull                   0x3997   0x10a  Code  Lc  xprintffull.o [2]
_Locale_lconv           0x2000'1114    0x38  Data  Lc  xlocale_c.o [2]
_PrintUnsigned               0xa313    0xcc  Code  Lc  SEGGER_RTT_printf.o [1]
_PrintUnsigned::_aV2C        0xa6e0    0x10  Data  Lc  SEGGER_RTT_printf.o [1]
_PrintfFull                  0x2a85   0xcc4  Code  Gb  xprintffull.o [2]
_Prout                       0xc01f    0x16  Code  Gb  xprout.o [2]
_PutcharsFull                0x3b09    0x2e  Code  Lc  xprintffull.o [2]
_PutstrFull                  0x38d7    0xc0  Code  Lc  xprintffull.o [2]
_PuttxtFull                  0x37cb   0x10c  Code  Lc  xprintffull.o [2]
_SEGGER_RTT             0x2000'936c    0xa8  Data  Gb  SEGGER_RTT.o [1]
_SProut                      0x3bfb     0xa  Code  Gb  xsprout.o [2]
_StoreChar                   0xa2d5    0x3e  Code  Lc  SEGGER_RTT_printf.o [1]
_WriteBlocking               0xa745    0x54  Code  Lc  SEGGER_RTT.o [1]
_WriteNoCheck                0xa799    0x3a  Code  Lc  SEGGER_RTT.o [1]
__aeabi_cdcmple              0x3ded          Code  Gb  DblCmpLe.o [3]
__aeabi_cdrcmple             0x3e1d          Code  Gb  DblCmpGe.o [3]
__aeabi_d2iz                 0x3f89          Code  Gb  DblToS32.o [3]
__aeabi_d2uiz                0x4315          Code  Gb  DblToU32.o [3]
__aeabi_ddiv                 0x40cd          Code  Gb  DblDiv.o [3]
__aeabi_dmul                 0x4359          Code  Gb  DblMul.o [3]
__aeabi_dsub                 0x3fe9          Code  Gb  DblSub.o [3]
__aeabi_i2d                  0x3fc5          Code  Gb  S32ToDbl.o [3]
__aeabi_ldiv0                0x48a9          Code  Gb  I64DivZer.o [4]
__aeabi_memclr               0x5b3d          Code  Gb  ABImemclr.o [4]
__aeabi_memclr4              0x69d5          Code  Gb  ABImemclr4.o [4]
__aeabi_memcpy               0x3cd5          Code  Gb  ABImemcpy.o [4]
__aeabi_memcpy4              0x3cf5          Code  Gb  ABImemcpy.o [4]
__aeabi_memcpy8              0x3cf5          Code  Gb  ABImemcpy.o [4]
__aeabi_memset               0x5b45          Code  Gb  ABImemset.o [4]
__aeabi_ui2d                 0x433d          Code  Gb  U32ToDbl.o [3]
__aeabi_uldivmod             0x4505          Code  Gb  I64DivMod.o [4]
__cmain                      0xbfed          Code  Gb  cmain.o [4]
__exit                       0x48ad    0x14  Code  Gb  exit.o [5]
__iar_Fail_s                 0x3c05    0x1c  Code  Gb  xfail_s.o [2]
__iar_Mbcurmax               0x44fb     0xa  Code  Gb  xmbcurmax.o [2]
__iar_Memchr                 0x3c7d          Code  Gb  memchr.o [4]
__iar_Memset                 0x5b45          Code  Gb  ABImemset.o [4]
__iar_Memset4_word           0x69dd          Code  Gb  ABImemset48.o [4]
__iar_Memset8_word           0x69dd          Code  Gb  ABImemset48.o [4]
__iar_Memset_word            0x5b4d          Code  Gb  ABImemset.o [4]
__iar_Stdout            0x2000'10cc    0x48  Data  Gb  xfiles.o [2]
__iar_Strchr                 0x3be5          Code  Gb  strchr.o [4]
__iar_dadd                   0x3ff9          Code  Gb  DblSub.o [3]
__iar_data_init3             0xbf75    0x28  Code  Gb  data_init.o [4]
__iar_dsub                   0x473d          Code  Gb  DblAdd.o [3]
__iar_dsubStart              0x474f          Code  Gb  DblAdd.o [3]
__iar_frexp                  0x3d89          Code  Gb  frexp.o [3]
__iar_frexpl                 0x3d89          Code  Gb  frexp.o [3]
__iar_globLocale        0x2000'1084    0x48  Data  Lc  xlocale_c.o [2]
__iar_global_Locale          0x3b69     0x4  Code  Gb  xlocale_c.o [2]
__iar_init_vfp               0xbf9d          Code  Gb  fpinit_M.o [3]
__iar_ldexp64                0x3e4d          Code  Gb  ldexp.o [3]
__iar_packbits_init3         0xbb45    0x9c  Code  Gb  packbits_init.o [4]
__iar_program_start          0xc041          Code  Gb  cstartup_M.o [4]
__iar_scalbln64              0x3e4d          Code  Gb  ldexp.o [3]
__iar_scalbn64               0x3e4d          Code  Gb  ldexp.o [3]
__iar_softfp___iar_frexp64
                             0x3d7d          Code  Gb  frexp.o [3]
__iar_softfp_frexp           0x3d7d          Code  Gb  frexp.o [3]
__iar_softfp_frexpl          0x3d7d          Code  Gb  frexp.o [3]
__iar_zero_init3              0x2cf    0x3a  Code  Gb  zero_init3.o [4]
__low_level_init             0xc00b     0x4  Code  Gb  low_level_init.o [2]
__vector_table                  0x0          Data  Gb  startup_hc32f46x.o [1]
_acDownBuffer           0x2000'9814    0x10  Data  Lc  SEGGER_RTT.o [1]
_acUpBuffer             0x2000'9414   0x400  Data  Lc  SEGGER_RTT.o [1]
_call_main                   0xbff9          Code  Gb  cmain.o [4]
_exit                        0xc015          Code  Gb  cexit.o [4]
_gLocale_mblen               0x3bd1     0x4  Code  Gb  xlocale_c.o [2]
_gLocale_mblenInt            0x3b95    0x2c  Code  Gb  xlocale_c.o [2]
_gLocale_wctomb              0x3bd5     0x4  Code  Gb  xlocale_c.o [2]
_gLocale_wctombInt           0x3bcd     0x4  Code  Gb  xlocale_c.o [2]
_main                        0xc007          Code  Gb  cmain.o [4]
abort                        0x4735     0x6  Code  Gb  abort.o [2]
bDeviceState            0x2000'a76c     0x1  Data  Gb  usbd_usr.o [1]
cdev                    0x2000'a70c     0x4  Data  Gb  usbd_msc_scsi.o [1]
check_fs                     0x526d    0x62  Code  Lc  ff.o [1]
chk_mounted                  0x52cf   0x24a  Code  Gb  ff.o [1]
clust2sect                   0x4d75    0x1a  Code  Gb  ff.o [1]
create_chain                 0x4ce9    0x8c  Code  Lc  ff.o [1]
create_name::cvt             0xbdf0    0x80  Data  Lc  ff.o [1]
dir_next                     0x4e19   0x196  Code  Lc  ff.o [1]
dir_register                 0x4faf    0x6a  Code  Lc  ff.o [1]
dir_seek                     0x4d8f    0x8a  Code  Lc  ff.o [1]
disk_initialize              0x597d    0x12  Code  Gb  diskio.o [1]
disk_ioctl                   0x5a21    0x4e  Code  Gb  diskio.o [1]
disk_read                    0x5999    0x46  Code  Gb  diskio.o [1]
disk_status                  0x5971     0xc  Code  Gb  diskio.o [1]
disk_write                   0x59e1    0x3e  Code  Gb  diskio.o [1]
display_Char            0x2000'a2d4   0x200  Data  Gb  OLED.o [1]
display_Line            0x2000'9cd4   0x200  Data  Gb  OLED.o [1]
display_data            0x2000'9ed4   0x200  Data  Gb  OLED.o [1]
enIrqRegistration             0x421    0x62  Code  Gb  hc32f46x_interrupts.o [1]
enable_sdio_hw               0x5bd7     0x2  Code  Gb  User_SDIO.o [1]
exit                         0xc00f     0x4  Code  Gb  exit.o [2]
f_close                      0x590d    0x12  Code  Gb  ff.o [1]
f_gets                       0x592b    0x44  Code  Gb  ff.o [1]
f_mount                      0x5547    0x22  Code  Gb  ff.o [1]
f_open                       0x557d   0x14a  Code  Gb  ff.o [1]
f_read                       0x56cd   0x194  Code  Gb  ff.o [1]
f_sync                       0x5861    0xac  Code  Gb  ff.o [1]
flag_DCU1_INT           0x2000'a76d     0x1  Data  Gb  User_DCU.o [1]
flag_key0               0x2000'a76e     0x1  Data  Gb  User_Gpio.o [1]
flag_key1               0x2000'a76f     0x1  Data  Gb  User_Gpio.o [1]
follow_path                  0x5019   0x246  Code  Lc  ff.o [1]
fputc                        0x9cd1    0x12  Code  Gb  hc32f46x_utility.o [1]
fr                      0x2000'9824     0x1  Data  Gb  Task_FileSystem.o [1]
get_fat                      0x4a15    0xc6  Code  Gb  ff.o [1]
get_fattime                  0x5a75     0x4  Code  Gb  diskio.o [1]
hd_sdio_hw_init              0x5bd5     0x2  Code  Gb  User_SDIO.o [1]
insertdisplaydata            0x99a5    0x80  Code  Gb  OLED.o [1]
key0_int_callback            0xacd1     0x4  Code  Gb  User_Gpio.o [1]
key1_int_callback            0xacd5     0x2  Code  Gb  User_Gpio.o [1]
ldexp                        0x3e4d          Code  Gb  ldexp.o [3]
ldexpl                       0x3e4d          Code  Gb  ldexp.o [3]
line                    0x2000'9c80    0x54  Data  Gb  Task_FileSystem.o [1]
localeconv                   0x3bd9     0x4  Code  Gb  xlocale_c.o [2]
m_stcCardInitCfg        0x2000'0800    0x10  Data  Lc  User_SDIO.o [1]
m_stcDmaInitCfg         0x2000'1244     0x8  Data  Lc  User_SDIO.o [1]
m_stcSdhandle           0x2000'0810    0x74  Data  Gb  User_SDIO.o [1]
m_u32ReadBlocks         0x2000'0000   0x800  Data  Lc  User_SDIO.o [1]
m_u32WriteBlocks        0x2000'0884   0x800  Data  Lc  User_SDIO.o [1]
main                         0xbbe1    0x58  Code  Gb  main.o [1]
mem_cpy                      0x48c1    0x10  Code  Lc  ff.o [1]
memchr                       0x3c7d          Code  Gb  memchr.o [4]
move_window                  0x48d1    0x66  Code  Lc  ff.o [1]
num                     0x2000'a720     0x1  Data  Gb  Task_ADC.o [1]
obuf                    0x2000'a600    0x50  Data  Lc  xfiles.o [2]
osSystickHandler              0x2b9    0x14  Code  Gb  cmsis_os.o [1]
pfnNmiCallback          0x2000'a73c     0x4  Data  Lc  hc32f46x_exint_nmi_swi.o [1]
printf                       0x5bad    0x28  Code  Gb  printf.o [2]
prvIdleTask                  0x2591    0x6a  Code  Lc  tasks.o [1]
prvInsertBlockIntoFreeList
                             0x2987    0x48  Code  Lc  heap_4.o [1]
prvResetNextTaskUnblockTime
                             0x25fb    0x1a  Code  Lc  tasks.o [1]
prvTaskExitError             0x2671    0x1c  Code  Lc  port.o [1]
put_fat                      0x4ae3    0xe8  Code  Gb  ff.o [1]
putchar                      0xc035     0xc  Code  Gb  putchar.o [2]
pvPortMalloc                 0x2811   0x11e  Code  Gb  heap_4.o [1]
pxCurrentTCB            0x2000'a4fc     0x4  Data  Gb  tasks.o [1]
pxDelayedTaskList       0x2000'a500     0x4  Data  Lc  tasks.o [1]
pxEnd                   0x2000'1268     0x4  Data  Lc  heap_4.o [1]
pxOverflowDelayedTaskList
                        0x2000'a504     0x4  Data  Lc  tasks.o [1]
pxPortInitialiseStack        0x2649    0x26  Code  Gb  port.o [1]
pxReadyTasksLists       0x2000'a574    0x8c  Data  Lc  tasks.o [1]
remove_chain                 0x4bcb   0x11e  Code  Lc  ff.o [1]
scalbln                      0x3e4d          Code  Gb  ldexp.o [3]
scalblnl                     0x3e4d          Code  Gb  ldexp.o [3]
scalbn                       0x3e4d          Code  Gb  ldexp.o [3]
scalbnl                      0x3e4d          Code  Gb  ldexp.o [3]
scale                        0x3aa1    0x46  Code  Lc  xprintffull.o [2]
sec_hand                0x2000'a760     0x4  Data  Lc  xfail_s.o [2]
sprintf                      0xb811    0x40  Code  Gb  sprintf.o [2]
strchr                       0x3be5          Code  Gb  strchr.o [4]
string                  0x2000'a710    0x10  Data  Gb  Task_ADC.o [1]
strlen                       0x3c45          Code  Gb  strlen.o [4]
sync                         0x4937    0xde  Code  Lc  ff.o [1]
system_clk_init              0xaea1   0x14c  Code  Gb  System_Clk.o [1]
u32ICG                        0x400    0x20  Data  Gb  hc32f46x_icg.o [1]
u8FreqDiv               0x2000'123c     0x8  Data  Lc  hc32f46x_i2c.o [1]
ucHeap                  0x2000'1278  0x3c00  Data  Lc  heap_4.o [1]
ucMaxSysCallPriority    0x2000'1230     0x1  Data  Lc  port.o [1]
ulMaxPRIGROUPValue      0x2000'1238     0x4  Data  Lc  port.o [1]
uxCriticalNesting       0x2000'1234     0x4  Data  Lc  port.o [1]
uxCurrentNumberOfTasks  0x2000'a520     0x4  Data  Lc  tasks.o [1]
uxDeletedTasksWaitingCleanUp
                        0x2000'a508     0x4  Data  Lc  tasks.o [1]
uxListRemove                  0x379    0x24  Code  Gb  list.o [1]
uxPendedTicks           0x2000'a530     0x4  Data  Lc  tasks.o [1]
uxSchedulerSuspended    0x2000'a544     0x4  Data  Lc  tasks.o [1]
uxTaskNumber            0x2000'a53c     0x4  Data  Lc  tasks.o [1]
uxTopReadyPriority      0x2000'a528     0x4  Data  Lc  tasks.o [1]
vListInitialise               0x309    0x1a  Code  Gb  list.o [1]
vListInitialiseItem           0x323     0x6  Code  Gb  list.o [1]
vListInsert                   0x345    0x34  Code  Gb  list.o [1]
vListInsertEnd                0x329    0x1c  Code  Gb  list.o [1]
vPortEnableVFP               0x2a69          Code  Gb  portasm.o [1]
vPortEnterCritical           0x274f    0x32  Code  Gb  port.o [1]
vPortExitCritical            0x2781    0x22  Code  Gb  port.o [1]
vPortFree                    0x292f    0x58  Code  Gb  heap_4.o [1]
vPortStartFirstTask          0x2a49          Code  Gb  portasm.o [1]
vTaskDelay                   0x22d9    0x7e  Code  Gb  tasks.o [1]
vTaskDelete                  0x222d    0xac  Code  Gb  tasks.o [1]
vTaskStartScheduler          0x2357    0x62  Code  Gb  tasks.o [1]
vTaskSuspendAll              0x23b9     0xc  Code  Gb  tasks.o [1]
vTaskSwitchContext           0x253b    0x54  Code  Gb  tasks.o [1]
validate                     0x551f    0x28  Code  Lc  ff.o [1]
xBlockAllocatedBit      0x2000'1274     0x4  Data  Lc  heap_4.o [1]
xDelayedTaskList1       0x2000'a548    0x14  Data  Lc  tasks.o [1]
xDelayedTaskList2       0x2000'a55c    0x14  Data  Lc  tasks.o [1]
xFreeBytesRemaining     0x2000'126c     0x4  Data  Lc  heap_4.o [1]
xIdleTaskHandle         0x2000'a570     0x4  Data  Lc  tasks.o [1]
xMinimumEverFreeBytesRemaining
                        0x2000'1270     0x4  Data  Lc  heap_4.o [1]
xNextTaskUnblockTime    0x2000'a540     0x4  Data  Lc  tasks.o [1]
xNumOfOverflows         0x2000'a538     0x4  Data  Lc  tasks.o [1]
xPendingReadyList       0x2000'a4d4    0x14  Data  Lc  tasks.o [1]
xPortStartScheduler          0x268d    0xc2  Code  Gb  port.o [1]
xPortSysTickHandler          0x27a3    0x26  Code  Gb  port.o [1]
xQueueGenericCreate          0xb789    0x86  Code  Gb  queue.o [1]
xQueue_ADC              0x2000'a724     0x4  Data  Gb  Task_ADC.o [1]
xSchedulerRunning       0x2000'a52c     0x4  Data  Lc  tasks.o [1]
xStart                  0x2000'1260     0x8  Data  Lc  heap_4.o [1]
xSuspendedTaskList      0x2000'a50c    0x14  Data  Lc  tasks.o [1]
xTaskCreate                  0x2081   0x1ac  Code  Gb  tasks.o [1]
xTaskGetSchedulerState       0x2615    0x18  Code  Gb  tasks.o [1]
xTaskIncrementTick           0x2477    0xc4  Code  Gb  tasks.o [1]
xTaskResumeAll               0x23c5    0xb2  Code  Gb  tasks.o [1]
xTasksWaitingTermination
                        0x2000'a4e8    0x14  Data  Lc  tasks.o [1]
xTickCount              0x2000'a524     0x4  Data  Lc  tasks.o [1]
xYieldPending           0x2000'a534     0x4  Data  Lc  tasks.o [1]


[1] = D:\00-githubFiles\HC32F460_FreeRTOS\HC32F460Temp_FreeRTOS\Debug\Obj
[2] = dl7M_tlf.a
[3] = m7M_tls.a
[4] = rt7M_tl.a
[5] = shb_l.a

  47'229 bytes of readonly  code memory
   2'356 bytes of readonly  data memory (+ 32 absolute)
  43'887 bytes of readwrite data memory

Errors: none
Warnings: none
