<html>
<body>
<pre>
<h1>µVision Build Log</h1>
<h2>Tool Versions:</h2>
IDE-Version: ¦ÌVision V5.28.0.0
Copyright (C) 2019 ARM Ltd and ARM Germany GmbH. All rights reserved.
License Information: fda User, fda , LIC=SDA12-96PAJ-QD8KD-849S8-HME3R-ZX9XP
 
Tool Versions:
Toolchain:       MDK-ARM Plus  Version: 5.28.0.0
Toolchain Path:  C:\Keil_v5\ARM\ARMCC\Bin
C Compiler:      Armcc.exe V5.06 update 6 (build 750)
Assembler:       Armasm.exe V5.06 update 6 (build 750)
Linker/Locator:  ArmLink.exe V5.06 update 6 (build 750)
Library Manager: ArmAr.exe V5.06 update 6 (build 750)
Hex Converter:   FromElf.exe V5.06 update 6 (build 750)
CPU DLL:         SARMCM3.DLL V5.28.0.0
Dialog DLL:      DCM.DLL V1.17.3.0
Target DLL:      Segger\JL2CM3.dll V2.99.36.0
Dialog DLL:      TCM.DLL V1.36.2.0
 
<h2>Project:</h2>
C:\03-githubFiles\HC32F460_FreeRTOS\HC32F460Temp_FreeRTOS\HC32F460Temp.uvprojx
Project File Date:  11/25/2019

<h2>Output:</h2>
*** Using Compiler 'V5.06 update 6 (build 750)', folder: 'C:\Keil_v5\ARM\ARMCC\Bin'
Build target 'HC32F460'
compiling hc32f46x_aes.c...
compiling hc32f46x_dcu.c...
compiling hc32f46x_can.c...
compiling hc32f46x_clk.c...
compiling hc32f46x_cmp.c...
compiling hc32f46x_dmac.c...
compiling hc32f46x_adc.c...
compiling hc32f46x_exint_nmi_swi.c...
compiling hc32f46x_hash.c...
compiling hc32f46x_event_port.c...
compiling hc32f46x_emb.c...
compiling hc32f46x_efm.c...
compiling hc32f46x_i2c.c...
compiling hc32f46x_gpio.c...
compiling hc32f46x_icg.c...
compiling hc32f46x_i2s.c...
compiling hc32f46x_mpu.c...
compiling hc32f46x_keyscan.c...
compiling hc32f46x_ots.c...
compiling hc32f46x_pwc.c...
compiling hc32f46x_interrupts.c...
compiling hc32f46x_qspi.c...
compiling hc32f46x_spi.c...
compiling hc32f46x_sram.c...
compiling hc32f46x_rmu.c...
compiling hc32f46x_rtc.c...
compiling hc32f46x_swdt.c...
compiling hc32f46x_sdioc.c...
compiling hc32f46x_timer4_sevt.c...
compiling hc32f46x_timer4_cnt.c...
compiling hc32f46x_timer4_pwm.c...
compiling hc32f46x_timer0.c...
compiling hc32f46x_timer4_emb.c...
compiling hc32f46x_timer6.c...
compiling hc32f46x_timer4_oco.c...
compiling hc32f46x_utility.c...
compiling hc32f46x_trng.c...
compiling hc32f46x_timera.c...
compiling usbd_desc.c...
compiling hc32f46x_usart.c...
compiling usb_core.c...
compiling usb_dcd.c...
compiling usb_dcd_int.c...
compiling hc32f46x_wdt.c...
compiling usb_otg.c...
compiling usbd_ioreq.c...
compiling usbd_core.c...
compiling usbd_req.c...
compiling usbd_hid_core.c...
compiling usb_bsp_template.c...
compiling main.c...
compiling system_hc32f46x.c...
compiling usbd_urs.c...
compiling User_Gpio.c...
compiling User_SPI.c...
compiling User_OTS.c...
compiling System_Clk.c...
compiling User_ADC.c...
compiling User_CAN.c...
compiling User_Crypto.c...
PeripheralDriver\User_Crypto.c(38): warning:  #177-D: variable "u32CiphertextSize"  was declared but never referenced
  		uint32_t u32CiphertextSize;
PeripheralDriver\User_Crypto.c(5): warning:  #177-D: variable "pu8Plaintext1"  was declared but never referenced
  const static uint8_t *pu8Plaintext1 = "123";//"123abcdefg456789";
PeripheralDriver\User_Crypto.c(15): warning:  #177-D: variable "u8SrcData3"  was declared but never referenced
  static uint8_t u8SrcData3[] = \
PeripheralDriver\User_Crypto.c(24): warning:  #177-D: variable "u8HashMsgDigest3"  was declared but never referenced
  static uint8_t u8HashMsgDigest3[HASH_MSG_DIGEST_SIZE];
PeripheralDriver\User_Crypto.c: 4 warnings, 0 errors
compiling User_DMA.c...
compiling User_DCU.c...
compiling User_I2C.c...
PeripheralDriver\User_I2C.c(180): warning:  #177-D: function "E2_SendAdrRevData"  was declared but never referenced
  static uint8_t E2_SendAdrRevData(uint8_t u8Adr, uint8_t *pRxData, uint32_t u32Size)
PeripheralDriver\User_I2C.c: 1 warning, 0 errors
compiling User_I2S.c...
compiling User_PWC.c...
compiling User_RTC.c...
compiling User_Timer.c...
compiling User_Timer4.c...
PeripheralDriver\User_Timer4.c(17): warning:  #550-D: variable "m_au16OccrVal"  was set but never used
  static uint16_t m_au16OccrVal[ ] = {6250, 12500, 25000, 25000};
PeripheralDriver\User_Timer4.c: 1 warning, 0 errors
compiling User_TRNG.c...
compiling User_Timer6.c...
PeripheralDriver\User_Timer6.c(27): warning:  #177-D: variable "stcPortInit"  was declared but never referenced
      stc_port_init_t                  stcPortInit;
PeripheralDriver\User_Timer6.c: 1 warning, 0 errors
compiling User_TimerA.c...
PeripheralDriver\User_TimerA.c(43): warning:  #550-D: variable "u8ExIntFlag"  was set but never used
  static uint32_t u8ExIntFlag = 0, u8TmraUnit1Cnt = 0;
PeripheralDriver\User_TimerA.c: 1 warning, 0 errors
compiling User_SDIO.c...
PeripheralDriver\User_SDIO.c(98): warning:  #550-D: variable "enTestResult"  was set but never used
      en_result_t enTestResult = Ok;
PeripheralDriver\User_SDIO.c: 1 warning, 0 errors
compiling FPU_Enable.c...
PeripheralDriver\FPU_Enable.c(15): warning:  #1-D: last line of file ends without a newline
  }
PeripheralDriver\FPU_Enable.c: 1 warning, 0 errors
compiling User_QSPI.c...
compiling Uart_DMA.c...
compiling list.c...
compiling croutine.c...
compiling queue.c...
compiling event_groups.c...
compiling tasks.c...
compiling timers.c...
compiling heap_4.c...
compiling OLED.c...
midware\OLED\OLED.c(182): warning:  #177-D: function "OLED_SendAdrRevData"  was declared but never referenced
  static uint8_t OLED_SendAdrRevData(uint8_t u8Adr, uint8_t *pRxData, uint32_t u32Size)
midware\OLED\OLED.c: 1 warning, 0 errors
compiling data_sound_441_i2s.c...
compiling data_sound_8k_i2s.c...
compiling port.c...
compiling cmsis_os.c...
compiling fattime.c...
compiling ff.c...
compiling wm8731.c...
compiling sdmmc_cmd.c...
compiling diskio.c...
compiling sd_card.c...
linking...
Program Size: Code=41268 RO-data=2864 RW-data=636 ZI-data=20708  
FromELF: creating hex file...
".\Objects\HC32F460Temp.axf" - 0 Error(s), 11 Warning(s).

<h2>Software Packages used:</h2>

Package Vendor: ARM
                http://www.keil.com/pack/ARM.CMSIS.5.6.0.pack
                ARM.CMSIS.5.6.0
                CMSIS (Cortex Microcontroller Software Interface Standard)
   * Component: CORE Version: 5.3.0

Package Vendor: HDSC
                https://raw.githubusercontent.com/hdscmcu/pack/master/HDSC.HC32F46x.1.0.0.pack
                HDSC.HC32F46x.1.0.0
                HC32F46x ARM Cortex-M4 Device Family Pack

<h2>Collection of Component include folders:</h2>
  .\RTE\_HC32F460
  C:\Users\User\AppData\Local\Arm\Packs\ARM\CMSIS\5.6.0\CMSIS\Core\Include
  C:\Users\User\AppData\Local\Arm\Packs\HDSC\HC32F46x\1.0.0\Device\Include

<h2>Collection of Component Files used:</h2>

   * Component: ARM::CMSIS:CORE:5.3.0
Build Time Elapsed:  00:06:14
</pre>
</body>
</html>
